******************************************************************************
                  MSP430 Linker PC v4.2.1                      
******************************************************************************
>> Linked Fri Nov 06 18:13:59 2015

OUTPUT FILE NAME:   <MotoCraneCentral.out>
ENTRY POINT SYMBOL: "_c_int00"  address: 0000cc1a


MEMORY CONFIGURATION

         name            origin    length      used     unused   attr    fill
----------------------  --------  ---------  --------  --------  ----  --------
  SFR                   00000000   00000010  00000000  00000010  RWIX
  PERIPHERALS_8BIT      00000010   000000f0  00000000  000000f0  RWIX
  PERIPHERALS_16BIT     00000100   00000100  00000000  00000100  RWIX
  RAM                   00000200   00000200  00000143  000000bd  RWIX
  INFOD                 00001000   00000040  00000000  00000040  RWIX
  INFOC                 00001040   00000040  00000000  00000040  RWIX
  INFOB                 00001080   00000040  00000000  00000040  RWIX
  INFOA                 000010c0   00000040  00000000  00000040  RWIX
  FLASH                 0000c000   00003fe0  00000db4  0000322c  RWIX
  INT00                 0000ffe0   00000002  00000000  00000002  RWIX
  INT01                 0000ffe2   00000002  00000000  00000002  RWIX
  INT02                 0000ffe4   00000002  00000002  00000000  RWIX
  INT03                 0000ffe6   00000002  00000002  00000000  RWIX
  INT04                 0000ffe8   00000002  00000000  00000002  RWIX
  INT05                 0000ffea   00000002  00000002  00000000  RWIX
  INT06                 0000ffec   00000002  00000002  00000000  RWIX
  INT07                 0000ffee   00000002  00000002  00000000  RWIX
  INT08                 0000fff0   00000002  00000002  00000000  RWIX
  INT09                 0000fff2   00000002  00000002  00000000  RWIX
  INT10                 0000fff4   00000002  00000002  00000000  RWIX
  INT11                 0000fff6   00000002  00000002  00000000  RWIX
  INT12                 0000fff8   00000002  00000002  00000000  RWIX
  INT13                 0000fffa   00000002  00000002  00000000  RWIX
  INT14                 0000fffc   00000002  00000002  00000000  RWIX
  RESET                 0000fffe   00000002  00000002  00000000  RWIX


SECTION ALLOCATION MAP

 output                                  attributes/
section   page    origin      length       input sections
--------  ----  ----------  ----------   ----------------
.init_array 
*          0    0000c000    00000000     UNINITIALIZED

.bss       0    00000200    000000bf     UNINITIALIZED
                  00000200    00000028     (.common:Em_App_cmd_u)
                  00000228    0000001e     (.common:ValueArray)
                  00000246    0000001c     (.common:Em_App_msg_u)
                  00000262    00000010     (.common:packetVal)
                  00000272    0000000c     (.common:RXSData)
                  0000027e    0000000c     (.common:statusVal)
                  0000028a    0000000a     (.common:TXSData)
                  00000294    0000000a     (.common:trackVal)
                  0000029e    00000006     (.common:handlerTab)
                  000002a4    00000004     (.common:TXSValue)
                  000002a8    00000002     (.common:Em_App_pdHdlr)
                  000002aa    00000002     (.common:TXSByte)
                  000002ac    00000002     (.common:ValueCheck)
                  000002ae    00000002     (.common:curTime)
                  000002b0    00000002     (.common:hasReceived)
                  000002b2    00000002     (.common:i)
                  000002b4    00000002     (.common:isReceiving)
                  000002b6    00000002     (.common:isTransmitting)
                  000002b8    00000002     (.common:j)
                  000002ba    00000001     (.common:BitCnt)
                  000002bb    00000001     (.common:Em_App_recvIdx)
                  000002bc    00000001     (.common:Em_App_recvSize)
                  000002bd    00000001     (.common:Em_App_xmitIdx)
                  000002be    00000001     (.common:Em_App_xmitSize)

.TI.noinit 
*          0    00000200    00000000     UNINITIALIZED

.data      0    000002c0    00000034     UNINITIALIZED
                  000002c0    0000002a     MotoCraneCentral.obj (.data)
                  000002ea    00000006     MotoCraneCentral.obj (.data)
                  000002f0    00000004     Hal.obj (.data)

.TI.persistent 
*          0    000002c0    00000000     UNINITIALIZED

.stack     0    000003b0    00000050     UNINITIALIZED
                  000003b0    00000002     rts430_eabi.lib : boot.obj (.stack)
                  000003b2    0000004e     --HOLE--

.text      0    0000c000    00000d68     
                  0000c000    0000024a     MotoCraneCentral.obj (.text:tickHandler)
                  0000c24a    00000118     MotoCraneCentral.obj (.text:Em_App_sysFetchDispatch)
                  0000c362    000000b8     Hal.obj (.text:Hal_init)
                  0000c41a    000000b8     MotoCraneCentral.obj (.text:commSoftUART)
                  0000c4d2    000000a2     MotoCraneCentral.obj (.text:Em_Message_dispatch)
                  0000c574    0000007a     MotoCraneCentral.obj (.text:Em_Message_nextXmit)
                  0000c5ee    00000076     Hal.obj (.text:rxIsr)
                  0000c664    00000072     Hal.obj (.text:txAckIsr)
                  0000c6d6    00000064     MotoCraneCentral.obj (.text:transmitSoftUART)
                  0000c73a    0000005e     rts430_eabi.lib : copy_decompress_rle.obj (.text:__TI_decompress_rle_core)
                  0000c798    0000005e                     : autoinit.obj (.text:_auto_init)
                  0000c7f6    0000005e     MotoCraneCentral.obj (.text:transmitSoftByte)
                  0000c854    0000004c     MotoCraneCentral.obj (.text:Em_App_xmitReady)
                  0000c8a0    0000004c     Hal.obj (.text:Hal_idleLoop)
                  0000c8ec    00000044     MotoCraneCentral.obj (.text:MotoCraneCentral_reset)
                  0000c930    00000040     MotoCraneCentral.obj (.text:Timer0_A0)
                  0000c970    00000036     Hal.obj (.text:Em_Hal_reset)
                  0000c9a6    00000030     MotoCraneCentral.obj (.text:Em_App_fetchDispatch)
                  0000c9d6    0000002e     MotoCraneCentral.obj (.text:MotoCraneCentral_track_fetch)
                  0000ca04    0000002c     rts430_eabi.lib : div16s.obj (.text)
                  0000ca30    0000002c                     : lsl16.obj (.text)
                  0000ca5c    0000002c     Hal.obj (.text:uartWatchdogIsr)
                  0000ca88    0000002a     MotoCraneCentral.obj (.text:MotoCraneCentral_status_fetch)
                  0000cab2    0000002a     Hal.obj (.text:buttonIsr)
                  0000cadc    0000002a     MotoCraneCentral.obj (.text:main)
                  0000cb06    00000028     MotoCraneCentral.obj (.text:MotoCraneCentral_packet_store)
                  0000cb2e    00000028     MotoCraneCentral.obj (.text:setupSoftUART)
                  0000cb56    00000028     Hal.obj (.text:timerIsr)
                  0000cb7e    00000024     MotoCraneCentral.obj (.text:Em_App_sendPacket)
                  0000cba2    00000020     Hal.obj (.text:Em_Hal_startSend)
                  0000cbc2    00000020     Hal.obj (.text:Hal_tickStart)
                  0000cbe2    0000001c     MotoCraneCentral.obj (.text:Em_App_sysStoreDispatch)
                  0000cbfe    0000001c     Hal.obj (.text:postEvent)
                  0000cc1a    0000001a     rts430_eabi.lib : boot.obj (.text:_c_int00_noexit)
                  0000cc34    00000018     MotoCraneCentral.obj (.text:Em_App_storeDispatch)
                  0000cc4c    00000016     Hal.obj (.text:Hal_delay)
                  0000cc62    00000016     rts430_eabi.lib : div16u.obj (.text)
                  0000cc78    00000014     MotoCraneCentral.obj (.text:Em_App_startSend)
                  0000cc8c    00000014     Hal.obj (.text:Em_Hal_watchOn)
                  0000cca0    00000014     rts430_eabi.lib : copy_zero_init.obj (.text:decompress:ZI:__TI_zero_init)
                  0000ccb4    00000014                     : mult16.obj (.text)
                  0000ccc8    00000012                     : copy_decompress_none.obj (.text:decompress:none:__TI_decompress_none)
                  0000ccda    00000012                     : memcpy.obj (.text:memcpy)
                  0000ccec    00000010                     : epilog.obj (.text)
                  0000ccfc    0000000e     MotoCraneCentral.obj (.text:Em_App_startCmdSend)
                  0000cd0a    0000000e     MotoCraneCentral.obj (.text:Em_App_startResSend)
                  0000cd18    0000000a     Hal.obj (.text:Em_Hal_lock)
                  0000cd22    0000000a     MotoCraneCentral.obj (.text:MotoCraneCentral_start)
                  0000cd2c    0000000a     MotoCraneCentral.obj (.text:setupFirgelli)
                  0000cd36    00000006     Hal.obj (.text:Em_Hal_unlock)
                  0000cd3c    00000006     Hal.obj (.text:Em_Hal_watchOff)
                  0000cd42    00000006     MotoCraneCentral.obj (.text:Em_Message_restart)
                  0000cd48    00000006     Hal.obj (.text:Hal_connected)
                  0000cd4e    00000006     Hal.obj (.text:Hal_disconnected)
                  0000cd54    00000006     rts430_eabi.lib : isr_trap.obj (.text:__TI_ISR_TRAP)
                  0000cd5a    00000006                     : copy_decompress_rle.obj (.text:decompress:rle24:__TI_decompress_rle24)
                  0000cd60    00000004                     : pre_init.obj (.text:_system_pre_init)
                  0000cd64    00000004                     : exit.obj (.text:abort)

.const     0    0000cd68    00000022     
                  0000cd68    00000013     MotoCraneCentral.obj (.const:.string:Em_App_hash)
                  0000cd7b    00000001     --HOLE-- [fill = 0]
                  0000cd7c    00000008     MotoCraneCentral.obj (.const:.string:Em_App_build)
                  0000cd84    00000004     MotoCraneCentral.obj (.const)
                  0000cd88    00000002     MotoCraneCentral.obj (.const)

.cinit     0    0000cd8a    0000002a     
                  0000cd8a    00000018     (.cinit..data.load) [load image, compression = rle]
                  0000cda2    00000006     (__TI_handler_table)
                  0000cda8    00000004     (.cinit..bss.load) [load image, compression = zero_init]
                  0000cdac    00000008     (__TI_cinit_table)

PORT1      0    0000ffe4    00000002     
                  0000ffe4    00000002     Hal.obj (.int02)

PORT2      0    0000ffe6    00000002     
                  0000ffe6    00000002     Hal.obj (.int03)

ADC10      0    0000ffea    00000002     
                  0000ffea    00000002     rts430_eabi.lib : int05.obj (.int05)

USCIAB0TX 
*          0    0000ffec    00000002     
                  0000ffec    00000002     rts430_eabi.lib : int06.obj (.int06)

USCIAB0RX 
*          0    0000ffee    00000002     
                  0000ffee    00000002     Hal.obj (.int07)

TIMER0_A1 
*          0    0000fff0    00000002     
                  0000fff0    00000002     rts430_eabi.lib : int08.obj (.int08)

TIMER0_A0 
*          0    0000fff2    00000002     
                  0000fff2    00000002     MotoCraneCentral.obj (.int09)

WDT        0    0000fff4    00000002     
                  0000fff4    00000002     rts430_eabi.lib : int10.obj (.int10)

COMPARATORA 
*          0    0000fff6    00000002     
                  0000fff6    00000002     rts430_eabi.lib : int11.obj (.int11)

TIMER1_A1 
*          0    0000fff8    00000002     
                  0000fff8    00000002     Hal.obj (.int12)

TIMER1_A0 
*          0    0000fffa    00000002     
                  0000fffa    00000002     Hal.obj (.int13)

NMI        0    0000fffc    00000002     
                  0000fffc    00000002     rts430_eabi.lib : int14.obj (.int14)

.reset     0    0000fffe    00000002     
                  0000fffe    00000002     rts430_eabi.lib : boot.obj (.reset)


LINKER GENERATED COPY TABLES

__TI_cinit_table @ 0000cdac records: 2, size/record: 4, table size: 8
	.data: load addr=0000cd8a, load size=00000018 bytes, run addr=000002c0, run size=00000034 bytes, compression=rle
	.bss: load addr=0000cda8, load size=00000004 bytes, run addr=00000200, run size=000000bf bytes, compression=zero_init


LINKER GENERATED HANDLER TABLE

__TI_handler_table @ 0000cda2 records: 3, size/record: 2, table size: 6
	index: 0, handler: __TI_zero_init
	index: 1, handler: __TI_decompress_rle24
	index: 2, handler: __TI_decompress_none


GLOBAL SYMBOLS: SORTED ALPHABETICALLY BY Name 

address    name
--------   ----
0000004a   ADC10AE0
000001b0   ADC10CTL0
000001b2   ADC10CTL1
00000048   ADC10DTC0
00000049   ADC10DTC1
000001b4   ADC10MEM
000001bc   ADC10SA
00000057   BCSCTL1
00000058   BCSCTL2
00000053   BCSCTL3
000002ba   BitCnt
0000cd64   C$$EXIT
00000059   CACTL1
0000005a   CACTL2
000010fb   CALBC1_12MHZ
000010f9   CALBC1_16MHZ
000010ff   CALBC1_1MHZ
000010fd   CALBC1_8MHZ
000010fa   CALDCO_12MHZ
000010f8   CALDCO_16MHZ
000010fe   CALDCO_1MHZ
000010fc   CALDCO_8MHZ
0000005b   CAPD
00000056   DCOCTL
000002dc   Em_App_beaconInfo
0000cd7c   Em_App_build
00000200   Em_App_cmd_u
000002e4   Em_App_curCb
000002e6   Em_App_curCmdDoneCb
000002e8   Em_App_curIndDisp
000002ca   Em_App_dataPtr
000002da   Em_App_devName
0000cd88   Em_App_endian
0000c9a6   Em_App_fetchDispatch
000002d0   Em_App_fetchState
000002c2   Em_App_fileIndex
0000cd68   Em_App_hash
000002cc   Em_App_inBuf
00000246   Em_App_msg_u
000002ce   Em_App_outBuf
000002a8   Em_App_pdHdlr
000002bb   Em_App_recvIdx
000002bc   Em_App_recvSize
0000cb7e   Em_App_sendPacket
0000ccfc   Em_App_startCmdSend
0000cd0a   Em_App_startResSend
0000cc78   Em_App_startSend
000002c0   Em_App_state
0000cc34   Em_App_storeDispatch
0000c24a   Em_App_sysFetchDispatch
0000cbe2   Em_App_sysStoreDispatch
000002bd   Em_App_xmitIdx
000002c6   Em_App_xmitMask
0000c854   Em_App_xmitReady
000002be   Em_App_xmitSize
0000cd18   Em_Hal_lock
0000c970   Em_Hal_reset
0000cba2   Em_Hal_startSend
0000cd36   Em_Hal_unlock
0000cd3c   Em_Hal_watchOff
0000cc8c   Em_Hal_watchOn
0000c4d2   Em_Message_dispatch
0000c574   Em_Message_nextXmit
0000cd42   Em_Message_restart
00000128   FCTL1
0000012a   FCTL2
0000012c   FCTL3
0000cd48   Hal_connected
0000cc4c   Hal_delay
0000cd4e   Hal_disconnected
0000c8a0   Hal_idleLoop
0000c362   Hal_init
0000cbc2   Hal_tickStart
00000000   IE1
00000001   IE2
00000002   IFG1
00000003   IFG2
0000cd48   MotoCraneCentral_connectHandler
0000cd4e   MotoCraneCentral_disconnectHandler
0000cb06   MotoCraneCentral_packet_store
0000c8ec   MotoCraneCentral_reset
0000cd22   MotoCraneCentral_start
0000ca88   MotoCraneCentral_status_fetch
0000c9d6   MotoCraneCentral_track_fetch
00000022   P1DIR
00000025   P1IE
00000024   P1IES
00000023   P1IFG
00000020   P1IN
00000021   P1OUT
00000027   P1REN
00000026   P1SEL
00000041   P1SEL2
0000002a   P2DIR
0000002d   P2IE
0000002c   P2IES
0000002b   P2IFG
00000028   P2IN
00000029   P2OUT
0000002f   P2REN
0000002e   P2SEL
00000042   P2SEL2
0000001a   P3DIR
00000018   P3IN
00000019   P3OUT
00000010   P3REN
0000001b   P3SEL
00000043   P3SEL2
00000272   RXSData
00000172   TA0CCR0
00000174   TA0CCR1
00000176   TA0CCR2
00000162   TA0CCTL0
00000164   TA0CCTL1
00000166   TA0CCTL2
00000160   TA0CTL
0000012e   TA0IV
00000170   TA0R
00000192   TA1CCR0
00000194   TA1CCR1
00000196   TA1CCR2
00000182   TA1CCTL0
00000184   TA1CCTL1
00000186   TA1CCTL2
00000180   TA1CTL
0000011e   TA1IV
00000190   TA1R
000002aa   TXSByte
0000028a   TXSData
000002a4   TXSValue
0000c930   Timer0_A0
0000005d   UCA0ABCTL
00000062   UCA0BR0
00000063   UCA0BR1
00000060   UCA0CTL0
00000061   UCA0CTL1
0000005f   UCA0IRRCTL
0000005e   UCA0IRTCTL
00000064   UCA0MCTL
00000066   UCA0RXBUF
00000065   UCA0STAT
00000067   UCA0TXBUF
0000006a   UCB0BR0
0000006b   UCB0BR1
00000068   UCB0CTL0
00000069   UCB0CTL1
0000006c   UCB0I2CIE
00000118   UCB0I2COA
0000011a   UCB0I2CSA
0000006e   UCB0RXBUF
0000006d   UCB0STAT
0000006f   UCB0TXBUF
00000228   ValueArray
000002ac   ValueCheck
00000120   WDTCTL
000002d2   _Em_Message_rxBuf
000002d4   _Em_Message_rxCnt
000002d6   _Em_Message_txBuf
000002d8   _Em_Message_txCnt
00000400   __STACK_END
00000050   __STACK_SIZE
0000cdac   __TI_CINIT_Base
0000cdb4   __TI_CINIT_Limit
0000cda2   __TI_Handler_Table_Base
0000cda8   __TI_Handler_Table_Limit
UNDEFED    __TI_INITARRAY_Base
UNDEFED    __TI_INITARRAY_Limit
0000cd54   __TI_ISR_TRAP
00000001   __TI_args_main
0000ccc8   __TI_decompress_none
0000cd5a   __TI_decompress_rle24
00000001   __TI_exit
0000ffe4   __TI_int02
0000ffe6   __TI_int03
0000ffea   __TI_int05
0000ffec   __TI_int06
0000ffee   __TI_int07
0000fff0   __TI_int08
0000fff2   __TI_int09
0000fff4   __TI_int10
0000fff6   __TI_int11
0000fff8   __TI_int12
0000fffa   __TI_int13
0000fffc   __TI_int14
0000cca0   __TI_zero_init
ffffffff   __binit__
ffffffff   __c_args__
0000ca04   __mspabi_divi
0000cc62   __mspabi_divu
0000ccf8   __mspabi_func_epilog_1
0000ccf6   __mspabi_func_epilog_2
0000ccf4   __mspabi_func_epilog_3
0000ccf2   __mspabi_func_epilog_4
0000ccf0   __mspabi_func_epilog_5
0000ccee   __mspabi_func_epilog_6
0000ccec   __mspabi_func_epilog_7
0000ccb4   __mspabi_mpyi
0000ca04   __mspabi_remi
0000cc62   __mspabi_remu
0000ca30   __mspabi_slli
0000ca58   __mspabi_slli_1
0000ca46   __mspabi_slli_10
0000ca44   __mspabi_slli_11
0000ca42   __mspabi_slli_12
0000ca40   __mspabi_slli_13
0000ca3e   __mspabi_slli_14
0000ca3c   __mspabi_slli_15
0000ca56   __mspabi_slli_2
0000ca54   __mspabi_slli_3
0000ca52   __mspabi_slli_4
0000ca50   __mspabi_slli_5
0000ca4e   __mspabi_slli_6
0000ca4c   __mspabi_slli_7
0000ca4a   __mspabi_slli_8
0000ca48   __mspabi_slli_9
0000c798   _auto_init
0000cc1a   _c_int00
0000cc1a   _c_int00_noexit
0000fffe   _reset_vector
000003b0   _stack
0000cd60   _system_pre_init
0000cd64   abort
ffffffff   binit
0000cab2   buttonIsr
000002ae   curTime
0000cd86   delayTime
000002b0   hasReceived
000002b2   i
000002b4   isReceiving
000002b6   isTransmitting
000002b8   j
0000cadc   main
0000ccda   memcpy
0000c5ee   rxIsr
0000cd84   stepTime
0000cb56   timerIsr
0000c664   txAckIsr
0000ca5c   uartWatchdogIsr


GLOBAL SYMBOLS: SORTED BY Symbol Address 

address    name
--------   ----
00000000   IE1
00000001   IE2
00000001   __TI_args_main
00000001   __TI_exit
00000002   IFG1
00000003   IFG2
00000010   P3REN
00000018   P3IN
00000019   P3OUT
0000001a   P3DIR
0000001b   P3SEL
00000020   P1IN
00000021   P1OUT
00000022   P1DIR
00000023   P1IFG
00000024   P1IES
00000025   P1IE
00000026   P1SEL
00000027   P1REN
00000028   P2IN
00000029   P2OUT
0000002a   P2DIR
0000002b   P2IFG
0000002c   P2IES
0000002d   P2IE
0000002e   P2SEL
0000002f   P2REN
00000041   P1SEL2
00000042   P2SEL2
00000043   P3SEL2
00000048   ADC10DTC0
00000049   ADC10DTC1
0000004a   ADC10AE0
00000050   __STACK_SIZE
00000053   BCSCTL3
00000056   DCOCTL
00000057   BCSCTL1
00000058   BCSCTL2
00000059   CACTL1
0000005a   CACTL2
0000005b   CAPD
0000005d   UCA0ABCTL
0000005e   UCA0IRTCTL
0000005f   UCA0IRRCTL
00000060   UCA0CTL0
00000061   UCA0CTL1
00000062   UCA0BR0
00000063   UCA0BR1
00000064   UCA0MCTL
00000065   UCA0STAT
00000066   UCA0RXBUF
00000067   UCA0TXBUF
00000068   UCB0CTL0
00000069   UCB0CTL1
0000006a   UCB0BR0
0000006b   UCB0BR1
0000006c   UCB0I2CIE
0000006d   UCB0STAT
0000006e   UCB0RXBUF
0000006f   UCB0TXBUF
00000118   UCB0I2COA
0000011a   UCB0I2CSA
0000011e   TA1IV
00000120   WDTCTL
00000128   FCTL1
0000012a   FCTL2
0000012c   FCTL3
0000012e   TA0IV
00000160   TA0CTL
00000162   TA0CCTL0
00000164   TA0CCTL1
00000166   TA0CCTL2
00000170   TA0R
00000172   TA0CCR0
00000174   TA0CCR1
00000176   TA0CCR2
00000180   TA1CTL
00000182   TA1CCTL0
00000184   TA1CCTL1
00000186   TA1CCTL2
00000190   TA1R
00000192   TA1CCR0
00000194   TA1CCR1
00000196   TA1CCR2
000001b0   ADC10CTL0
000001b2   ADC10CTL1
000001b4   ADC10MEM
000001bc   ADC10SA
00000200   Em_App_cmd_u
00000228   ValueArray
00000246   Em_App_msg_u
00000272   RXSData
0000028a   TXSData
000002a4   TXSValue
000002a8   Em_App_pdHdlr
000002aa   TXSByte
000002ac   ValueCheck
000002ae   curTime
000002b0   hasReceived
000002b2   i
000002b4   isReceiving
000002b6   isTransmitting
000002b8   j
000002ba   BitCnt
000002bb   Em_App_recvIdx
000002bc   Em_App_recvSize
000002bd   Em_App_xmitIdx
000002be   Em_App_xmitSize
000002c0   Em_App_state
000002c2   Em_App_fileIndex
000002c6   Em_App_xmitMask
000002ca   Em_App_dataPtr
000002cc   Em_App_inBuf
000002ce   Em_App_outBuf
000002d0   Em_App_fetchState
000002d2   _Em_Message_rxBuf
000002d4   _Em_Message_rxCnt
000002d6   _Em_Message_txBuf
000002d8   _Em_Message_txCnt
000002da   Em_App_devName
000002dc   Em_App_beaconInfo
000002e4   Em_App_curCb
000002e6   Em_App_curCmdDoneCb
000002e8   Em_App_curIndDisp
000003b0   _stack
00000400   __STACK_END
000010f8   CALDCO_16MHZ
000010f9   CALBC1_16MHZ
000010fa   CALDCO_12MHZ
000010fb   CALBC1_12MHZ
000010fc   CALDCO_8MHZ
000010fd   CALBC1_8MHZ
000010fe   CALDCO_1MHZ
000010ff   CALBC1_1MHZ
0000c24a   Em_App_sysFetchDispatch
0000c362   Hal_init
0000c4d2   Em_Message_dispatch
0000c574   Em_Message_nextXmit
0000c5ee   rxIsr
0000c664   txAckIsr
0000c798   _auto_init
0000c854   Em_App_xmitReady
0000c8a0   Hal_idleLoop
0000c8ec   MotoCraneCentral_reset
0000c930   Timer0_A0
0000c970   Em_Hal_reset
0000c9a6   Em_App_fetchDispatch
0000c9d6   MotoCraneCentral_track_fetch
0000ca04   __mspabi_divi
0000ca04   __mspabi_remi
0000ca30   __mspabi_slli
0000ca3c   __mspabi_slli_15
0000ca3e   __mspabi_slli_14
0000ca40   __mspabi_slli_13
0000ca42   __mspabi_slli_12
0000ca44   __mspabi_slli_11
0000ca46   __mspabi_slli_10
0000ca48   __mspabi_slli_9
0000ca4a   __mspabi_slli_8
0000ca4c   __mspabi_slli_7
0000ca4e   __mspabi_slli_6
0000ca50   __mspabi_slli_5
0000ca52   __mspabi_slli_4
0000ca54   __mspabi_slli_3
0000ca56   __mspabi_slli_2
0000ca58   __mspabi_slli_1
0000ca5c   uartWatchdogIsr
0000ca88   MotoCraneCentral_status_fetch
0000cab2   buttonIsr
0000cadc   main
0000cb06   MotoCraneCentral_packet_store
0000cb56   timerIsr
0000cb7e   Em_App_sendPacket
0000cba2   Em_Hal_startSend
0000cbc2   Hal_tickStart
0000cbe2   Em_App_sysStoreDispatch
0000cc1a   _c_int00
0000cc1a   _c_int00_noexit
0000cc34   Em_App_storeDispatch
0000cc4c   Hal_delay
0000cc62   __mspabi_divu
0000cc62   __mspabi_remu
0000cc78   Em_App_startSend
0000cc8c   Em_Hal_watchOn
0000cca0   __TI_zero_init
0000ccb4   __mspabi_mpyi
0000ccc8   __TI_decompress_none
0000ccda   memcpy
0000ccec   __mspabi_func_epilog_7
0000ccee   __mspabi_func_epilog_6
0000ccf0   __mspabi_func_epilog_5
0000ccf2   __mspabi_func_epilog_4
0000ccf4   __mspabi_func_epilog_3
0000ccf6   __mspabi_func_epilog_2
0000ccf8   __mspabi_func_epilog_1
0000ccfc   Em_App_startCmdSend
0000cd0a   Em_App_startResSend
0000cd18   Em_Hal_lock
0000cd22   MotoCraneCentral_start
0000cd36   Em_Hal_unlock
0000cd3c   Em_Hal_watchOff
0000cd42   Em_Message_restart
0000cd48   Hal_connected
0000cd48   MotoCraneCentral_connectHandler
0000cd4e   Hal_disconnected
0000cd4e   MotoCraneCentral_disconnectHandler
0000cd54   __TI_ISR_TRAP
0000cd5a   __TI_decompress_rle24
0000cd60   _system_pre_init
0000cd64   C$$EXIT
0000cd64   abort
0000cd68   Em_App_hash
0000cd7c   Em_App_build
0000cd84   stepTime
0000cd86   delayTime
0000cd88   Em_App_endian
0000cda2   __TI_Handler_Table_Base
0000cda8   __TI_Handler_Table_Limit
0000cdac   __TI_CINIT_Base
0000cdb4   __TI_CINIT_Limit
0000ffe4   __TI_int02
0000ffe6   __TI_int03
0000ffea   __TI_int05
0000ffec   __TI_int06
0000ffee   __TI_int07
0000fff0   __TI_int08
0000fff2   __TI_int09
0000fff4   __TI_int10
0000fff6   __TI_int11
0000fff8   __TI_int12
0000fffa   __TI_int13
0000fffc   __TI_int14
0000fffe   _reset_vector
ffffffff   __binit__
ffffffff   __c_args__
ffffffff   binit
UNDEFED    __TI_INITARRAY_Base
UNDEFED    __TI_INITARRAY_Limit

[238 symbols]
