******************************************************************************
                  MSP430 Linker PC v15.12.1                    
******************************************************************************
>> Linked Sat Aug 13 11:47:43 2016

OUTPUT FILE NAME:   <MotoCraneSwingControl.out>
ENTRY POINT SYMBOL: "_c_int00_noargs_noexit"  address: 0000ca40


MEMORY CONFIGURATION

         name            origin    length      used     unused   attr    fill
----------------------  --------  ---------  --------  --------  ----  --------
  SFR                   00000000   00000010  00000000  00000010  RWIX
  PERIPHERALS_8BIT      00000010   000000f0  00000000  000000f0  RWIX
  PERIPHERALS_16BIT     00000100   00000100  00000000  00000100  RWIX
  RAM                   00000200   00000200  000000a9  00000157  RWIX
  INFOD                 00001000   00000040  00000000  00000040  RWIX
  INFOC                 00001040   00000040  00000000  00000040  RWIX
  INFOB                 00001080   00000040  00000000  00000040  RWIX
  INFOA                 000010c0   00000040  00000000  00000040  RWIX
  FLASH                 0000c000   00003fe0  00000b40  000034a0  RWIX
  INT00                 0000ffe0   00000002  00000000  00000002  RWIX
  INT01                 0000ffe2   00000002  00000000  00000002  RWIX
  INT02                 0000ffe4   00000002  00000002  00000000  RWIX
  INT03                 0000ffe6   00000002  00000002  00000000  RWIX
  INT04                 0000ffe8   00000002  00000000  00000002  RWIX
  INT05                 0000ffea   00000002  00000002  00000000  RWIX
  INT06                 0000ffec   00000002  00000002  00000000  RWIX
  INT07                 0000ffee   00000002  00000002  00000000  RWIX
  INT08                 0000fff0   00000002  00000002  00000000  RWIX
  INT09                 0000fff2   00000002  00000002  00000000  RWIX
  INT10                 0000fff4   00000002  00000002  00000000  RWIX
  INT11                 0000fff6   00000002  00000002  00000000  RWIX
  INT12                 0000fff8   00000002  00000002  00000000  RWIX
  INT13                 0000fffa   00000002  00000002  00000000  RWIX
  INT14                 0000fffc   00000002  00000002  00000000  RWIX
  RESET                 0000fffe   00000002  00000002  00000000  RWIX


SECTION ALLOCATION MAP

 output                                  attributes/
section   page    origin      length       input sections
--------  ----  ----------  ----------   ----------------
.bss       0    00000200    00000055     UNINITIALIZED
                  00000200    0000000c     (.common:TXSData)
                  0000020c    0000000a     (.common:TXData)
                  00000216    00000008     (.common:RXSData)
                  0000021e    00000006     (.common:TXValue)
                  00000224    00000004     (.common:rotNumber)
                  00000228    00000002     (.common:RXAccel)
                  0000022a    00000002     (.common:RXAddress)
                  0000022c    00000002     (.common:RXAddressCheck)
                  0000022e    00000002     (.common:RXSByte)
                  00000230    00000002     (.common:RXSCounter)
                  00000232    00000002     (.common:RXSNum)
                  00000234    00000002     (.common:RXSpeed)
                  00000236    00000002     (.common:RXValue)
                  00000238    00000002     (.common:TXSByte)
                  0000023a    00000002     (.common:TXSCounter)
                  0000023c    00000002     (.common:adjustedSpeedVal)
                  0000023e    00000002     (.common:currentOutgoSpeed)
                  00000240    00000002     (.common:i)
                  00000242    00000002     (.common:j)
                  00000244    00000002     (.common:maxAccel)
                  00000246    00000002     (.common:outgoSpeedVal)
                  00000248    00000002     (.common:trueOutgoSpeed)
                  0000024a    00000001     (.common:RBitCnt)
                  0000024b    00000001     (.common:RXNum)
                  0000024c    00000001     (.common:RXbyteCtr)
                  0000024d    00000001     (.common:TBitCnt)
                  0000024e    00000001     (.common:TXbyteCtr)
                  0000024f    00000001     (.common:hasReceived)
                  00000250    00000001     (.common:isReceiving)
                  00000251    00000001     (.common:isTransmitting)
                  00000252    00000001     (.common:motorCmdReady)
                  00000253    00000001     (.common:startReceiving)
                  00000254    00000001     (.common:transmitUARTflag)

.data      0    00000256    00000004     UNINITIALIZED
                  00000256    00000004     MotoCraneController.obj (.data)

.stack     0    000003b0    00000050     UNINITIALIZED
                  000003b0    00000002     rts430_eabi.lib : boot.obj (.stack)
                  000003b2    0000004e     --HOLE--

.text      0    0000c000    00000b16     
                  0000c000    00000154     MotoCraneController.obj (.text:main)
                  0000c154    000000ca     MotoCraneController.obj (.text:Timer0_A0)
                  0000c21e    000000c6     MotoCraneController.obj (.text:Timer1_A0)
                  0000c2e4    0000009c     MotoCraneController.obj (.text:initializeMotor)
                  0000c380    0000008a     MotoCraneController.obj (.text:setMotorLimits)
                  0000c40a    0000007c     MotoCraneController.obj (.text:USCIAB0RX_ISR)
                  0000c486    0000006e     rts430_eabi.lib : autoinit.obj (.text:_auto_init)
                  0000c4f4    00000066     MotoCraneController.obj (.text:PORT1_ISR)
                  0000c55a    00000064     rts430_eabi.lib : copy_decompress_rle.obj (.text:__TI_decompress_rle_core)
                  0000c5be    0000005e     MotoCraneController.obj (.text:transmitCommUART)
                  0000c61c    0000005a     rts430_eabi.lib : cpy_tbl.obj (.text:copy_in)
                  0000c676    0000005a     MotoCraneController.obj (.text:transmitSoftByte)
                  0000c6d0    00000058     rts430_eabi.lib : div32u.obj (.text)
                  0000c728    0000004c                     : lsr16.obj (.text)
                  0000c774    0000004a     MotoCraneController.obj (.text:setMotorSpeed)
                  0000c7be    00000044     MotoCraneController.obj (.text:readSpeed)
                  0000c802    00000040     rts430_eabi.lib : div32s.obj (.text)
                  0000c842    0000003e                     : asr32.obj (.text:l_asr_const)
                  0000c880    0000003a     MotoCraneController.obj (.text:Port_2)
                  0000c8ba    0000003a     MotoCraneController.obj (.text:correctForDeadzone)
                  0000c8f4    00000038     MotoCraneController.obj (.text:readVoltage)
                  0000c92c    0000002c     rts430_eabi.lib : asr16.obj (.text)
                  0000c958    0000002c                     : div16s.obj (.text)
                  0000c984    0000002a     MotoCraneController.obj (.text:USCIAB0TX_ISR)
                  0000c9ae    0000002a     MotoCraneController.obj (.text:transmitSoftUART)
                  0000c9d8    00000026     rts430_eabi.lib : mult32.obj (.text)
                  0000c9fe    00000024     MotoCraneController.obj (.text:enableMotor)
                  0000ca22    0000001e     MotoCraneController.obj (.text:mapToDriverSpeed)
                  0000ca40    0000001a     rts430_eabi.lib : boot_special.obj (.text:_c_int00_noargs_noexit)
                  0000ca5a    00000016     MotoCraneController.obj (.text:delayMilliseconds)
                  0000ca70    00000016     rts430_eabi.lib : div16u.obj (.text)
                  0000ca86    00000014                     : mult16.obj (.text)
                  0000ca9a    00000014     MotoCraneController.obj (.text:scaleSpeedByVoltage)
                  0000caae    00000012     rts430_eabi.lib : copy_decompress_none.obj (.text:decompress:none:__TI_decompress_none)
                  0000cac0    00000012                     : memcpy.obj (.text:memcpy)
                  0000cad2    00000010                     : epilog.obj (.text)
                  0000cae2    0000000e     MotoCraneController.obj (.text:setAccel)
                  0000caf0    00000008     rts430_eabi.lib : isr_trap.obj (.text:_isr:__TI_ISR_TRAP)
                  0000caf8    00000006                     : exit.obj (.text:abort)
                  0000cafe    00000006                     : copy_decompress_rle.obj (.text:decompress:rle24:__TI_decompress_rle24)
                  0000cb04    00000006     MotoCraneController.obj (.text:disengageBrake)
                  0000cb0a    00000006     MotoCraneController.obj (.text:engageBrake)
                  0000cb10    00000004     rts430_eabi.lib : pre_init.obj (.text:_system_pre_init)
                  0000cb14    00000002                     : startup.obj (.text:_system_post_cinit)

.const     0    0000cb16    0000000c     
                  0000cb16    0000000c     MotoCraneController.obj (.const)

.cinit     0    0000cb22    0000001e     
                  0000cb22    00000009     (.cinit..bss.load) [load image, compression = rle]
                  0000cb2b    00000001     --HOLE-- [fill = 0]
                  0000cb2c    00000008     (.cinit..data.load) [load image]
                  0000cb34    00000004     (__TI_handler_table)
                  0000cb38    00000008     (__TI_cinit_table)

.init_array 
*          0    0000c000    00000000     UNINITIALIZED

PORT1      0    0000ffe4    00000002     
                  0000ffe4    00000002     MotoCraneController.obj (.int02)

PORT2      0    0000ffe6    00000002     
                  0000ffe6    00000002     MotoCraneController.obj (.int03)

ADC10      0    0000ffea    00000002     
                  0000ffea    00000002     rts430_eabi.lib : int05.obj (.int05)

USCIAB0TX 
*          0    0000ffec    00000002     
                  0000ffec    00000002     MotoCraneController.obj (.int06)

USCIAB0RX 
*          0    0000ffee    00000002     
                  0000ffee    00000002     MotoCraneController.obj (.int07)

TIMER0_A1 
*          0    0000fff0    00000002     
                  0000fff0    00000002     rts430_eabi.lib : int08.obj (.int08)

TIMER0_A0 
*          0    0000fff2    00000002     
                  0000fff2    00000002     MotoCraneController.obj (.int09)

WDT        0    0000fff4    00000002     
                  0000fff4    00000002     rts430_eabi.lib : int10.obj (.int10)

COMPARATORA 
*          0    0000fff6    00000002     
                  0000fff6    00000002     rts430_eabi.lib : int11.obj (.int11)

TIMER1_A1 
*          0    0000fff8    00000002     
                  0000fff8    00000002     rts430_eabi.lib : int12.obj (.int12)

TIMER1_A0 
*          0    0000fffa    00000002     
                  0000fffa    00000002     MotoCraneController.obj (.int13)

NMI        0    0000fffc    00000002     
                  0000fffc    00000002     rts430_eabi.lib : int14.obj (.int14)

.reset     0    0000fffe    00000002     
                  0000fffe    00000002     rts430_eabi.lib : boot.obj (.reset)

MODULE SUMMARY

       Module                     code   ro data   rw data
       ------                     ----   -------   -------
    .\
       MotoCraneController.obj    1976   24        89     
    +--+--------------------------+------+---------+---------+
       Total:                     1976   24        89     
                                                          
    C:\ti\ccsv6\tools\compiler\ti-cgt-msp430_15.12.1.LTS\lib\rts430_eabi.lib
       autoinit.obj               110    0         0      
       copy_decompress_rle.obj    106    0         0      
       cpy_tbl.obj                90     0         0      
       div32u.obj                 88     0         0      
       lsr16.obj                  76     0         0      
       div32s.obj                 64     0         0      
       asr32.obj                  62     0         0      
       asr16.obj                  44     0         0      
       div16s.obj                 44     0         0      
       mult32.obj                 38     0         0      
       boot_special.obj           26     0         0      
       div16u.obj                 22     0         0      
       mult16.obj                 20     0         0      
       copy_decompress_none.obj   18     0         0      
       memcpy.obj                 18     0         0      
       epilog.obj                 16     0         0      
       isr_trap.obj               8      0         0      
       exit.obj                   6      0         0      
       pre_init.obj               4      0         0      
       boot.obj                   0      2         0      
       int05.obj                  0      2         0      
       int08.obj                  0      2         0      
       int10.obj                  0      2         0      
       int11.obj                  0      2         0      
       int12.obj                  0      2         0      
       int14.obj                  0      2         0      
       startup.obj                2      0         0      
    +--+--------------------------+------+---------+---------+
       Total:                     862    14        0      
                                                          
       Stack:                     0      0         80     
       Linker Generated:          0      29        0      
    +--+--------------------------+------+---------+---------+
       Grand Total:               2838   67        169    


LINKER GENERATED COPY TABLES

__TI_cinit_table @ 0000cb38 records: 2, size/record: 4, table size: 8
	.bss: load addr=0000cb22, load size=00000009 bytes, run addr=00000200, run size=00000055 bytes, compression=rle
	.data: load addr=0000cb2c, load size=00000008 bytes, run addr=00000256, run size=00000004 bytes, compression=copy


LINKER GENERATED HANDLER TABLE

__TI_handler_table @ 0000cb34 records: 2, size/record: 2, table size: 4
	index: 0, handler: __TI_decompress_rle24
	index: 1, handler: __TI_decompress_none


GLOBAL SYMBOLS: SORTED ALPHABETICALLY BY Name 

address   name                    
-------   ----                    
0000004a  ADC10AE0                
000001b0  ADC10CTL0               
000001b2  ADC10CTL1               
00000048  ADC10DTC0               
00000049  ADC10DTC1               
000001b4  ADC10MEM                
000001bc  ADC10SA                 
00000057  BCSCTL1                 
00000058  BCSCTL2                 
00000053  BCSCTL3                 
0000caf8  C$$EXIT                 
00000059  CACTL1                  
0000005a  CACTL2                  
000010fb  CALBC1_12MHZ            
000010f9  CALBC1_16MHZ            
000010ff  CALBC1_1MHZ             
000010fd  CALBC1_8MHZ             
000010fa  CALDCO_12MHZ            
000010f8  CALDCO_16MHZ            
000010fe  CALDCO_1MHZ             
000010fc  CALDCO_8MHZ             
0000005b  CAPD                    
0000cb1e  CENTRAL_ADDRESS         
00000056  DCOCTL                  
00000128  FCTL1                   
0000012a  FCTL2                   
0000012c  FCTL3                   
0000cb18  HARDMAXACCEL            
00000000  IE1                     
00000001  IE2                     
00000002  IFG1                    
00000003  IFG2                    
0000cb1a  MAXACCELINIT            
0000cb16  MOTORVOLT               
00000022  P1DIR                   
00000025  P1IE                    
00000024  P1IES                   
00000023  P1IFG                   
00000020  P1IN                    
00000021  P1OUT                   
00000027  P1REN                   
00000026  P1SEL                   
00000041  P1SEL2                  
0000002a  P2DIR                   
0000002d  P2IE                    
0000002c  P2IES                   
0000002b  P2IFG                   
00000028  P2IN                    
00000029  P2OUT                   
0000002f  P2REN                   
0000002e  P2SEL                   
00000042  P2SEL2                  
0000001a  P3DIR                   
00000018  P3IN                    
00000019  P3OUT                   
00000010  P3REN                   
0000001b  P3SEL                   
00000043  P3SEL2                  
0000c4f4  PORT1_ISR               
00000258  PTXData                 
0000c880  Port_2                  
0000024a  RBitCnt                 
0000cb20  RSTDELAY                
00000228  RXAccel                 
0000022a  RXAddress               
0000022c  RXAddressCheck          
0000024b  RXNum                   
0000022e  RXSByte                 
00000230  RXSCounter              
00000216  RXSData                 
00000232  RXSNum                  
00000234  RXSpeed                 
00000236  RXValue                 
0000024c  RXbyteCtr               
0000cb1c  SLAVEADDRESS            
00000172  TA0CCR0                 
00000174  TA0CCR1                 
00000176  TA0CCR2                 
00000162  TA0CCTL0                
00000164  TA0CCTL1                
00000166  TA0CCTL2                
00000160  TA0CTL                  
0000012e  TA0IV                   
00000170  TA0R                    
00000192  TA1CCR0                 
00000194  TA1CCR1                 
00000196  TA1CCR2                 
00000182  TA1CCTL0                
00000184  TA1CCTL1                
00000186  TA1CCTL2                
00000180  TA1CTL                  
0000011e  TA1IV                   
00000190  TA1R                    
0000024d  TBitCnt                 
000010db  TLV_ADC10_1_LEN         
000010da  TLV_ADC10_1_TAG         
000010c0  TLV_CHECKSUM            
000010f7  TLV_DCO_30_LEN          
000010f6  TLV_DCO_30_TAG          
0000020c  TXData                  
00000238  TXSByte                 
0000023a  TXSCounter              
00000200  TXSData                 
0000021e  TXValue                 
0000024e  TXbyteCtr               
0000c154  Timer0_A0               
0000c21e  Timer1_A0               
0000005d  UCA0ABCTL               
00000062  UCA0BR0                 
00000063  UCA0BR1                 
00000060  UCA0CTL0                
00000061  UCA0CTL1                
0000005f  UCA0IRRCTL              
0000005e  UCA0IRTCTL              
00000064  UCA0MCTL                
00000066  UCA0RXBUF               
00000065  UCA0STAT                
00000067  UCA0TXBUF               
0000006a  UCB0BR0                 
0000006b  UCB0BR1                 
00000068  UCB0CTL0                
00000069  UCB0CTL1                
0000006c  UCB0I2CIE               
00000118  UCB0I2COA               
0000011a  UCB0I2CSA               
0000006e  UCB0RXBUF               
0000006d  UCB0STAT                
0000006f  UCB0TXBUF               
0000c40a  USCIAB0RX_ISR           
0000c984  USCIAB0TX_ISR           
00000120  WDTCTL                  
00000400  __STACK_END             
00000050  __STACK_SIZE            
UNDEFED   __TI_BINIT_Base         
UNDEFED   __TI_BINIT_Limit        
0000cb38  __TI_CINIT_Base         
0000cb40  __TI_CINIT_Limit        
0000cb34  __TI_Handler_Table_Base 
0000cb38  __TI_Handler_Table_Limit
UNDEFED   __TI_INITARRAY_Base     
UNDEFED   __TI_INITARRAY_Limit    
0000caf0  __TI_ISR_TRAP           
0000caae  __TI_decompress_none    
0000cafe  __TI_decompress_rle24   
0000ffe4  __TI_int02              
0000ffe6  __TI_int03              
0000ffea  __TI_int05              
0000ffec  __TI_int06              
0000ffee  __TI_int07              
0000fff0  __TI_int08              
0000fff2  __TI_int09              
0000fff4  __TI_int10              
0000fff6  __TI_int11              
0000fff8  __TI_int12              
0000fffa  __TI_int13              
0000fffc  __TI_int14              
ffffffff  __TI_pprof_out_hndl     
ffffffff  __TI_prof_data_size     
ffffffff  __TI_prof_data_start    
ffffffff  __c_args__              
0000c958  __mspabi_divi           
0000c802  __mspabi_divli          
0000ca70  __mspabi_divu           
0000c6d0  __mspabi_divul          
0000cade  __mspabi_func_epilog_1  
0000cadc  __mspabi_func_epilog_2  
0000cada  __mspabi_func_epilog_3  
0000cad8  __mspabi_func_epilog_4  
0000cad6  __mspabi_func_epilog_5  
0000cad4  __mspabi_func_epilog_6  
0000cad2  __mspabi_func_epilog_7  
0000ca86  __mspabi_mpyi           
0000ca86  __mspabi_mpyi_sw        
0000c9d8  __mspabi_mpyl           
0000c9d8  __mspabi_mpyl_sw        
0000c958  __mspabi_remi           
0000c802  __mspabi_remli          
0000ca70  __mspabi_remu           
0000c6d0  __mspabi_remul          
0000c92c  __mspabi_srai           
0000c954  __mspabi_srai_1         
0000c942  __mspabi_srai_10        
0000c940  __mspabi_srai_11        
0000c93e  __mspabi_srai_12        
0000c93c  __mspabi_srai_13        
0000c93a  __mspabi_srai_14        
0000c938  __mspabi_srai_15        
0000c952  __mspabi_srai_2         
0000c950  __mspabi_srai_3         
0000c94e  __mspabi_srai_4         
0000c94c  __mspabi_srai_5         
0000c94a  __mspabi_srai_6         
0000c948  __mspabi_srai_7         
0000c946  __mspabi_srai_8         
0000c944  __mspabi_srai_9         
0000c87a  __mspabi_sral_1         
0000c856  __mspabi_sral_10        
0000c852  __mspabi_sral_11        
0000c84e  __mspabi_sral_12        
0000c84a  __mspabi_sral_13        
0000c846  __mspabi_sral_14        
0000c842  __mspabi_sral_15        
0000c876  __mspabi_sral_2         
0000c872  __mspabi_sral_3         
0000c86e  __mspabi_sral_4         
0000c86a  __mspabi_sral_5         
0000c866  __mspabi_sral_6         
0000c862  __mspabi_sral_7         
0000c85e  __mspabi_sral_8         
0000c85a  __mspabi_sral_9         
0000c728  __mspabi_srli           
0000c76e  __mspabi_srli_1         
0000c74a  __mspabi_srli_10        
0000c746  __mspabi_srli_11        
0000c742  __mspabi_srli_12        
0000c73e  __mspabi_srli_13        
0000c73a  __mspabi_srli_14        
0000c736  __mspabi_srli_15        
0000c76a  __mspabi_srli_2         
0000c766  __mspabi_srli_3         
0000c762  __mspabi_srli_4         
0000c75e  __mspabi_srli_5         
0000c75a  __mspabi_srli_6         
0000c756  __mspabi_srli_7         
0000c752  __mspabi_srli_8         
0000c74e  __mspabi_srli_9         
0000c486  _auto_init              
0000ca40  _c_int00_noargs_noexit  
0000fffe  _reset_vector           
000003b0  _stack                  
0000cb14  _system_post_cinit      
0000cb10  _system_pre_init        
0000caf8  abort                   
0000023c  adjustedSpeedVal        
0000c61c  copy_in                 
0000c8ba  correctForDeadzone      
0000023e  currentOutgoSpeed       
0000ca5a  delayMilliseconds       
0000cb04  disengageBrake          
0000c9fe  enableMotor             
0000cb0a  engageBrake             
0000024f  hasReceived             
00000240  i                       
0000c2e4  initializeMotor         
00000250  isReceiving             
00000251  isTransmitting          
00000242  j                       
0000c000  main                    
0000ca22  mapToDriverSpeed        
00000244  maxAccel                
0000cac0  memcpy                  
00000252  motorCmdReady           
00000246  outgoSpeedVal           
0000c7be  readSpeed               
0000c8f4  readVoltage             
00000224  rotNumber               
0000ca9a  scaleSpeedByVoltage     
0000cae2  setAccel                
0000c380  setMotorLimits          
0000c774  setMotorSpeed           
00000253  startReceiving          
0000c676  transmitSoftByte        
0000c9ae  transmitSoftUART        
00000254  transmitUARTflag        
00000248  trueOutgoSpeed          
00000256  voltage                 


GLOBAL SYMBOLS: SORTED BY Symbol Address 

address   name                    
-------   ----                    
00000000  IE1                     
00000001  IE2                     
00000002  IFG1                    
00000003  IFG2                    
00000010  P3REN                   
00000018  P3IN                    
00000019  P3OUT                   
0000001a  P3DIR                   
0000001b  P3SEL                   
00000020  P1IN                    
00000021  P1OUT                   
00000022  P1DIR                   
00000023  P1IFG                   
00000024  P1IES                   
00000025  P1IE                    
00000026  P1SEL                   
00000027  P1REN                   
00000028  P2IN                    
00000029  P2OUT                   
0000002a  P2DIR                   
0000002b  P2IFG                   
0000002c  P2IES                   
0000002d  P2IE                    
0000002e  P2SEL                   
0000002f  P2REN                   
00000041  P1SEL2                  
00000042  P2SEL2                  
00000043  P3SEL2                  
00000048  ADC10DTC0               
00000049  ADC10DTC1               
0000004a  ADC10AE0                
00000050  __STACK_SIZE            
00000053  BCSCTL3                 
00000056  DCOCTL                  
00000057  BCSCTL1                 
00000058  BCSCTL2                 
00000059  CACTL1                  
0000005a  CACTL2                  
0000005b  CAPD                    
0000005d  UCA0ABCTL               
0000005e  UCA0IRTCTL              
0000005f  UCA0IRRCTL              
00000060  UCA0CTL0                
00000061  UCA0CTL1                
00000062  UCA0BR0                 
00000063  UCA0BR1                 
00000064  UCA0MCTL                
00000065  UCA0STAT                
00000066  UCA0RXBUF               
00000067  UCA0TXBUF               
00000068  UCB0CTL0                
00000069  UCB0CTL1                
0000006a  UCB0BR0                 
0000006b  UCB0BR1                 
0000006c  UCB0I2CIE               
0000006d  UCB0STAT                
0000006e  UCB0RXBUF               
0000006f  UCB0TXBUF               
00000118  UCB0I2COA               
0000011a  UCB0I2CSA               
0000011e  TA1IV                   
00000120  WDTCTL                  
00000128  FCTL1                   
0000012a  FCTL2                   
0000012c  FCTL3                   
0000012e  TA0IV                   
00000160  TA0CTL                  
00000162  TA0CCTL0                
00000164  TA0CCTL1                
00000166  TA0CCTL2                
00000170  TA0R                    
00000172  TA0CCR0                 
00000174  TA0CCR1                 
00000176  TA0CCR2                 
00000180  TA1CTL                  
00000182  TA1CCTL0                
00000184  TA1CCTL1                
00000186  TA1CCTL2                
00000190  TA1R                    
00000192  TA1CCR0                 
00000194  TA1CCR1                 
00000196  TA1CCR2                 
000001b0  ADC10CTL0               
000001b2  ADC10CTL1               
000001b4  ADC10MEM                
000001bc  ADC10SA                 
00000200  TXSData                 
0000020c  TXData                  
00000216  RXSData                 
0000021e  TXValue                 
00000224  rotNumber               
00000228  RXAccel                 
0000022a  RXAddress               
0000022c  RXAddressCheck          
0000022e  RXSByte                 
00000230  RXSCounter              
00000232  RXSNum                  
00000234  RXSpeed                 
00000236  RXValue                 
00000238  TXSByte                 
0000023a  TXSCounter              
0000023c  adjustedSpeedVal        
0000023e  currentOutgoSpeed       
00000240  i                       
00000242  j                       
00000244  maxAccel                
00000246  outgoSpeedVal           
00000248  trueOutgoSpeed          
0000024a  RBitCnt                 
0000024b  RXNum                   
0000024c  RXbyteCtr               
0000024d  TBitCnt                 
0000024e  TXbyteCtr               
0000024f  hasReceived             
00000250  isReceiving             
00000251  isTransmitting          
00000252  motorCmdReady           
00000253  startReceiving          
00000254  transmitUARTflag        
00000256  voltage                 
00000258  PTXData                 
000003b0  _stack                  
00000400  __STACK_END             
000010c0  TLV_CHECKSUM            
000010da  TLV_ADC10_1_TAG         
000010db  TLV_ADC10_1_LEN         
000010f6  TLV_DCO_30_TAG          
000010f7  TLV_DCO_30_LEN          
000010f8  CALDCO_16MHZ            
000010f9  CALBC1_16MHZ            
000010fa  CALDCO_12MHZ            
000010fb  CALBC1_12MHZ            
000010fc  CALDCO_8MHZ             
000010fd  CALBC1_8MHZ             
000010fe  CALDCO_1MHZ             
000010ff  CALBC1_1MHZ             
0000c000  main                    
0000c154  Timer0_A0               
0000c21e  Timer1_A0               
0000c2e4  initializeMotor         
0000c380  setMotorLimits          
0000c40a  USCIAB0RX_ISR           
0000c486  _auto_init              
0000c4f4  PORT1_ISR               
0000c61c  copy_in                 
0000c676  transmitSoftByte        
0000c6d0  __mspabi_divul          
0000c6d0  __mspabi_remul          
0000c728  __mspabi_srli           
0000c736  __mspabi_srli_15        
0000c73a  __mspabi_srli_14        
0000c73e  __mspabi_srli_13        
0000c742  __mspabi_srli_12        
0000c746  __mspabi_srli_11        
0000c74a  __mspabi_srli_10        
0000c74e  __mspabi_srli_9         
0000c752  __mspabi_srli_8         
0000c756  __mspabi_srli_7         
0000c75a  __mspabi_srli_6         
0000c75e  __mspabi_srli_5         
0000c762  __mspabi_srli_4         
0000c766  __mspabi_srli_3         
0000c76a  __mspabi_srli_2         
0000c76e  __mspabi_srli_1         
0000c774  setMotorSpeed           
0000c7be  readSpeed               
0000c802  __mspabi_divli          
0000c802  __mspabi_remli          
0000c842  __mspabi_sral_15        
0000c846  __mspabi_sral_14        
0000c84a  __mspabi_sral_13        
0000c84e  __mspabi_sral_12        
0000c852  __mspabi_sral_11        
0000c856  __mspabi_sral_10        
0000c85a  __mspabi_sral_9         
0000c85e  __mspabi_sral_8         
0000c862  __mspabi_sral_7         
0000c866  __mspabi_sral_6         
0000c86a  __mspabi_sral_5         
0000c86e  __mspabi_sral_4         
0000c872  __mspabi_sral_3         
0000c876  __mspabi_sral_2         
0000c87a  __mspabi_sral_1         
0000c880  Port_2                  
0000c8ba  correctForDeadzone      
0000c8f4  readVoltage             
0000c92c  __mspabi_srai           
0000c938  __mspabi_srai_15        
0000c93a  __mspabi_srai_14        
0000c93c  __mspabi_srai_13        
0000c93e  __mspabi_srai_12        
0000c940  __mspabi_srai_11        
0000c942  __mspabi_srai_10        
0000c944  __mspabi_srai_9         
0000c946  __mspabi_srai_8         
0000c948  __mspabi_srai_7         
0000c94a  __mspabi_srai_6         
0000c94c  __mspabi_srai_5         
0000c94e  __mspabi_srai_4         
0000c950  __mspabi_srai_3         
0000c952  __mspabi_srai_2         
0000c954  __mspabi_srai_1         
0000c958  __mspabi_divi           
0000c958  __mspabi_remi           
0000c984  USCIAB0TX_ISR           
0000c9ae  transmitSoftUART        
0000c9d8  __mspabi_mpyl           
0000c9d8  __mspabi_mpyl_sw        
0000c9fe  enableMotor             
0000ca22  mapToDriverSpeed        
0000ca40  _c_int00_noargs_noexit  
0000ca5a  delayMilliseconds       
0000ca70  __mspabi_divu           
0000ca70  __mspabi_remu           
0000ca86  __mspabi_mpyi           
0000ca86  __mspabi_mpyi_sw        
0000ca9a  scaleSpeedByVoltage     
0000caae  __TI_decompress_none    
0000cac0  memcpy                  
0000cad2  __mspabi_func_epilog_7  
0000cad4  __mspabi_func_epilog_6  
0000cad6  __mspabi_func_epilog_5  
0000cad8  __mspabi_func_epilog_4  
0000cada  __mspabi_func_epilog_3  
0000cadc  __mspabi_func_epilog_2  
0000cade  __mspabi_func_epilog_1  
0000cae2  setAccel                
0000caf0  __TI_ISR_TRAP           
0000caf8  C$$EXIT                 
0000caf8  abort                   
0000cafe  __TI_decompress_rle24   
0000cb04  disengageBrake          
0000cb0a  engageBrake             
0000cb10  _system_pre_init        
0000cb14  _system_post_cinit      
0000cb16  MOTORVOLT               
0000cb18  HARDMAXACCEL            
0000cb1a  MAXACCELINIT            
0000cb1c  SLAVEADDRESS            
0000cb1e  CENTRAL_ADDRESS         
0000cb20  RSTDELAY                
0000cb34  __TI_Handler_Table_Base 
0000cb38  __TI_CINIT_Base         
0000cb38  __TI_Handler_Table_Limit
0000cb40  __TI_CINIT_Limit        
0000ffe4  __TI_int02              
0000ffe6  __TI_int03              
0000ffea  __TI_int05              
0000ffec  __TI_int06              
0000ffee  __TI_int07              
0000fff0  __TI_int08              
0000fff2  __TI_int09              
0000fff4  __TI_int10              
0000fff6  __TI_int11              
0000fff8  __TI_int12              
0000fffa  __TI_int13              
0000fffc  __TI_int14              
0000fffe  _reset_vector           
ffffffff  __TI_pprof_out_hndl     
ffffffff  __TI_prof_data_size     
ffffffff  __TI_prof_data_start    
ffffffff  __c_args__              
UNDEFED   __TI_BINIT_Base         
UNDEFED   __TI_BINIT_Limit        
UNDEFED   __TI_INITARRAY_Base     
UNDEFED   __TI_INITARRAY_Limit    

[266 symbols]
