******************************************************************************
                  MSP430 Linker PC v15.12.1                    
******************************************************************************
>> Linked Sat Aug 13 18:24:18 2016

OUTPUT FILE NAME:   <MotoCraneLinearControl.out>
ENTRY POINT SYMBOL: "_c_int00_noargs_noexit"  address: 0000ca54


MEMORY CONFIGURATION

         name            origin    length      used     unused   attr    fill
----------------------  --------  ---------  --------  --------  ----  --------
  SFR                   00000000   00000010  00000000  00000010  RWIX
  PERIPHERALS_8BIT      00000010   000000f0  00000000  000000f0  RWIX
  PERIPHERALS_16BIT     00000100   00000100  00000000  00000100  RWIX
  RAM                   00000200   00000200  000000a9  00000157  RWIX
  INFOD                 00001000   00000040  00000000  00000040  RWIX
  INFOC                 00001040   00000040  00000000  00000040  RWIX
  INFOB                 00001080   00000040  00000000  00000040  RWIX
  INFOA                 000010c0   00000040  00000000  00000040  RWIX
  FLASH                 0000c000   00003fe0  00000b54  0000348c  RWIX
  INT00                 0000ffe0   00000002  00000000  00000002  RWIX
  INT01                 0000ffe2   00000002  00000000  00000002  RWIX
  INT02                 0000ffe4   00000002  00000002  00000000  RWIX
  INT03                 0000ffe6   00000002  00000002  00000000  RWIX
  INT04                 0000ffe8   00000002  00000000  00000002  RWIX
  INT05                 0000ffea   00000002  00000002  00000000  RWIX
  INT06                 0000ffec   00000002  00000002  00000000  RWIX
  INT07                 0000ffee   00000002  00000002  00000000  RWIX
  INT08                 0000fff0   00000002  00000002  00000000  RWIX
  INT09                 0000fff2   00000002  00000002  00000000  RWIX
  INT10                 0000fff4   00000002  00000002  00000000  RWIX
  INT11                 0000fff6   00000002  00000002  00000000  RWIX
  INT12                 0000fff8   00000002  00000002  00000000  RWIX
  INT13                 0000fffa   00000002  00000002  00000000  RWIX
  INT14                 0000fffc   00000002  00000002  00000000  RWIX
  RESET                 0000fffe   00000002  00000002  00000000  RWIX


SECTION ALLOCATION MAP

 output                                  attributes/
section   page    origin      length       input sections
--------  ----  ----------  ----------   ----------------
.bss       0    00000200    00000055     UNINITIALIZED
                  00000200    0000000c     (.common:TXSData)
                  0000020c    0000000a     (.common:TXData)
                  00000216    00000008     (.common:RXSData)
                  0000021e    00000006     (.common:TXValue)
                  00000224    00000004     (.common:rotNumber)
                  00000228    00000002     (.common:RXAccel)
                  0000022a    00000002     (.common:RXAddress)
                  0000022c    00000002     (.common:RXAddressCheck)
                  0000022e    00000002     (.common:RXSByte)
                  00000230    00000002     (.common:RXSCounter)
                  00000232    00000002     (.common:RXSNum)
                  00000234    00000002     (.common:RXSpeed)
                  00000236    00000002     (.common:RXValue)
                  00000238    00000002     (.common:TXSByte)
                  0000023a    00000002     (.common:TXSCounter)
                  0000023c    00000002     (.common:adjustedSpeedVal)
                  0000023e    00000002     (.common:currentOutgoSpeed)
                  00000240    00000002     (.common:i)
                  00000242    00000002     (.common:j)
                  00000244    00000002     (.common:maxAccel)
                  00000246    00000002     (.common:outgoSpeedVal)
                  00000248    00000002     (.common:trueOutgoSpeed)
                  0000024a    00000001     (.common:RBitCnt)
                  0000024b    00000001     (.common:RXNum)
                  0000024c    00000001     (.common:RXbyteCtr)
                  0000024d    00000001     (.common:TBitCnt)
                  0000024e    00000001     (.common:TXbyteCtr)
                  0000024f    00000001     (.common:hasReceived)
                  00000250    00000001     (.common:isReceiving)
                  00000251    00000001     (.common:isTransmitting)
                  00000252    00000001     (.common:motorCmdReady)
                  00000253    00000001     (.common:startReceiving)
                  00000254    00000001     (.common:transmitUARTflag)

.data      0    00000256    00000004     UNINITIALIZED
                  00000256    00000004     MotoCraneController.obj (.data)

.stack     0    000003b0    00000050     UNINITIALIZED
                  000003b0    00000002     rts430_eabi.lib : boot.obj (.stack)
                  000003b2    0000004e     --HOLE--

.text      0    0000c000    00000b2a     
                  0000c000    0000013e     MotoCraneController.obj (.text:main)
                  0000c13e    000000ca     MotoCraneController.obj (.text:Timer0_A0)
                  0000c208    000000c6     MotoCraneController.obj (.text:Timer1_A0)
                  0000c2ce    0000009c     MotoCraneController.obj (.text:initializeMotor)
                  0000c36a    0000008a     MotoCraneController.obj (.text:setMotorLimits)
                  0000c3f4    0000007c     MotoCraneController.obj (.text:USCIAB0RX_ISR)
                  0000c470    0000006e     rts430_eabi.lib : autoinit.obj (.text:_auto_init)
                  0000c4de    00000066     MotoCraneController.obj (.text:PORT1_ISR)
                  0000c544    00000064     rts430_eabi.lib : copy_decompress_rle.obj (.text:__TI_decompress_rle_core)
                  0000c5a8    0000005e     MotoCraneController.obj (.text:transmitCommUART)
                  0000c606    0000005a     rts430_eabi.lib : cpy_tbl.obj (.text:copy_in)
                  0000c660    0000005a     MotoCraneController.obj (.text:transmitSoftByte)
                  0000c6ba    00000058     rts430_eabi.lib : div32u.obj (.text)
                  0000c712    0000004c                     : lsr16.obj (.text)
                  0000c75e    0000004a     MotoCraneController.obj (.text:setMotorSpeed)
                  0000c7a8    00000044     MotoCraneController.obj (.text:readSpeed)
                  0000c7ec    00000040     rts430_eabi.lib : div32s.obj (.text)
                  0000c82c    0000003e                     : asr32.obj (.text:l_asr_const)
                  0000c86a    0000003a     MotoCraneController.obj (.text:Port_2)
                  0000c8a4    0000003a     MotoCraneController.obj (.text:correctForDeadzone)
                  0000c8de    00000038     MotoCraneController.obj (.text:readVoltage)
                  0000c916    0000002c     rts430_eabi.lib : asr16.obj (.text)
                  0000c942    0000002c                     : div16s.obj (.text)
                  0000c96e    0000002c                     : lsl16.obj (.text)
                  0000c99a    0000002a     MotoCraneController.obj (.text:USCIAB0TX_ISR)
                  0000c9c4    0000002a     MotoCraneController.obj (.text:transmitSoftUART)
                  0000c9ee    00000026     rts430_eabi.lib : mult32.obj (.text)
                  0000ca14    00000024     MotoCraneController.obj (.text:enableMotor)
                  0000ca38    0000001c     MotoCraneController.obj (.text:mapToDriverSpeed)
                  0000ca54    0000001a     rts430_eabi.lib : boot_special.obj (.text:_c_int00_noargs_noexit)
                  0000ca6e    00000016     MotoCraneController.obj (.text:delayMilliseconds)
                  0000ca84    00000016     rts430_eabi.lib : div16u.obj (.text)
                  0000ca9a    00000014                     : mult16.obj (.text)
                  0000caae    00000014     MotoCraneController.obj (.text:scaleSpeedByVoltage)
                  0000cac2    00000012     rts430_eabi.lib : copy_decompress_none.obj (.text:decompress:none:__TI_decompress_none)
                  0000cad4    00000012                     : memcpy.obj (.text:memcpy)
                  0000cae6    00000010                     : epilog.obj (.text)
                  0000caf6    0000000e     MotoCraneController.obj (.text:setAccel)
                  0000cb04    00000008     rts430_eabi.lib : isr_trap.obj (.text:_isr:__TI_ISR_TRAP)
                  0000cb0c    00000006                     : exit.obj (.text:abort)
                  0000cb12    00000006                     : copy_decompress_rle.obj (.text:decompress:rle24:__TI_decompress_rle24)
                  0000cb18    00000006     MotoCraneController.obj (.text:disengageBrake)
                  0000cb1e    00000006     MotoCraneController.obj (.text:engageBrake)
                  0000cb24    00000004     rts430_eabi.lib : pre_init.obj (.text:_system_pre_init)
                  0000cb28    00000002                     : startup.obj (.text:_system_post_cinit)

.const     0    0000cb2a    0000000c     
                  0000cb2a    0000000c     MotoCraneController.obj (.const)

.cinit     0    0000cb36    0000001e     
                  0000cb36    00000009     (.cinit..bss.load) [load image, compression = rle]
                  0000cb3f    00000001     --HOLE-- [fill = 0]
                  0000cb40    00000008     (.cinit..data.load) [load image]
                  0000cb48    00000004     (__TI_handler_table)
                  0000cb4c    00000008     (__TI_cinit_table)

.init_array 
*          0    0000c000    00000000     UNINITIALIZED

PORT1      0    0000ffe4    00000002     
                  0000ffe4    00000002     MotoCraneController.obj (.int02)

PORT2      0    0000ffe6    00000002     
                  0000ffe6    00000002     MotoCraneController.obj (.int03)

ADC10      0    0000ffea    00000002     
                  0000ffea    00000002     rts430_eabi.lib : int05.obj (.int05)

USCIAB0TX 
*          0    0000ffec    00000002     
                  0000ffec    00000002     MotoCraneController.obj (.int06)

USCIAB0RX 
*          0    0000ffee    00000002     
                  0000ffee    00000002     MotoCraneController.obj (.int07)

TIMER0_A1 
*          0    0000fff0    00000002     
                  0000fff0    00000002     rts430_eabi.lib : int08.obj (.int08)

TIMER0_A0 
*          0    0000fff2    00000002     
                  0000fff2    00000002     MotoCraneController.obj (.int09)

WDT        0    0000fff4    00000002     
                  0000fff4    00000002     rts430_eabi.lib : int10.obj (.int10)

COMPARATORA 
*          0    0000fff6    00000002     
                  0000fff6    00000002     rts430_eabi.lib : int11.obj (.int11)

TIMER1_A1 
*          0    0000fff8    00000002     
                  0000fff8    00000002     rts430_eabi.lib : int12.obj (.int12)

TIMER1_A0 
*          0    0000fffa    00000002     
                  0000fffa    00000002     MotoCraneController.obj (.int13)

NMI        0    0000fffc    00000002     
                  0000fffc    00000002     rts430_eabi.lib : int14.obj (.int14)

.reset     0    0000fffe    00000002     
                  0000fffe    00000002     rts430_eabi.lib : boot.obj (.reset)

MODULE SUMMARY

       Module                     code   ro data   rw data
       ------                     ----   -------   -------
    .\
       MotoCraneController.obj    1952   24        89     
    +--+--------------------------+------+---------+---------+
       Total:                     1952   24        89     
                                                          
    C:\ti\ccsv6\tools\compiler\ti-cgt-msp430_15.12.1.LTS\lib\rts430_eabi.lib
       autoinit.obj               110    0         0      
       copy_decompress_rle.obj    106    0         0      
       cpy_tbl.obj                90     0         0      
       div32u.obj                 88     0         0      
       lsr16.obj                  76     0         0      
       div32s.obj                 64     0         0      
       asr32.obj                  62     0         0      
       asr16.obj                  44     0         0      
       div16s.obj                 44     0         0      
       lsl16.obj                  44     0         0      
       mult32.obj                 38     0         0      
       boot_special.obj           26     0         0      
       div16u.obj                 22     0         0      
       mult16.obj                 20     0         0      
       copy_decompress_none.obj   18     0         0      
       memcpy.obj                 18     0         0      
       epilog.obj                 16     0         0      
       isr_trap.obj               8      0         0      
       exit.obj                   6      0         0      
       pre_init.obj               4      0         0      
       boot.obj                   0      2         0      
       int05.obj                  0      2         0      
       int08.obj                  0      2         0      
       int10.obj                  0      2         0      
       int11.obj                  0      2         0      
       int12.obj                  0      2         0      
       int14.obj                  0      2         0      
       startup.obj                2      0         0      
    +--+--------------------------+------+---------+---------+
       Total:                     906    14        0      
                                                          
       Stack:                     0      0         80     
       Linker Generated:          0      29        0      
    +--+--------------------------+------+---------+---------+
       Grand Total:               2858   67        169    


LINKER GENERATED COPY TABLES

__TI_cinit_table @ 0000cb4c records: 2, size/record: 4, table size: 8
	.bss: load addr=0000cb36, load size=00000009 bytes, run addr=00000200, run size=00000055 bytes, compression=rle
	.data: load addr=0000cb40, load size=00000008 bytes, run addr=00000256, run size=00000004 bytes, compression=copy


LINKER GENERATED HANDLER TABLE

__TI_handler_table @ 0000cb48 records: 2, size/record: 2, table size: 4
	index: 0, handler: __TI_decompress_rle24
	index: 1, handler: __TI_decompress_none


GLOBAL SYMBOLS: SORTED ALPHABETICALLY BY Name 

address   name                    
-------   ----                    
0000004a  ADC10AE0                
000001b0  ADC10CTL0               
000001b2  ADC10CTL1               
00000048  ADC10DTC0               
00000049  ADC10DTC1               
000001b4  ADC10MEM                
000001bc  ADC10SA                 
00000057  BCSCTL1                 
00000058  BCSCTL2                 
00000053  BCSCTL3                 
0000cb0c  C$$EXIT                 
00000059  CACTL1                  
0000005a  CACTL2                  
000010fb  CALBC1_12MHZ            
000010f9  CALBC1_16MHZ            
000010ff  CALBC1_1MHZ             
000010fd  CALBC1_8MHZ             
000010fa  CALDCO_12MHZ            
000010f8  CALDCO_16MHZ            
000010fe  CALDCO_1MHZ             
000010fc  CALDCO_8MHZ             
0000005b  CAPD                    
0000cb32  CENTRAL_ADDRESS         
00000056  DCOCTL                  
00000128  FCTL1                   
0000012a  FCTL2                   
0000012c  FCTL3                   
0000cb2c  HARDMAXACCEL            
00000000  IE1                     
00000001  IE2                     
00000002  IFG1                    
00000003  IFG2                    
0000cb2e  MAXACCELINIT            
0000cb2a  MOTORVOLT               
00000022  P1DIR                   
00000025  P1IE                    
00000024  P1IES                   
00000023  P1IFG                   
00000020  P1IN                    
00000021  P1OUT                   
00000027  P1REN                   
00000026  P1SEL                   
00000041  P1SEL2                  
0000002a  P2DIR                   
0000002d  P2IE                    
0000002c  P2IES                   
0000002b  P2IFG                   
00000028  P2IN                    
00000029  P2OUT                   
0000002f  P2REN                   
0000002e  P2SEL                   
00000042  P2SEL2                  
0000001a  P3DIR                   
00000018  P3IN                    
00000019  P3OUT                   
00000010  P3REN                   
0000001b  P3SEL                   
00000043  P3SEL2                  
0000c4de  PORT1_ISR               
00000258  PTXData                 
0000c86a  Port_2                  
0000024a  RBitCnt                 
0000cb34  RSTDELAY                
00000228  RXAccel                 
0000022a  RXAddress               
0000022c  RXAddressCheck          
0000024b  RXNum                   
0000022e  RXSByte                 
00000230  RXSCounter              
00000216  RXSData                 
00000232  RXSNum                  
00000234  RXSpeed                 
00000236  RXValue                 
0000024c  RXbyteCtr               
0000cb30  SLAVEADDRESS            
00000172  TA0CCR0                 
00000174  TA0CCR1                 
00000176  TA0CCR2                 
00000162  TA0CCTL0                
00000164  TA0CCTL1                
00000166  TA0CCTL2                
00000160  TA0CTL                  
0000012e  TA0IV                   
00000170  TA0R                    
00000192  TA1CCR0                 
00000194  TA1CCR1                 
00000196  TA1CCR2                 
00000182  TA1CCTL0                
00000184  TA1CCTL1                
00000186  TA1CCTL2                
00000180  TA1CTL                  
0000011e  TA1IV                   
00000190  TA1R                    
0000024d  TBitCnt                 
000010db  TLV_ADC10_1_LEN         
000010da  TLV_ADC10_1_TAG         
000010c0  TLV_CHECKSUM            
000010f7  TLV_DCO_30_LEN          
000010f6  TLV_DCO_30_TAG          
0000020c  TXData                  
00000238  TXSByte                 
0000023a  TXSCounter              
00000200  TXSData                 
0000021e  TXValue                 
0000024e  TXbyteCtr               
0000c13e  Timer0_A0               
0000c208  Timer1_A0               
0000005d  UCA0ABCTL               
00000062  UCA0BR0                 
00000063  UCA0BR1                 
00000060  UCA0CTL0                
00000061  UCA0CTL1                
0000005f  UCA0IRRCTL              
0000005e  UCA0IRTCTL              
00000064  UCA0MCTL                
00000066  UCA0RXBUF               
00000065  UCA0STAT                
00000067  UCA0TXBUF               
0000006a  UCB0BR0                 
0000006b  UCB0BR1                 
00000068  UCB0CTL0                
00000069  UCB0CTL1                
0000006c  UCB0I2CIE               
00000118  UCB0I2COA               
0000011a  UCB0I2CSA               
0000006e  UCB0RXBUF               
0000006d  UCB0STAT                
0000006f  UCB0TXBUF               
0000c3f4  USCIAB0RX_ISR           
0000c99a  USCIAB0TX_ISR           
00000120  WDTCTL                  
00000400  __STACK_END             
00000050  __STACK_SIZE            
UNDEFED   __TI_BINIT_Base         
UNDEFED   __TI_BINIT_Limit        
0000cb4c  __TI_CINIT_Base         
0000cb54  __TI_CINIT_Limit        
0000cb48  __TI_Handler_Table_Base 
0000cb4c  __TI_Handler_Table_Limit
UNDEFED   __TI_INITARRAY_Base     
UNDEFED   __TI_INITARRAY_Limit    
0000cb04  __TI_ISR_TRAP           
0000cac2  __TI_decompress_none    
0000cb12  __TI_decompress_rle24   
0000ffe4  __TI_int02              
0000ffe6  __TI_int03              
0000ffea  __TI_int05              
0000ffec  __TI_int06              
0000ffee  __TI_int07              
0000fff0  __TI_int08              
0000fff2  __TI_int09              
0000fff4  __TI_int10              
0000fff6  __TI_int11              
0000fff8  __TI_int12              
0000fffa  __TI_int13              
0000fffc  __TI_int14              
ffffffff  __TI_pprof_out_hndl     
ffffffff  __TI_prof_data_size     
ffffffff  __TI_prof_data_start    
ffffffff  __c_args__              
0000c942  __mspabi_divi           
0000c7ec  __mspabi_divli          
0000ca84  __mspabi_divu           
0000c6ba  __mspabi_divul          
0000caf2  __mspabi_func_epilog_1  
0000caf0  __mspabi_func_epilog_2  
0000caee  __mspabi_func_epilog_3  
0000caec  __mspabi_func_epilog_4  
0000caea  __mspabi_func_epilog_5  
0000cae8  __mspabi_func_epilog_6  
0000cae6  __mspabi_func_epilog_7  
0000ca9a  __mspabi_mpyi           
0000ca9a  __mspabi_mpyi_sw        
0000c9ee  __mspabi_mpyl           
0000c9ee  __mspabi_mpyl_sw        
0000c942  __mspabi_remi           
0000c7ec  __mspabi_remli          
0000ca84  __mspabi_remu           
0000c6ba  __mspabi_remul          
0000c96e  __mspabi_slli           
0000c996  __mspabi_slli_1         
0000c984  __mspabi_slli_10        
0000c982  __mspabi_slli_11        
0000c980  __mspabi_slli_12        
0000c97e  __mspabi_slli_13        
0000c97c  __mspabi_slli_14        
0000c97a  __mspabi_slli_15        
0000c994  __mspabi_slli_2         
0000c992  __mspabi_slli_3         
0000c990  __mspabi_slli_4         
0000c98e  __mspabi_slli_5         
0000c98c  __mspabi_slli_6         
0000c98a  __mspabi_slli_7         
0000c988  __mspabi_slli_8         
0000c986  __mspabi_slli_9         
0000c916  __mspabi_srai           
0000c93e  __mspabi_srai_1         
0000c92c  __mspabi_srai_10        
0000c92a  __mspabi_srai_11        
0000c928  __mspabi_srai_12        
0000c926  __mspabi_srai_13        
0000c924  __mspabi_srai_14        
0000c922  __mspabi_srai_15        
0000c93c  __mspabi_srai_2         
0000c93a  __mspabi_srai_3         
0000c938  __mspabi_srai_4         
0000c936  __mspabi_srai_5         
0000c934  __mspabi_srai_6         
0000c932  __mspabi_srai_7         
0000c930  __mspabi_srai_8         
0000c92e  __mspabi_srai_9         
0000c864  __mspabi_sral_1         
0000c840  __mspabi_sral_10        
0000c83c  __mspabi_sral_11        
0000c838  __mspabi_sral_12        
0000c834  __mspabi_sral_13        
0000c830  __mspabi_sral_14        
0000c82c  __mspabi_sral_15        
0000c860  __mspabi_sral_2         
0000c85c  __mspabi_sral_3         
0000c858  __mspabi_sral_4         
0000c854  __mspabi_sral_5         
0000c850  __mspabi_sral_6         
0000c84c  __mspabi_sral_7         
0000c848  __mspabi_sral_8         
0000c844  __mspabi_sral_9         
0000c712  __mspabi_srli           
0000c758  __mspabi_srli_1         
0000c734  __mspabi_srli_10        
0000c730  __mspabi_srli_11        
0000c72c  __mspabi_srli_12        
0000c728  __mspabi_srli_13        
0000c724  __mspabi_srli_14        
0000c720  __mspabi_srli_15        
0000c754  __mspabi_srli_2         
0000c750  __mspabi_srli_3         
0000c74c  __mspabi_srli_4         
0000c748  __mspabi_srli_5         
0000c744  __mspabi_srli_6         
0000c740  __mspabi_srli_7         
0000c73c  __mspabi_srli_8         
0000c738  __mspabi_srli_9         
0000c470  _auto_init              
0000ca54  _c_int00_noargs_noexit  
0000fffe  _reset_vector           
000003b0  _stack                  
0000cb28  _system_post_cinit      
0000cb24  _system_pre_init        
0000cb0c  abort                   
0000023c  adjustedSpeedVal        
0000c606  copy_in                 
0000c8a4  correctForDeadzone      
0000023e  currentOutgoSpeed       
0000ca6e  delayMilliseconds       
0000cb18  disengageBrake          
0000ca14  enableMotor             
0000cb1e  engageBrake             
0000024f  hasReceived             
00000240  i                       
0000c2ce  initializeMotor         
00000250  isReceiving             
00000251  isTransmitting          
00000242  j                       
0000c000  main                    
0000ca38  mapToDriverSpeed        
00000244  maxAccel                
0000cad4  memcpy                  
00000252  motorCmdReady           
00000246  outgoSpeedVal           
0000c7a8  readSpeed               
0000c8de  readVoltage             
00000224  rotNumber               
0000caae  scaleSpeedByVoltage     
0000caf6  setAccel                
0000c36a  setMotorLimits          
0000c75e  setMotorSpeed           
00000253  startReceiving          
0000c660  transmitSoftByte        
0000c9c4  transmitSoftUART        
00000254  transmitUARTflag        
00000248  trueOutgoSpeed          
00000256  voltage                 


GLOBAL SYMBOLS: SORTED BY Symbol Address 

address   name                    
-------   ----                    
00000000  IE1                     
00000001  IE2                     
00000002  IFG1                    
00000003  IFG2                    
00000010  P3REN                   
00000018  P3IN                    
00000019  P3OUT                   
0000001a  P3DIR                   
0000001b  P3SEL                   
00000020  P1IN                    
00000021  P1OUT                   
00000022  P1DIR                   
00000023  P1IFG                   
00000024  P1IES                   
00000025  P1IE                    
00000026  P1SEL                   
00000027  P1REN                   
00000028  P2IN                    
00000029  P2OUT                   
0000002a  P2DIR                   
0000002b  P2IFG                   
0000002c  P2IES                   
0000002d  P2IE                    
0000002e  P2SEL                   
0000002f  P2REN                   
00000041  P1SEL2                  
00000042  P2SEL2                  
00000043  P3SEL2                  
00000048  ADC10DTC0               
00000049  ADC10DTC1               
0000004a  ADC10AE0                
00000050  __STACK_SIZE            
00000053  BCSCTL3                 
00000056  DCOCTL                  
00000057  BCSCTL1                 
00000058  BCSCTL2                 
00000059  CACTL1                  
0000005a  CACTL2                  
0000005b  CAPD                    
0000005d  UCA0ABCTL               
0000005e  UCA0IRTCTL              
0000005f  UCA0IRRCTL              
00000060  UCA0CTL0                
00000061  UCA0CTL1                
00000062  UCA0BR0                 
00000063  UCA0BR1                 
00000064  UCA0MCTL                
00000065  UCA0STAT                
00000066  UCA0RXBUF               
00000067  UCA0TXBUF               
00000068  UCB0CTL0                
00000069  UCB0CTL1                
0000006a  UCB0BR0                 
0000006b  UCB0BR1                 
0000006c  UCB0I2CIE               
0000006d  UCB0STAT                
0000006e  UCB0RXBUF               
0000006f  UCB0TXBUF               
00000118  UCB0I2COA               
0000011a  UCB0I2CSA               
0000011e  TA1IV                   
00000120  WDTCTL                  
00000128  FCTL1                   
0000012a  FCTL2                   
0000012c  FCTL3                   
0000012e  TA0IV                   
00000160  TA0CTL                  
00000162  TA0CCTL0                
00000164  TA0CCTL1                
00000166  TA0CCTL2                
00000170  TA0R                    
00000172  TA0CCR0                 
00000174  TA0CCR1                 
00000176  TA0CCR2                 
00000180  TA1CTL                  
00000182  TA1CCTL0                
00000184  TA1CCTL1                
00000186  TA1CCTL2                
00000190  TA1R                    
00000192  TA1CCR0                 
00000194  TA1CCR1                 
00000196  TA1CCR2                 
000001b0  ADC10CTL0               
000001b2  ADC10CTL1               
000001b4  ADC10MEM                
000001bc  ADC10SA                 
00000200  TXSData                 
0000020c  TXData                  
00000216  RXSData                 
0000021e  TXValue                 
00000224  rotNumber               
00000228  RXAccel                 
0000022a  RXAddress               
0000022c  RXAddressCheck          
0000022e  RXSByte                 
00000230  RXSCounter              
00000232  RXSNum                  
00000234  RXSpeed                 
00000236  RXValue                 
00000238  TXSByte                 
0000023a  TXSCounter              
0000023c  adjustedSpeedVal        
0000023e  currentOutgoSpeed       
00000240  i                       
00000242  j                       
00000244  maxAccel                
00000246  outgoSpeedVal           
00000248  trueOutgoSpeed          
0000024a  RBitCnt                 
0000024b  RXNum                   
0000024c  RXbyteCtr               
0000024d  TBitCnt                 
0000024e  TXbyteCtr               
0000024f  hasReceived             
00000250  isReceiving             
00000251  isTransmitting          
00000252  motorCmdReady           
00000253  startReceiving          
00000254  transmitUARTflag        
00000256  voltage                 
00000258  PTXData                 
000003b0  _stack                  
00000400  __STACK_END             
000010c0  TLV_CHECKSUM            
000010da  TLV_ADC10_1_TAG         
000010db  TLV_ADC10_1_LEN         
000010f6  TLV_DCO_30_TAG          
000010f7  TLV_DCO_30_LEN          
000010f8  CALDCO_16MHZ            
000010f9  CALBC1_16MHZ            
000010fa  CALDCO_12MHZ            
000010fb  CALBC1_12MHZ            
000010fc  CALDCO_8MHZ             
000010fd  CALBC1_8MHZ             
000010fe  CALDCO_1MHZ             
000010ff  CALBC1_1MHZ             
0000c000  main                    
0000c13e  Timer0_A0               
0000c208  Timer1_A0               
0000c2ce  initializeMotor         
0000c36a  setMotorLimits          
0000c3f4  USCIAB0RX_ISR           
0000c470  _auto_init              
0000c4de  PORT1_ISR               
0000c606  copy_in                 
0000c660  transmitSoftByte        
0000c6ba  __mspabi_divul          
0000c6ba  __mspabi_remul          
0000c712  __mspabi_srli           
0000c720  __mspabi_srli_15        
0000c724  __mspabi_srli_14        
0000c728  __mspabi_srli_13        
0000c72c  __mspabi_srli_12        
0000c730  __mspabi_srli_11        
0000c734  __mspabi_srli_10        
0000c738  __mspabi_srli_9         
0000c73c  __mspabi_srli_8         
0000c740  __mspabi_srli_7         
0000c744  __mspabi_srli_6         
0000c748  __mspabi_srli_5         
0000c74c  __mspabi_srli_4         
0000c750  __mspabi_srli_3         
0000c754  __mspabi_srli_2         
0000c758  __mspabi_srli_1         
0000c75e  setMotorSpeed           
0000c7a8  readSpeed               
0000c7ec  __mspabi_divli          
0000c7ec  __mspabi_remli          
0000c82c  __mspabi_sral_15        
0000c830  __mspabi_sral_14        
0000c834  __mspabi_sral_13        
0000c838  __mspabi_sral_12        
0000c83c  __mspabi_sral_11        
0000c840  __mspabi_sral_10        
0000c844  __mspabi_sral_9         
0000c848  __mspabi_sral_8         
0000c84c  __mspabi_sral_7         
0000c850  __mspabi_sral_6         
0000c854  __mspabi_sral_5         
0000c858  __mspabi_sral_4         
0000c85c  __mspabi_sral_3         
0000c860  __mspabi_sral_2         
0000c864  __mspabi_sral_1         
0000c86a  Port_2                  
0000c8a4  correctForDeadzone      
0000c8de  readVoltage             
0000c916  __mspabi_srai           
0000c922  __mspabi_srai_15        
0000c924  __mspabi_srai_14        
0000c926  __mspabi_srai_13        
0000c928  __mspabi_srai_12        
0000c92a  __mspabi_srai_11        
0000c92c  __mspabi_srai_10        
0000c92e  __mspabi_srai_9         
0000c930  __mspabi_srai_8         
0000c932  __mspabi_srai_7         
0000c934  __mspabi_srai_6         
0000c936  __mspabi_srai_5         
0000c938  __mspabi_srai_4         
0000c93a  __mspabi_srai_3         
0000c93c  __mspabi_srai_2         
0000c93e  __mspabi_srai_1         
0000c942  __mspabi_divi           
0000c942  __mspabi_remi           
0000c96e  __mspabi_slli           
0000c97a  __mspabi_slli_15        
0000c97c  __mspabi_slli_14        
0000c97e  __mspabi_slli_13        
0000c980  __mspabi_slli_12        
0000c982  __mspabi_slli_11        
0000c984  __mspabi_slli_10        
0000c986  __mspabi_slli_9         
0000c988  __mspabi_slli_8         
0000c98a  __mspabi_slli_7         
0000c98c  __mspabi_slli_6         
0000c98e  __mspabi_slli_5         
0000c990  __mspabi_slli_4         
0000c992  __mspabi_slli_3         
0000c994  __mspabi_slli_2         
0000c996  __mspabi_slli_1         
0000c99a  USCIAB0TX_ISR           
0000c9c4  transmitSoftUART        
0000c9ee  __mspabi_mpyl           
0000c9ee  __mspabi_mpyl_sw        
0000ca14  enableMotor             
0000ca38  mapToDriverSpeed        
0000ca54  _c_int00_noargs_noexit  
0000ca6e  delayMilliseconds       
0000ca84  __mspabi_divu           
0000ca84  __mspabi_remu           
0000ca9a  __mspabi_mpyi           
0000ca9a  __mspabi_mpyi_sw        
0000caae  scaleSpeedByVoltage     
0000cac2  __TI_decompress_none    
0000cad4  memcpy                  
0000cae6  __mspabi_func_epilog_7  
0000cae8  __mspabi_func_epilog_6  
0000caea  __mspabi_func_epilog_5  
0000caec  __mspabi_func_epilog_4  
0000caee  __mspabi_func_epilog_3  
0000caf0  __mspabi_func_epilog_2  
0000caf2  __mspabi_func_epilog_1  
0000caf6  setAccel                
0000cb04  __TI_ISR_TRAP           
0000cb0c  C$$EXIT                 
0000cb0c  abort                   
0000cb12  __TI_decompress_rle24   
0000cb18  disengageBrake          
0000cb1e  engageBrake             
0000cb24  _system_pre_init        
0000cb28  _system_post_cinit      
0000cb2a  MOTORVOLT               
0000cb2c  HARDMAXACCEL            
0000cb2e  MAXACCELINIT            
0000cb30  SLAVEADDRESS            
0000cb32  CENTRAL_ADDRESS         
0000cb34  RSTDELAY                
0000cb48  __TI_Handler_Table_Base 
0000cb4c  __TI_CINIT_Base         
0000cb4c  __TI_Handler_Table_Limit
0000cb54  __TI_CINIT_Limit        
0000ffe4  __TI_int02              
0000ffe6  __TI_int03              
0000ffea  __TI_int05              
0000ffec  __TI_int06              
0000ffee  __TI_int07              
0000fff0  __TI_int08              
0000fff2  __TI_int09              
0000fff4  __TI_int10              
0000fff6  __TI_int11              
0000fff8  __TI_int12              
0000fffa  __TI_int13              
0000fffc  __TI_int14              
0000fffe  _reset_vector           
ffffffff  __TI_pprof_out_hndl     
ffffffff  __TI_prof_data_size     
ffffffff  __TI_prof_data_start    
ffffffff  __c_args__              
UNDEFED   __TI_BINIT_Base         
UNDEFED   __TI_BINIT_Limit        
UNDEFED   __TI_INITARRAY_Base     
UNDEFED   __TI_INITARRAY_Limit    

[282 symbols]
