<?xml version="1.0"?>
<link_info>
   <banner>MSP430 Linker PC v4.2.1</banner>
   <copyright>Copyright (c) 2003-2013 Texas Instruments Incorporated</copyright>
   <link_time>0x583dc69f</link_time>
   <link_errors>0x0</link_errors>
   <output_file>MotoCraneLensControl.out</output_file>
   <entry_point>
      <name>_c_int00</name>
      <address>0xc9d2</address>
   </entry_point>
   <input_file_list>
      <input_file id="fl-2">
         <path>.\</path>
         <kind>object</kind>
         <file>MotoCraneController.obj</file>
         <name>MotoCraneController.obj</name>
      </input_file>
      <input_file id="fl-1c">
         <path>C:\ti\ccsv5\tools\compiler\msp430_4.2.1\lib\</path>
         <kind>archive</kind>
         <file>rts430_eabi.lib</file>
         <name>asr16.obj</name>
      </input_file>
      <input_file id="fl-1d">
         <path>C:\ti\ccsv5\tools\compiler\msp430_4.2.1\lib\</path>
         <kind>archive</kind>
         <file>rts430_eabi.lib</file>
         <name>asr32.obj</name>
      </input_file>
      <input_file id="fl-1e">
         <path>C:\ti\ccsv5\tools\compiler\msp430_4.2.1\lib\</path>
         <kind>archive</kind>
         <file>rts430_eabi.lib</file>
         <name>boot.obj</name>
      </input_file>
      <input_file id="fl-1f">
         <path>C:\ti\ccsv5\tools\compiler\msp430_4.2.1\lib\</path>
         <kind>archive</kind>
         <file>rts430_eabi.lib</file>
         <name>copy_decompress_none.obj</name>
      </input_file>
      <input_file id="fl-20">
         <path>C:\ti\ccsv5\tools\compiler\msp430_4.2.1\lib\</path>
         <kind>archive</kind>
         <file>rts430_eabi.lib</file>
         <name>copy_decompress_rle.obj</name>
      </input_file>
      <input_file id="fl-21">
         <path>C:\ti\ccsv5\tools\compiler\msp430_4.2.1\lib\</path>
         <kind>archive</kind>
         <file>rts430_eabi.lib</file>
         <name>copy_zero_init.obj</name>
      </input_file>
      <input_file id="fl-22">
         <path>C:\ti\ccsv5\tools\compiler\msp430_4.2.1\lib\</path>
         <kind>archive</kind>
         <file>rts430_eabi.lib</file>
         <name>div16s.obj</name>
      </input_file>
      <input_file id="fl-23">
         <path>C:\ti\ccsv5\tools\compiler\msp430_4.2.1\lib\</path>
         <kind>archive</kind>
         <file>rts430_eabi.lib</file>
         <name>div16u.obj</name>
      </input_file>
      <input_file id="fl-24">
         <path>C:\ti\ccsv5\tools\compiler\msp430_4.2.1\lib\</path>
         <kind>archive</kind>
         <file>rts430_eabi.lib</file>
         <name>div32s.obj</name>
      </input_file>
      <input_file id="fl-25">
         <path>C:\ti\ccsv5\tools\compiler\msp430_4.2.1\lib\</path>
         <kind>archive</kind>
         <file>rts430_eabi.lib</file>
         <name>div32u.obj</name>
      </input_file>
      <input_file id="fl-26">
         <path>C:\ti\ccsv5\tools\compiler\msp430_4.2.1\lib\</path>
         <kind>archive</kind>
         <file>rts430_eabi.lib</file>
         <name>epilog.obj</name>
      </input_file>
      <input_file id="fl-27">
         <path>C:\ti\ccsv5\tools\compiler\msp430_4.2.1\lib\</path>
         <kind>archive</kind>
         <file>rts430_eabi.lib</file>
         <name>exit.obj</name>
      </input_file>
      <input_file id="fl-28">
         <path>C:\ti\ccsv5\tools\compiler\msp430_4.2.1\lib\</path>
         <kind>archive</kind>
         <file>rts430_eabi.lib</file>
         <name>int05.obj</name>
      </input_file>
      <input_file id="fl-29">
         <path>C:\ti\ccsv5\tools\compiler\msp430_4.2.1\lib\</path>
         <kind>archive</kind>
         <file>rts430_eabi.lib</file>
         <name>int08.obj</name>
      </input_file>
      <input_file id="fl-2a">
         <path>C:\ti\ccsv5\tools\compiler\msp430_4.2.1\lib\</path>
         <kind>archive</kind>
         <file>rts430_eabi.lib</file>
         <name>int10.obj</name>
      </input_file>
      <input_file id="fl-2b">
         <path>C:\ti\ccsv5\tools\compiler\msp430_4.2.1\lib\</path>
         <kind>archive</kind>
         <file>rts430_eabi.lib</file>
         <name>int11.obj</name>
      </input_file>
      <input_file id="fl-2c">
         <path>C:\ti\ccsv5\tools\compiler\msp430_4.2.1\lib\</path>
         <kind>archive</kind>
         <file>rts430_eabi.lib</file>
         <name>int12.obj</name>
      </input_file>
      <input_file id="fl-2d">
         <path>C:\ti\ccsv5\tools\compiler\msp430_4.2.1\lib\</path>
         <kind>archive</kind>
         <file>rts430_eabi.lib</file>
         <name>int14.obj</name>
      </input_file>
      <input_file id="fl-2e">
         <path>C:\ti\ccsv5\tools\compiler\msp430_4.2.1\lib\</path>
         <kind>archive</kind>
         <file>rts430_eabi.lib</file>
         <name>isr_trap.obj</name>
      </input_file>
      <input_file id="fl-2f">
         <path>C:\ti\ccsv5\tools\compiler\msp430_4.2.1\lib\</path>
         <kind>archive</kind>
         <file>rts430_eabi.lib</file>
         <name>lsl16.obj</name>
      </input_file>
      <input_file id="fl-30">
         <path>C:\ti\ccsv5\tools\compiler\msp430_4.2.1\lib\</path>
         <kind>archive</kind>
         <file>rts430_eabi.lib</file>
         <name>lsr16.obj</name>
      </input_file>
      <input_file id="fl-31">
         <path>C:\ti\ccsv5\tools\compiler\msp430_4.2.1\lib\</path>
         <kind>archive</kind>
         <file>rts430_eabi.lib</file>
         <name>memcpy.obj</name>
      </input_file>
      <input_file id="fl-32">
         <path>C:\ti\ccsv5\tools\compiler\msp430_4.2.1\lib\</path>
         <kind>archive</kind>
         <file>rts430_eabi.lib</file>
         <name>mult16.obj</name>
      </input_file>
      <input_file id="fl-33">
         <path>C:\ti\ccsv5\tools\compiler\msp430_4.2.1\lib\</path>
         <kind>archive</kind>
         <file>rts430_eabi.lib</file>
         <name>mult32.obj</name>
      </input_file>
      <input_file id="fl-34">
         <path>C:\ti\ccsv5\tools\compiler\msp430_4.2.1\lib\</path>
         <kind>archive</kind>
         <file>rts430_eabi.lib</file>
         <name>pre_init.obj</name>
      </input_file>
      <input_file id="fl-35">
         <path>C:\ti\ccsv5\tools\compiler\msp430_4.2.1\lib\</path>
         <kind>archive</kind>
         <file>rts430_eabi.lib</file>
         <name>_lock.obj</name>
      </input_file>
      <input_file id="fl-36">
         <path>C:\ti\ccsv5\tools\compiler\msp430_4.2.1\lib\</path>
         <kind>archive</kind>
         <file>rts430_eabi.lib</file>
         <name>args_main.obj</name>
      </input_file>
      <input_file id="fl-37">
         <path>C:\ti\ccsv5\tools\compiler\msp430_4.2.1\lib\</path>
         <kind>archive</kind>
         <file>rts430_eabi.lib</file>
         <name>autoinit.obj</name>
      </input_file>
   </input_file_list>
   <object_component_list>
      <object_component id="oc-4e">
         <name>.stack</name>
         <uninitialized>true</uninitialized>
         <run_address>0x3b0</run_address>
         <size>0x2</size>
         <input_file_ref idref="fl-1e"/>
      </object_component>
      <object_component id="oc-272">
         <name>.stack</name>
         <uninitialized>true</uninitialized>
         <run_address>0x3b0</run_address>
         <size>0x0</size>
      </object_component>
      <object_component id="oc-7d">
         <name>.text:main</name>
         <load_address>0xc000</load_address>
         <run_address>0xc000</run_address>
         <size>0x148</size>
         <input_file_ref idref="fl-2"/>
      </object_component>
      <object_component id="oc-69">
         <name>.text:Timer0_A0</name>
         <load_address>0xc148</load_address>
         <run_address>0xc148</run_address>
         <size>0xca</size>
         <input_file_ref idref="fl-2"/>
      </object_component>
      <object_component id="oc-6e">
         <name>.text:Timer1_A0</name>
         <load_address>0xc212</load_address>
         <run_address>0xc212</run_address>
         <size>0xc6</size>
         <input_file_ref idref="fl-2"/>
      </object_component>
      <object_component id="oc-11f">
         <name>.text:initializeMotor</name>
         <load_address>0xc2d8</load_address>
         <run_address>0xc2d8</run_address>
         <size>0xb4</size>
         <input_file_ref idref="fl-2"/>
      </object_component>
      <object_component id="oc-1d6">
         <name>.text:setMotorLimits</name>
         <load_address>0xc38c</load_address>
         <run_address>0xc38c</run_address>
         <size>0x7e</size>
         <input_file_ref idref="fl-2"/>
      </object_component>
      <object_component id="oc-64">
         <name>.text:USCIAB0RX_ISR</name>
         <load_address>0xc40a</load_address>
         <run_address>0xc40a</run_address>
         <size>0x7c</size>
         <input_file_ref idref="fl-2"/>
      </object_component>
      <object_component id="oc-51">
         <name>.text:PORT1_ISR</name>
         <load_address>0xc486</load_address>
         <run_address>0xc486</run_address>
         <size>0x60</size>
         <input_file_ref idref="fl-2"/>
      </object_component>
      <object_component id="oc-9b">
         <name>.text:__TI_decompress_rle_core</name>
         <load_address>0xc4e6</load_address>
         <run_address>0xc4e6</run_address>
         <size>0x5e</size>
         <input_file_ref idref="fl-20"/>
      </object_component>
      <object_component id="oc-78">
         <name>.text:_auto_init</name>
         <load_address>0xc544</load_address>
         <run_address>0xc544</run_address>
         <size>0x5e</size>
         <input_file_ref idref="fl-37"/>
      </object_component>
      <object_component id="oc-145">
         <name>.text:transmitCommUART</name>
         <load_address>0xc5a2</load_address>
         <run_address>0xc5a2</run_address>
         <size>0x5e</size>
         <input_file_ref idref="fl-2"/>
      </object_component>
      <object_component id="oc-229">
         <name>.text</name>
         <load_address>0xc600</load_address>
         <run_address>0xc600</run_address>
         <size>0x58</size>
         <input_file_ref idref="fl-25"/>
      </object_component>
      <object_component id="oc-209">
         <name>.text:transmitSoftByte</name>
         <load_address>0xc658</load_address>
         <run_address>0xc658</run_address>
         <size>0x54</size>
         <input_file_ref idref="fl-2"/>
      </object_component>
      <object_component id="oc-1fb">
         <name>.text</name>
         <load_address>0xc6ac</load_address>
         <run_address>0xc6ac</run_address>
         <size>0x4c</size>
         <input_file_ref idref="fl-30"/>
      </object_component>
      <object_component id="oc-173">
         <name>.text:setMotorSpeed</name>
         <load_address>0xc6f8</load_address>
         <run_address>0xc6f8</run_address>
         <size>0x44</size>
         <input_file_ref idref="fl-2"/>
      </object_component>
      <object_component id="oc-1ea">
         <name>.text</name>
         <load_address>0xc73c</load_address>
         <run_address>0xc73c</run_address>
         <size>0x40</size>
         <input_file_ref idref="fl-24"/>
      </object_component>
      <object_component id="oc-13f">
         <name>.text:l_asr_const</name>
         <load_address>0xc77c</load_address>
         <run_address>0xc77c</run_address>
         <size>0x3e</size>
         <input_file_ref idref="fl-1d"/>
      </object_component>
      <object_component id="oc-56">
         <name>.text:Port_2</name>
         <load_address>0xc7ba</load_address>
         <run_address>0xc7ba</run_address>
         <size>0x3a</size>
         <input_file_ref idref="fl-2"/>
      </object_component>
      <object_component id="oc-164">
         <name>.text:correctForDeadzone</name>
         <load_address>0xc7f4</load_address>
         <run_address>0xc7f4</run_address>
         <size>0x3a</size>
         <input_file_ref idref="fl-2"/>
      </object_component>
      <object_component id="oc-16a">
         <name>.text:readSpeed</name>
         <load_address>0xc82e</load_address>
         <run_address>0xc82e</run_address>
         <size>0x3a</size>
         <input_file_ref idref="fl-2"/>
      </object_component>
      <object_component id="oc-14c">
         <name>.text:readVoltage</name>
         <load_address>0xc868</load_address>
         <run_address>0xc868</run_address>
         <size>0x32</size>
         <input_file_ref idref="fl-2"/>
      </object_component>
      <object_component id="oc-136">
         <name>.text</name>
         <load_address>0xc89a</load_address>
         <run_address>0xc89a</run_address>
         <size>0x2c</size>
         <input_file_ref idref="fl-1c"/>
      </object_component>
      <object_component id="oc-1dc">
         <name>.text</name>
         <load_address>0xc8c6</load_address>
         <run_address>0xc8c6</run_address>
         <size>0x2c</size>
         <input_file_ref idref="fl-22"/>
      </object_component>
      <object_component id="oc-1e1">
         <name>.text</name>
         <load_address>0xc8f2</load_address>
         <run_address>0xc8f2</run_address>
         <size>0x2c</size>
         <input_file_ref idref="fl-2f"/>
      </object_component>
      <object_component id="oc-5f">
         <name>.text:USCIAB0TX_ISR</name>
         <load_address>0xc91e</load_address>
         <run_address>0xc91e</run_address>
         <size>0x2a</size>
         <input_file_ref idref="fl-2"/>
      </object_component>
      <object_component id="oc-1b3">
         <name>.text:transmitSoftUART</name>
         <load_address>0xc948</load_address>
         <run_address>0xc948</run_address>
         <size>0x2a</size>
         <input_file_ref idref="fl-2"/>
      </object_component>
      <object_component id="oc-1e6">
         <name>.text</name>
         <load_address>0xc972</load_address>
         <run_address>0xc972</run_address>
         <size>0x26</size>
         <input_file_ref idref="fl-33"/>
      </object_component>
      <object_component id="oc-124">
         <name>.text:enableMotor</name>
         <load_address>0xc998</load_address>
         <run_address>0xc998</run_address>
         <size>0x1e</size>
         <input_file_ref idref="fl-2"/>
      </object_component>
      <object_component id="oc-15e">
         <name>.text:mapToDriverSpeed</name>
         <load_address>0xc9b6</load_address>
         <run_address>0xc9b6</run_address>
         <size>0x1c</size>
         <input_file_ref idref="fl-2"/>
      </object_component>
      <object_component id="oc-3a">
         <name>.text:_c_int00_noexit</name>
         <load_address>0xc9d2</load_address>
         <run_address>0xc9d2</run_address>
         <size>0x1a</size>
         <input_file_ref idref="fl-1e"/>
      </object_component>
      <object_component id="oc-11a">
         <name>.text:delayMilliseconds</name>
         <load_address>0xc9ec</load_address>
         <run_address>0xc9ec</run_address>
         <size>0x16</size>
         <input_file_ref idref="fl-2"/>
      </object_component>
      <object_component id="oc-222">
         <name>.text</name>
         <load_address>0xca02</load_address>
         <run_address>0xca02</run_address>
         <size>0x16</size>
         <input_file_ref idref="fl-23"/>
      </object_component>
      <object_component id="oc-44">
         <name>.text:decompress:ZI:__TI_zero_init</name>
         <load_address>0xca18</load_address>
         <run_address>0xca18</run_address>
         <size>0x14</size>
         <input_file_ref idref="fl-21"/>
      </object_component>
      <object_component id="oc-109">
         <name>.text</name>
         <load_address>0xca2c</load_address>
         <run_address>0xca2c</run_address>
         <size>0x14</size>
         <input_file_ref idref="fl-32"/>
      </object_component>
      <object_component id="oc-158">
         <name>.text:scaleSpeedByVoltage</name>
         <load_address>0xca40</load_address>
         <run_address>0xca40</run_address>
         <size>0x14</size>
         <input_file_ref idref="fl-2"/>
      </object_component>
      <object_component id="oc-3f">
         <name>.text:decompress:none:__TI_decompress_none</name>
         <load_address>0xca54</load_address>
         <run_address>0xca54</run_address>
         <size>0x12</size>
         <input_file_ref idref="fl-1f"/>
      </object_component>
      <object_component id="oc-88">
         <name>.text:memcpy</name>
         <load_address>0xca66</load_address>
         <run_address>0xca66</run_address>
         <size>0x12</size>
         <input_file_ref idref="fl-31"/>
      </object_component>
      <object_component id="oc-114">
         <name>.text</name>
         <load_address>0xca78</load_address>
         <run_address>0xca78</run_address>
         <size>0x10</size>
         <input_file_ref idref="fl-26"/>
      </object_component>
      <object_component id="oc-152">
         <name>.text:setAccel</name>
         <load_address>0xca88</load_address>
         <run_address>0xca88</run_address>
         <size>0xe</size>
         <input_file_ref idref="fl-2"/>
      </object_component>
      <object_component id="oc-5b">
         <name>.text:__TI_ISR_TRAP</name>
         <load_address>0xca96</load_address>
         <run_address>0xca96</run_address>
         <size>0x6</size>
         <input_file_ref idref="fl-2e"/>
      </object_component>
      <object_component id="oc-49">
         <name>.text:decompress:rle24:__TI_decompress_rle24</name>
         <load_address>0xca9c</load_address>
         <run_address>0xca9c</run_address>
         <size>0x6</size>
         <input_file_ref idref="fl-20"/>
      </object_component>
      <object_component id="oc-130">
         <name>.text:disengageBrake</name>
         <load_address>0xcaa2</load_address>
         <run_address>0xcaa2</run_address>
         <size>0x6</size>
         <input_file_ref idref="fl-2"/>
      </object_component>
      <object_component id="oc-10d">
         <name>.text:engageBrake</name>
         <load_address>0xcaa8</load_address>
         <run_address>0xcaa8</run_address>
         <size>0x6</size>
         <input_file_ref idref="fl-2"/>
      </object_component>
      <object_component id="oc-73">
         <name>.text:_system_pre_init</name>
         <load_address>0xcaae</load_address>
         <run_address>0xcaae</run_address>
         <size>0x4</size>
         <input_file_ref idref="fl-34"/>
      </object_component>
      <object_component id="oc-82">
         <name>.text:abort</name>
         <load_address>0xcab2</load_address>
         <run_address>0xcab2</run_address>
         <size>0x4</size>
         <input_file_ref idref="fl-27"/>
      </object_component>
      <object_component id="oc-271">
         <name>.cinit..data.load</name>
         <load_address>0xcac2</load_address>
         <run_address>0xcac2</run_address>
         <size>0x8</size>
      </object_component>
      <object_component id="oc-26e">
         <name>__TI_handler_table</name>
         <load_address>0xcaca</load_address>
         <run_address>0xcaca</run_address>
         <size>0x6</size>
      </object_component>
      <object_component id="oc-270">
         <name>.cinit..bss.load</name>
         <load_address>0xcad0</load_address>
         <run_address>0xcad0</run_address>
         <size>0x4</size>
      </object_component>
      <object_component id="oc-26f">
         <name>__TI_cinit_table</name>
         <load_address>0xcad4</load_address>
         <run_address>0xcad4</run_address>
         <size>0x8</size>
      </object_component>
      <object_component id="oc-d4">
         <name>.const</name>
         <load_address>0xcab6</load_address>
         <run_address>0xcab6</run_address>
         <size>0xc</size>
         <input_file_ref idref="fl-2"/>
      </object_component>
      <object_component id="oc-2e">
         <name>.int02</name>
         <load_address>0xffe4</load_address>
         <run_address>0xffe4</run_address>
         <size>0x2</size>
         <input_file_ref idref="fl-2"/>
      </object_component>
      <object_component id="oc-2f">
         <name>.int03</name>
         <load_address>0xffe6</load_address>
         <run_address>0xffe6</run_address>
         <size>0x2</size>
         <input_file_ref idref="fl-2"/>
      </object_component>
      <object_component id="oc-30">
         <name>.int05</name>
         <load_address>0xffea</load_address>
         <run_address>0xffea</run_address>
         <size>0x2</size>
         <input_file_ref idref="fl-28"/>
      </object_component>
      <object_component id="oc-31">
         <name>.int06</name>
         <load_address>0xffec</load_address>
         <run_address>0xffec</run_address>
         <size>0x2</size>
         <input_file_ref idref="fl-2"/>
      </object_component>
      <object_component id="oc-32">
         <name>.int07</name>
         <load_address>0xffee</load_address>
         <run_address>0xffee</run_address>
         <size>0x2</size>
         <input_file_ref idref="fl-2"/>
      </object_component>
      <object_component id="oc-33">
         <name>.int08</name>
         <load_address>0xfff0</load_address>
         <run_address>0xfff0</run_address>
         <size>0x2</size>
         <input_file_ref idref="fl-29"/>
      </object_component>
      <object_component id="oc-34">
         <name>.int09</name>
         <load_address>0xfff2</load_address>
         <run_address>0xfff2</run_address>
         <size>0x2</size>
         <input_file_ref idref="fl-2"/>
      </object_component>
      <object_component id="oc-35">
         <name>.int10</name>
         <load_address>0xfff4</load_address>
         <run_address>0xfff4</run_address>
         <size>0x2</size>
         <input_file_ref idref="fl-2a"/>
      </object_component>
      <object_component id="oc-36">
         <name>.int11</name>
         <load_address>0xfff6</load_address>
         <run_address>0xfff6</run_address>
         <size>0x2</size>
         <input_file_ref idref="fl-2b"/>
      </object_component>
      <object_component id="oc-37">
         <name>.int12</name>
         <load_address>0xfff8</load_address>
         <run_address>0xfff8</run_address>
         <size>0x2</size>
         <input_file_ref idref="fl-2c"/>
      </object_component>
      <object_component id="oc-38">
         <name>.int13</name>
         <load_address>0xfffa</load_address>
         <run_address>0xfffa</run_address>
         <size>0x2</size>
         <input_file_ref idref="fl-2"/>
      </object_component>
      <object_component id="oc-39">
         <name>.int14</name>
         <load_address>0xfffc</load_address>
         <run_address>0xfffc</run_address>
         <size>0x2</size>
         <input_file_ref idref="fl-2d"/>
      </object_component>
      <object_component id="oc-50">
         <name>.reset</name>
         <load_address>0xfffe</load_address>
         <run_address>0xfffe</run_address>
         <size>0x2</size>
         <input_file_ref idref="fl-1e"/>
      </object_component>
      <object_component id="oc-17a">
         <name>.common:RXSpeed</name>
         <uninitialized>true</uninitialized>
         <run_address>0x230</run_address>
         <size>0x2</size>
      </object_component>
      <object_component id="oc-17b">
         <name>.common:RXAccel</name>
         <uninitialized>true</uninitialized>
         <run_address>0x224</run_address>
         <size>0x2</size>
      </object_component>
      <object_component id="oc-df">
         <name>.common:RXAddress</name>
         <uninitialized>true</uninitialized>
         <run_address>0x226</run_address>
         <size>0x2</size>
      </object_component>
      <object_component id="oc-163">
         <name>.common:outgoSpeedVal</name>
         <uninitialized>true</uninitialized>
         <run_address>0x24a</run_address>
         <size>0x2</size>
      </object_component>
      <object_component id="oc-15d">
         <name>.common:adjustedSpeedVal</name>
         <uninitialized>true</uninitialized>
         <run_address>0x238</run_address>
         <size>0x2</size>
      </object_component>
      <object_component id="oc-171">
         <name>.common:currentOutgoSpeed</name>
         <uninitialized>true</uninitialized>
         <run_address>0x23a</run_address>
         <size>0x2</size>
      </object_component>
      <object_component id="oc-172">
         <name>.common:trueOutgoSpeed</name>
         <uninitialized>true</uninitialized>
         <run_address>0x24c</run_address>
         <size>0x2</size>
      </object_component>
      <object_component id="oc-20f">
         <name>.common:i</name>
         <uninitialized>true</uninitialized>
         <run_address>0x23e</run_address>
         <size>0x2</size>
      </object_component>
      <object_component id="oc-1c6">
         <name>.common:j</name>
         <uninitialized>true</uninitialized>
         <run_address>0x244</run_address>
         <size>0x2</size>
      </object_component>
      <object_component id="oc-1d5">
         <name>.common:maxAccel</name>
         <uninitialized>true</uninitialized>
         <run_address>0x246</run_address>
         <size>0x2</size>
      </object_component>
      <object_component id="oc-144">
         <name>.common:TXValue</name>
         <uninitialized>true</uninitialized>
         <run_address>0x21c</run_address>
         <size>0x4</size>
      </object_component>
      <object_component id="oc-1c8">
         <name>.common:TXData</name>
         <uninitialized>true</uninitialized>
         <run_address>0x214</run_address>
         <size>0x8</size>
      </object_component>
      <object_component id="oc-1c9">
         <name>.common:TXbyteCtr</name>
         <uninitialized>true</uninitialized>
         <run_address>0x252</run_address>
         <size>0x1</size>
      </object_component>
      <object_component id="oc-de">
         <name>.common:RXAddressCheck</name>
         <uninitialized>true</uninitialized>
         <run_address>0x228</run_address>
         <size>0x2</size>
      </object_component>
      <object_component id="oc-17c">
         <name>.common:RXNum</name>
         <uninitialized>true</uninitialized>
         <run_address>0x24f</run_address>
         <size>0x1</size>
      </object_component>
      <object_component id="oc-17e">
         <name>.common:RXValue</name>
         <uninitialized>true</uninitialized>
         <run_address>0x232</run_address>
         <size>0x2</size>
      </object_component>
      <object_component id="oc-17f">
         <name>.common:RXbyteCtr</name>
         <uninitialized>true</uninitialized>
         <run_address>0x250</run_address>
         <size>0x1</size>
      </object_component>
      <object_component id="oc-1ca">
         <name>.common:transmitUARTflag</name>
         <uninitialized>true</uninitialized>
         <run_address>0x256</run_address>
         <size>0x1</size>
      </object_component>
      <object_component id="oc-d7">
         <name>.common:startReceiving</name>
         <uninitialized>true</uninitialized>
         <run_address>0x255</run_address>
         <size>0x1</size>
      </object_component>
      <object_component id="oc-232">
         <name>.common:TBitCnt</name>
         <uninitialized>true</uninitialized>
         <run_address>0x251</run_address>
         <size>0x1</size>
      </object_component>
      <object_component id="oc-22f">
         <name>.common:TXSData</name>
         <uninitialized>true</uninitialized>
         <run_address>0x200</run_address>
         <size>0xc</size>
      </object_component>
      <object_component id="oc-101">
         <name>.common:TXSCounter</name>
         <uninitialized>true</uninitialized>
         <run_address>0x236</run_address>
         <size>0x2</size>
      </object_component>
      <object_component id="oc-234">
         <name>.common:TXSByte</name>
         <uninitialized>true</uninitialized>
         <run_address>0x234</run_address>
         <size>0x2</size>
      </object_component>
      <object_component id="oc-102">
         <name>.common:RBitCnt</name>
         <uninitialized>true</uninitialized>
         <run_address>0x24e</run_address>
         <size>0x1</size>
      </object_component>
      <object_component id="oc-1f6">
         <name>.common:RXSData</name>
         <uninitialized>true</uninitialized>
         <run_address>0x20c</run_address>
         <size>0x8</size>
      </object_component>
      <object_component id="oc-21d">
         <name>.common:RXSCounter</name>
         <uninitialized>true</uninitialized>
         <run_address>0x22c</run_address>
         <size>0x2</size>
      </object_component>
      <object_component id="oc-21e">
         <name>.common:RXSNum</name>
         <uninitialized>true</uninitialized>
         <run_address>0x22e</run_address>
         <size>0x2</size>
      </object_component>
      <object_component id="oc-f0">
         <name>.common:RXSByte</name>
         <uninitialized>true</uninitialized>
         <run_address>0x22a</run_address>
         <size>0x2</size>
      </object_component>
      <object_component id="oc-231">
         <name>.common:isReceiving</name>
         <uninitialized>true</uninitialized>
         <run_address>0x240</run_address>
         <size>0x2</size>
      </object_component>
      <object_component id="oc-1ae">
         <name>.common:hasReceived</name>
         <uninitialized>true</uninitialized>
         <run_address>0x23c</run_address>
         <size>0x2</size>
      </object_component>
      <object_component id="oc-235">
         <name>.common:isTransmitting</name>
         <uninitialized>true</uninitialized>
         <run_address>0x242</run_address>
         <size>0x2</size>
      </object_component>
      <object_component id="oc-1ac">
         <name>.common:motorCmdReady</name>
         <uninitialized>true</uninitialized>
         <run_address>0x248</run_address>
         <size>0x2</size>
      </object_component>
      <object_component id="oc-b9">
         <name>.common:readState</name>
         <uninitialized>true</uninitialized>
         <run_address>0x254</run_address>
         <size>0x1</size>
      </object_component>
      <object_component id="oc-1af">
         <name>.common:oldState</name>
         <uninitialized>true</uninitialized>
         <run_address>0x253</run_address>
         <size>0x1</size>
      </object_component>
      <object_component id="oc-13e">
         <name>.common:rotNumber</name>
         <uninitialized>true</uninitialized>
         <run_address>0x220</run_address>
         <size>0x4</size>
      </object_component>
      <object_component id="oc-c4">
         <name>.data</name>
         <load_address>0x258</load_address>
         <run_address>0x258</run_address>
         <size>0x4</size>
         <input_file_ref idref="fl-2"/>
      </object_component>
      <object_component id="oc-3b">
         <name>.debug_line</name>
         <load_address>0x0</load_address>
         <run_address>0x0</run_address>
         <size>0x44</size>
         <input_file_ref idref="fl-1e"/>
      </object_component>
      <object_component id="oc-40">
         <name>.debug_line</name>
         <load_address>0x44</load_address>
         <run_address>0x44</run_address>
         <size>0x50</size>
         <input_file_ref idref="fl-1f"/>
      </object_component>
      <object_component id="oc-47">
         <name>.debug_line</name>
         <load_address>0x94</load_address>
         <run_address>0x94</run_address>
         <size>0x4a</size>
         <input_file_ref idref="fl-21"/>
      </object_component>
      <object_component id="oc-4b">
         <name>.debug_line</name>
         <load_address>0xde</load_address>
         <run_address>0xde</run_address>
         <size>0x49</size>
         <input_file_ref idref="fl-20"/>
      </object_component>
      <object_component id="oc-54">
         <name>.debug_line</name>
         <load_address>0x127</load_address>
         <run_address>0x127</run_address>
         <size>0x69</size>
         <input_file_ref idref="fl-2"/>
      </object_component>
      <object_component id="oc-59">
         <name>.debug_line</name>
         <load_address>0x190</load_address>
         <run_address>0x190</run_address>
         <size>0x60</size>
         <input_file_ref idref="fl-2"/>
      </object_component>
      <object_component id="oc-5e">
         <name>.debug_line</name>
         <load_address>0x1f0</load_address>
         <run_address>0x1f0</run_address>
         <size>0x3c</size>
         <input_file_ref idref="fl-2e"/>
      </object_component>
      <object_component id="oc-61">
         <name>.debug_line</name>
         <load_address>0x22c</load_address>
         <run_address>0x22c</run_address>
         <size>0x5e</size>
         <input_file_ref idref="fl-2"/>
      </object_component>
      <object_component id="oc-67">
         <name>.debug_line</name>
         <load_address>0x28a</load_address>
         <run_address>0x28a</run_address>
         <size>0x6d</size>
         <input_file_ref idref="fl-2"/>
      </object_component>
      <object_component id="oc-6c">
         <name>.debug_line</name>
         <load_address>0x2f7</load_address>
         <run_address>0x2f7</run_address>
         <size>0x8d</size>
         <input_file_ref idref="fl-2"/>
      </object_component>
      <object_component id="oc-71">
         <name>.debug_line</name>
         <load_address>0x384</load_address>
         <run_address>0x384</run_address>
         <size>0x75</size>
         <input_file_ref idref="fl-2"/>
      </object_component>
      <object_component id="oc-76">
         <name>.debug_line</name>
         <load_address>0x3f9</load_address>
         <run_address>0x3f9</run_address>
         <size>0x3e</size>
         <input_file_ref idref="fl-34"/>
      </object_component>
      <object_component id="oc-79">
         <name>.debug_line</name>
         <load_address>0x437</load_address>
         <run_address>0x437</run_address>
         <size>0x6b</size>
         <input_file_ref idref="fl-37"/>
      </object_component>
      <object_component id="oc-7f">
         <name>.debug_line</name>
         <load_address>0x4a2</load_address>
         <run_address>0x4a2</run_address>
         <size>0x87</size>
         <input_file_ref idref="fl-2"/>
      </object_component>
      <object_component id="oc-84">
         <name>.debug_line</name>
         <load_address>0x529</load_address>
         <run_address>0x529</run_address>
         <size>0x3a</size>
         <input_file_ref idref="fl-27"/>
      </object_component>
      <object_component id="oc-8c">
         <name>.debug_line</name>
         <load_address>0x563</load_address>
         <run_address>0x563</run_address>
         <size>0x45</size>
         <input_file_ref idref="fl-31"/>
      </object_component>
      <object_component id="oc-90">
         <name>.debug_line</name>
         <load_address>0x5a8</load_address>
         <run_address>0x5a8</run_address>
         <size>0x3a</size>
         <input_file_ref idref="fl-1f"/>
      </object_component>
      <object_component id="oc-97">
         <name>.debug_line</name>
         <load_address>0x5e2</load_address>
         <run_address>0x5e2</run_address>
         <size>0x34</size>
         <input_file_ref idref="fl-21"/>
      </object_component>
      <object_component id="oc-9d">
         <name>.debug_line</name>
         <load_address>0x616</load_address>
         <run_address>0x616</run_address>
         <size>0x80</size>
         <input_file_ref idref="fl-20"/>
      </object_component>
      <object_component id="oc-a4">
         <name>.debug_line</name>
         <load_address>0x696</load_address>
         <run_address>0x696</run_address>
         <size>0x39</size>
         <input_file_ref idref="fl-20"/>
      </object_component>
      <object_component id="oc-a8">
         <name>.debug_line</name>
         <load_address>0x6cf</load_address>
         <run_address>0x6cf</run_address>
         <size>0x2a</size>
         <input_file_ref idref="fl-1e"/>
      </object_component>
      <object_component id="oc-ab">
         <name>.debug_line</name>
         <load_address>0x6f9</load_address>
         <run_address>0x6f9</run_address>
         <size>0x20</size>
         <input_file_ref idref="fl-2"/>
      </object_component>
      <object_component id="oc-10b">
         <name>.debug_line</name>
         <load_address>0x719</load_address>
         <run_address>0x719</run_address>
         <size>0x42</size>
         <input_file_ref idref="fl-32"/>
      </object_component>
      <object_component id="oc-10f">
         <name>.debug_line</name>
         <load_address>0x75b</load_address>
         <run_address>0x75b</run_address>
         <size>0x52</size>
         <input_file_ref idref="fl-2"/>
      </object_component>
      <object_component id="oc-116">
         <name>.debug_line</name>
         <load_address>0x7ad</load_address>
         <run_address>0x7ad</run_address>
         <size>0x40</size>
         <input_file_ref idref="fl-26"/>
      </object_component>
      <object_component id="oc-11c">
         <name>.debug_line</name>
         <load_address>0x7ed</load_address>
         <run_address>0x7ed</run_address>
         <size>0x58</size>
         <input_file_ref idref="fl-2"/>
      </object_component>
      <object_component id="oc-121">
         <name>.debug_line</name>
         <load_address>0x845</load_address>
         <run_address>0x845</run_address>
         <size>0x72</size>
         <input_file_ref idref="fl-2"/>
      </object_component>
      <object_component id="oc-126">
         <name>.debug_line</name>
         <load_address>0x8b7</load_address>
         <run_address>0x8b7</run_address>
         <size>0x55</size>
         <input_file_ref idref="fl-2"/>
      </object_component>
      <object_component id="oc-132">
         <name>.debug_line</name>
         <load_address>0x90c</load_address>
         <run_address>0x90c</run_address>
         <size>0x52</size>
         <input_file_ref idref="fl-2"/>
      </object_component>
      <object_component id="oc-138">
         <name>.debug_line</name>
         <load_address>0x95e</load_address>
         <run_address>0x95e</run_address>
         <size>0x4e</size>
         <input_file_ref idref="fl-1c"/>
      </object_component>
      <object_component id="oc-141">
         <name>.debug_line</name>
         <load_address>0x9ac</load_address>
         <run_address>0x9ac</run_address>
         <size>0x56</size>
         <input_file_ref idref="fl-1d"/>
      </object_component>
      <object_component id="oc-147">
         <name>.debug_line</name>
         <load_address>0xa02</load_address>
         <run_address>0xa02</run_address>
         <size>0x6f</size>
         <input_file_ref idref="fl-2"/>
      </object_component>
      <object_component id="oc-14e">
         <name>.debug_line</name>
         <load_address>0xa71</load_address>
         <run_address>0xa71</run_address>
         <size>0x5a</size>
         <input_file_ref idref="fl-2"/>
      </object_component>
      <object_component id="oc-154">
         <name>.debug_line</name>
         <load_address>0xacb</load_address>
         <run_address>0xacb</run_address>
         <size>0x53</size>
         <input_file_ref idref="fl-2"/>
      </object_component>
      <object_component id="oc-15a">
         <name>.debug_line</name>
         <load_address>0xb1e</load_address>
         <run_address>0xb1e</run_address>
         <size>0x53</size>
         <input_file_ref idref="fl-2"/>
      </object_component>
      <object_component id="oc-160">
         <name>.debug_line</name>
         <load_address>0xb71</load_address>
         <run_address>0xb71</run_address>
         <size>0x5d</size>
         <input_file_ref idref="fl-2"/>
      </object_component>
      <object_component id="oc-166">
         <name>.debug_line</name>
         <load_address>0xbce</load_address>
         <run_address>0xbce</run_address>
         <size>0x62</size>
         <input_file_ref idref="fl-2"/>
      </object_component>
      <object_component id="oc-16c">
         <name>.debug_line</name>
         <load_address>0xc30</load_address>
         <run_address>0xc30</run_address>
         <size>0x5b</size>
         <input_file_ref idref="fl-2"/>
      </object_component>
      <object_component id="oc-175">
         <name>.debug_line</name>
         <load_address>0xc8b</load_address>
         <run_address>0xc8b</run_address>
         <size>0x5f</size>
         <input_file_ref idref="fl-2"/>
      </object_component>
      <object_component id="oc-186">
         <name>.debug_line</name>
         <load_address>0xcea</load_address>
         <run_address>0xcea</run_address>
         <size>0x44</size>
         <input_file_ref idref="fl-21"/>
      </object_component>
      <object_component id="oc-18b">
         <name>.debug_line</name>
         <load_address>0xd2e</load_address>
         <run_address>0xd2e</run_address>
         <size>0x44</size>
         <input_file_ref idref="fl-1f"/>
      </object_component>
      <object_component id="oc-18f">
         <name>.debug_line</name>
         <load_address>0xd72</load_address>
         <run_address>0xd72</run_address>
         <size>0x20</size>
         <input_file_ref idref="fl-1f"/>
      </object_component>
      <object_component id="oc-191">
         <name>.debug_line</name>
         <load_address>0xd92</load_address>
         <run_address>0xd92</run_address>
         <size>0x20</size>
         <input_file_ref idref="fl-21"/>
      </object_component>
      <object_component id="oc-194">
         <name>.debug_line</name>
         <load_address>0xdb2</load_address>
         <run_address>0xdb2</run_address>
         <size>0x20</size>
         <input_file_ref idref="fl-20"/>
      </object_component>
      <object_component id="oc-196">
         <name>.debug_line</name>
         <load_address>0xdd2</load_address>
         <run_address>0xdd2</run_address>
         <size>0xa0</size>
         <input_file_ref idref="fl-2"/>
      </object_component>
      <object_component id="oc-199">
         <name>.debug_line</name>
         <load_address>0xe72</load_address>
         <run_address>0xe72</run_address>
         <size>0x5d</size>
         <input_file_ref idref="fl-2"/>
      </object_component>
      <object_component id="oc-19e">
         <name>.debug_line</name>
         <load_address>0xecf</load_address>
         <run_address>0xecf</run_address>
         <size>0x3c</size>
         <input_file_ref idref="fl-2"/>
      </object_component>
      <object_component id="oc-1a0">
         <name>.debug_line</name>
         <load_address>0xf0b</load_address>
         <run_address>0xf0b</run_address>
         <size>0x3c</size>
         <input_file_ref idref="fl-2"/>
      </object_component>
      <object_component id="oc-1a5">
         <name>.debug_line</name>
         <load_address>0xf47</load_address>
         <run_address>0xf47</run_address>
         <size>0x2e</size>
         <input_file_ref idref="fl-37"/>
      </object_component>
      <object_component id="oc-1a8">
         <name>.debug_line</name>
         <load_address>0xf75</load_address>
         <run_address>0xf75</run_address>
         <size>0x2e</size>
         <input_file_ref idref="fl-37"/>
      </object_component>
      <object_component id="oc-1b5">
         <name>.debug_line</name>
         <load_address>0xfa3</load_address>
         <run_address>0xfa3</run_address>
         <size>0x61</size>
         <input_file_ref idref="fl-2"/>
      </object_component>
      <object_component id="oc-1d8">
         <name>.debug_line</name>
         <load_address>0x1004</load_address>
         <run_address>0x1004</run_address>
         <size>0x63</size>
         <input_file_ref idref="fl-2"/>
      </object_component>
      <object_component id="oc-1de">
         <name>.debug_line</name>
         <load_address>0x1067</load_address>
         <run_address>0x1067</run_address>
         <size>0x4d</size>
         <input_file_ref idref="fl-22"/>
      </object_component>
      <object_component id="oc-1e3">
         <name>.debug_line</name>
         <load_address>0x10b4</load_address>
         <run_address>0x10b4</run_address>
         <size>0x4e</size>
         <input_file_ref idref="fl-2f"/>
      </object_component>
      <object_component id="oc-1e7">
         <name>.debug_line</name>
         <load_address>0x1102</load_address>
         <run_address>0x1102</run_address>
         <size>0x4b</size>
         <input_file_ref idref="fl-33"/>
      </object_component>
      <object_component id="oc-1ec">
         <name>.debug_line</name>
         <load_address>0x114d</load_address>
         <run_address>0x114d</run_address>
         <size>0x57</size>
         <input_file_ref idref="fl-24"/>
      </object_component>
      <object_component id="oc-1fc">
         <name>.debug_line</name>
         <load_address>0x11a4</load_address>
         <run_address>0x11a4</run_address>
         <size>0x5e</size>
         <input_file_ref idref="fl-30"/>
      </object_component>
      <object_component id="oc-204">
         <name>.debug_line</name>
         <load_address>0x1202</load_address>
         <run_address>0x1202</run_address>
         <size>0x20</size>
         <input_file_ref idref="fl-31"/>
      </object_component>
      <object_component id="oc-20b">
         <name>.debug_line</name>
         <load_address>0x1222</load_address>
         <run_address>0x1222</run_address>
         <size>0x61</size>
         <input_file_ref idref="fl-2"/>
      </object_component>
      <object_component id="oc-223">
         <name>.debug_line</name>
         <load_address>0x1283</load_address>
         <run_address>0x1283</run_address>
         <size>0x43</size>
         <input_file_ref idref="fl-23"/>
      </object_component>
      <object_component id="oc-22c">
         <name>.debug_line</name>
         <load_address>0x12c6</load_address>
         <run_address>0x12c6</run_address>
         <size>0x64</size>
         <input_file_ref idref="fl-25"/>
      </object_component>
      <object_component id="oc-3c">
         <name>.debug_frame</name>
         <load_address>0x0</load_address>
         <run_address>0x0</run_address>
         <size>0x42</size>
         <input_file_ref idref="fl-1e"/>
      </object_component>
      <object_component id="oc-42">
         <name>.debug_frame</name>
         <load_address>0x42</load_address>
         <run_address>0x42</run_address>
         <size>0x47</size>
         <input_file_ref idref="fl-1f"/>
      </object_component>
      <object_component id="oc-48">
         <name>.debug_frame</name>
         <load_address>0x89</load_address>
         <run_address>0x89</run_address>
         <size>0x47</size>
         <input_file_ref idref="fl-21"/>
      </object_component>
      <object_component id="oc-4d">
         <name>.debug_frame</name>
         <load_address>0xd0</load_address>
         <run_address>0xd0</run_address>
         <size>0x47</size>
         <input_file_ref idref="fl-20"/>
      </object_component>
      <object_component id="oc-53">
         <name>.debug_frame</name>
         <load_address>0x117</load_address>
         <run_address>0x117</run_address>
         <size>0x50</size>
         <input_file_ref idref="fl-2"/>
      </object_component>
      <object_component id="oc-58">
         <name>.debug_frame</name>
         <load_address>0x167</load_address>
         <run_address>0x167</run_address>
         <size>0x47</size>
         <input_file_ref idref="fl-2"/>
      </object_component>
      <object_component id="oc-62">
         <name>.debug_frame</name>
         <load_address>0x1ae</load_address>
         <run_address>0x1ae</run_address>
         <size>0x50</size>
         <input_file_ref idref="fl-2"/>
      </object_component>
      <object_component id="oc-66">
         <name>.debug_frame</name>
         <load_address>0x1fe</load_address>
         <run_address>0x1fe</run_address>
         <size>0x59</size>
         <input_file_ref idref="fl-2"/>
      </object_component>
      <object_component id="oc-6b">
         <name>.debug_frame</name>
         <load_address>0x257</load_address>
         <run_address>0x257</run_address>
         <size>0x5a</size>
         <input_file_ref idref="fl-2"/>
      </object_component>
      <object_component id="oc-70">
         <name>.debug_frame</name>
         <load_address>0x2b1</load_address>
         <run_address>0x2b1</run_address>
         <size>0x75</size>
         <input_file_ref idref="fl-2"/>
      </object_component>
      <object_component id="oc-75">
         <name>.debug_frame</name>
         <load_address>0x326</load_address>
         <run_address>0x326</run_address>
         <size>0x47</size>
         <input_file_ref idref="fl-34"/>
      </object_component>
      <object_component id="oc-7a">
         <name>.debug_frame</name>
         <load_address>0x36d</load_address>
         <run_address>0x36d</run_address>
         <size>0x51</size>
         <input_file_ref idref="fl-37"/>
      </object_component>
      <object_component id="oc-80">
         <name>.debug_frame</name>
         <load_address>0x3be</load_address>
         <run_address>0x3be</run_address>
         <size>0x48</size>
         <input_file_ref idref="fl-2"/>
      </object_component>
      <object_component id="oc-85">
         <name>.debug_frame</name>
         <load_address>0x406</load_address>
         <run_address>0x406</run_address>
         <size>0x47</size>
         <input_file_ref idref="fl-27"/>
      </object_component>
      <object_component id="oc-89">
         <name>.debug_frame</name>
         <load_address>0x44d</load_address>
         <run_address>0x44d</run_address>
         <size>0x47</size>
         <input_file_ref idref="fl-31"/>
      </object_component>
      <object_component id="oc-9e">
         <name>.debug_frame</name>
         <load_address>0x494</load_address>
         <run_address>0x494</run_address>
         <size>0x51</size>
         <input_file_ref idref="fl-20"/>
      </object_component>
      <object_component id="oc-110">
         <name>.debug_frame</name>
         <load_address>0x4e5</load_address>
         <run_address>0x4e5</run_address>
         <size>0x47</size>
         <input_file_ref idref="fl-2"/>
      </object_component>
      <object_component id="oc-11d">
         <name>.debug_frame</name>
         <load_address>0x52c</load_address>
         <run_address>0x52c</run_address>
         <size>0x47</size>
         <input_file_ref idref="fl-2"/>
      </object_component>
      <object_component id="oc-122">
         <name>.debug_frame</name>
         <load_address>0x573</load_address>
         <run_address>0x573</run_address>
         <size>0x48</size>
         <input_file_ref idref="fl-2"/>
      </object_component>
      <object_component id="oc-127">
         <name>.debug_frame</name>
         <load_address>0x5bb</load_address>
         <run_address>0x5bb</run_address>
         <size>0x47</size>
         <input_file_ref idref="fl-2"/>
      </object_component>
      <object_component id="oc-133">
         <name>.debug_frame</name>
         <load_address>0x602</load_address>
         <run_address>0x602</run_address>
         <size>0x47</size>
         <input_file_ref idref="fl-2"/>
      </object_component>
      <object_component id="oc-148">
         <name>.debug_frame</name>
         <load_address>0x649</load_address>
         <run_address>0x649</run_address>
         <size>0x50</size>
         <input_file_ref idref="fl-2"/>
      </object_component>
      <object_component id="oc-14f">
         <name>.debug_frame</name>
         <load_address>0x699</load_address>
         <run_address>0x699</run_address>
         <size>0x47</size>
         <input_file_ref idref="fl-2"/>
      </object_component>
      <object_component id="oc-155">
         <name>.debug_frame</name>
         <load_address>0x6e0</load_address>
         <run_address>0x6e0</run_address>
         <size>0x47</size>
         <input_file_ref idref="fl-2"/>
      </object_component>
      <object_component id="oc-15b">
         <name>.debug_frame</name>
         <load_address>0x727</load_address>
         <run_address>0x727</run_address>
         <size>0x47</size>
         <input_file_ref idref="fl-2"/>
      </object_component>
      <object_component id="oc-161">
         <name>.debug_frame</name>
         <load_address>0x76e</load_address>
         <run_address>0x76e</run_address>
         <size>0x47</size>
         <input_file_ref idref="fl-2"/>
      </object_component>
      <object_component id="oc-167">
         <name>.debug_frame</name>
         <load_address>0x7b5</load_address>
         <run_address>0x7b5</run_address>
         <size>0x50</size>
         <input_file_ref idref="fl-2"/>
      </object_component>
      <object_component id="oc-16d">
         <name>.debug_frame</name>
         <load_address>0x805</load_address>
         <run_address>0x805</run_address>
         <size>0x47</size>
         <input_file_ref idref="fl-2"/>
      </object_component>
      <object_component id="oc-176">
         <name>.debug_frame</name>
         <load_address>0x84c</load_address>
         <run_address>0x84c</run_address>
         <size>0x47</size>
         <input_file_ref idref="fl-2"/>
      </object_component>
      <object_component id="oc-1b6">
         <name>.debug_frame</name>
         <load_address>0x893</load_address>
         <run_address>0x893</run_address>
         <size>0x50</size>
         <input_file_ref idref="fl-2"/>
      </object_component>
      <object_component id="oc-1d9">
         <name>.debug_frame</name>
         <load_address>0x8e3</load_address>
         <run_address>0x8e3</run_address>
         <size>0x50</size>
         <input_file_ref idref="fl-2"/>
      </object_component>
      <object_component id="oc-20c">
         <name>.debug_frame</name>
         <load_address>0x933</load_address>
         <run_address>0x933</run_address>
         <size>0x47</size>
         <input_file_ref idref="fl-2"/>
      </object_component>
      <object_component id="oc-3d">
         <name>.debug_aranges</name>
         <load_address>0x0</load_address>
         <run_address>0x0</run_address>
         <size>0x20</size>
         <input_file_ref idref="fl-1e"/>
      </object_component>
      <object_component id="oc-43">
         <name>.debug_aranges</name>
         <load_address>0x20</load_address>
         <run_address>0x20</run_address>
         <size>0x20</size>
         <input_file_ref idref="fl-1f"/>
      </object_component>
      <object_component id="oc-45">
         <name>.debug_aranges</name>
         <load_address>0x40</load_address>
         <run_address>0x40</run_address>
         <size>0x20</size>
         <input_file_ref idref="fl-21"/>
      </object_component>
      <object_component id="oc-4c">
         <name>.debug_aranges</name>
         <load_address>0x60</load_address>
         <run_address>0x60</run_address>
         <size>0x20</size>
         <input_file_ref idref="fl-20"/>
      </object_component>
      <object_component id="oc-55">
         <name>.debug_aranges</name>
         <load_address>0x80</load_address>
         <run_address>0x80</run_address>
         <size>0x20</size>
         <input_file_ref idref="fl-2"/>
      </object_component>
      <object_component id="oc-5a">
         <name>.debug_aranges</name>
         <load_address>0xa0</load_address>
         <run_address>0xa0</run_address>
         <size>0x20</size>
         <input_file_ref idref="fl-2"/>
      </object_component>
      <object_component id="oc-5c">
         <name>.debug_aranges</name>
         <load_address>0xc0</load_address>
         <run_address>0xc0</run_address>
         <size>0x20</size>
         <input_file_ref idref="fl-2e"/>
      </object_component>
      <object_component id="oc-63">
         <name>.debug_aranges</name>
         <load_address>0xe0</load_address>
         <run_address>0xe0</run_address>
         <size>0x20</size>
         <input_file_ref idref="fl-2"/>
      </object_component>
      <object_component id="oc-68">
         <name>.debug_aranges</name>
         <load_address>0x100</load_address>
         <run_address>0x100</run_address>
         <size>0x20</size>
         <input_file_ref idref="fl-2"/>
      </object_component>
      <object_component id="oc-6d">
         <name>.debug_aranges</name>
         <load_address>0x120</load_address>
         <run_address>0x120</run_address>
         <size>0x20</size>
         <input_file_ref idref="fl-2"/>
      </object_component>
      <object_component id="oc-72">
         <name>.debug_aranges</name>
         <load_address>0x140</load_address>
         <run_address>0x140</run_address>
         <size>0x20</size>
         <input_file_ref idref="fl-2"/>
      </object_component>
      <object_component id="oc-77">
         <name>.debug_aranges</name>
         <load_address>0x160</load_address>
         <run_address>0x160</run_address>
         <size>0x20</size>
         <input_file_ref idref="fl-34"/>
      </object_component>
      <object_component id="oc-7c">
         <name>.debug_aranges</name>
         <load_address>0x180</load_address>
         <run_address>0x180</run_address>
         <size>0x20</size>
         <input_file_ref idref="fl-37"/>
      </object_component>
      <object_component id="oc-81">
         <name>.debug_aranges</name>
         <load_address>0x1a0</load_address>
         <run_address>0x1a0</run_address>
         <size>0x20</size>
         <input_file_ref idref="fl-2"/>
      </object_component>
      <object_component id="oc-86">
         <name>.debug_aranges</name>
         <load_address>0x1c0</load_address>
         <run_address>0x1c0</run_address>
         <size>0x20</size>
         <input_file_ref idref="fl-27"/>
      </object_component>
      <object_component id="oc-8a">
         <name>.debug_aranges</name>
         <load_address>0x1e0</load_address>
         <run_address>0x1e0</run_address>
         <size>0x20</size>
         <input_file_ref idref="fl-31"/>
      </object_component>
      <object_component id="oc-9f">
         <name>.debug_aranges</name>
         <load_address>0x200</load_address>
         <run_address>0x200</run_address>
         <size>0x20</size>
         <input_file_ref idref="fl-20"/>
      </object_component>
      <object_component id="oc-10a">
         <name>.debug_aranges</name>
         <load_address>0x220</load_address>
         <run_address>0x220</run_address>
         <size>0x20</size>
         <input_file_ref idref="fl-32"/>
      </object_component>
      <object_component id="oc-111">
         <name>.debug_aranges</name>
         <load_address>0x240</load_address>
         <run_address>0x240</run_address>
         <size>0x20</size>
         <input_file_ref idref="fl-2"/>
      </object_component>
      <object_component id="oc-115">
         <name>.debug_aranges</name>
         <load_address>0x260</load_address>
         <run_address>0x260</run_address>
         <size>0x20</size>
         <input_file_ref idref="fl-26"/>
      </object_component>
      <object_component id="oc-11e">
         <name>.debug_aranges</name>
         <load_address>0x280</load_address>
         <run_address>0x280</run_address>
         <size>0x20</size>
         <input_file_ref idref="fl-2"/>
      </object_component>
      <object_component id="oc-123">
         <name>.debug_aranges</name>
         <load_address>0x2a0</load_address>
         <run_address>0x2a0</run_address>
         <size>0x20</size>
         <input_file_ref idref="fl-2"/>
      </object_component>
      <object_component id="oc-128">
         <name>.debug_aranges</name>
         <load_address>0x2c0</load_address>
         <run_address>0x2c0</run_address>
         <size>0x20</size>
         <input_file_ref idref="fl-2"/>
      </object_component>
      <object_component id="oc-134">
         <name>.debug_aranges</name>
         <load_address>0x2e0</load_address>
         <run_address>0x2e0</run_address>
         <size>0x20</size>
         <input_file_ref idref="fl-2"/>
      </object_component>
      <object_component id="oc-137">
         <name>.debug_aranges</name>
         <load_address>0x300</load_address>
         <run_address>0x300</run_address>
         <size>0x20</size>
         <input_file_ref idref="fl-1c"/>
      </object_component>
      <object_component id="oc-142">
         <name>.debug_aranges</name>
         <load_address>0x320</load_address>
         <run_address>0x320</run_address>
         <size>0x20</size>
         <input_file_ref idref="fl-1d"/>
      </object_component>
      <object_component id="oc-149">
         <name>.debug_aranges</name>
         <load_address>0x340</load_address>
         <run_address>0x340</run_address>
         <size>0x20</size>
         <input_file_ref idref="fl-2"/>
      </object_component>
      <object_component id="oc-150">
         <name>.debug_aranges</name>
         <load_address>0x360</load_address>
         <run_address>0x360</run_address>
         <size>0x20</size>
         <input_file_ref idref="fl-2"/>
      </object_component>
      <object_component id="oc-156">
         <name>.debug_aranges</name>
         <load_address>0x380</load_address>
         <run_address>0x380</run_address>
         <size>0x20</size>
         <input_file_ref idref="fl-2"/>
      </object_component>
      <object_component id="oc-15c">
         <name>.debug_aranges</name>
         <load_address>0x3a0</load_address>
         <run_address>0x3a0</run_address>
         <size>0x20</size>
         <input_file_ref idref="fl-2"/>
      </object_component>
      <object_component id="oc-162">
         <name>.debug_aranges</name>
         <load_address>0x3c0</load_address>
         <run_address>0x3c0</run_address>
         <size>0x20</size>
         <input_file_ref idref="fl-2"/>
      </object_component>
      <object_component id="oc-168">
         <name>.debug_aranges</name>
         <load_address>0x3e0</load_address>
         <run_address>0x3e0</run_address>
         <size>0x20</size>
         <input_file_ref idref="fl-2"/>
      </object_component>
      <object_component id="oc-16e">
         <name>.debug_aranges</name>
         <load_address>0x400</load_address>
         <run_address>0x400</run_address>
         <size>0x20</size>
         <input_file_ref idref="fl-2"/>
      </object_component>
      <object_component id="oc-177">
         <name>.debug_aranges</name>
         <load_address>0x420</load_address>
         <run_address>0x420</run_address>
         <size>0x20</size>
         <input_file_ref idref="fl-2"/>
      </object_component>
      <object_component id="oc-1b7">
         <name>.debug_aranges</name>
         <load_address>0x440</load_address>
         <run_address>0x440</run_address>
         <size>0x20</size>
         <input_file_ref idref="fl-2"/>
      </object_component>
      <object_component id="oc-1da">
         <name>.debug_aranges</name>
         <load_address>0x460</load_address>
         <run_address>0x460</run_address>
         <size>0x20</size>
         <input_file_ref idref="fl-2"/>
      </object_component>
      <object_component id="oc-1df">
         <name>.debug_aranges</name>
         <load_address>0x480</load_address>
         <run_address>0x480</run_address>
         <size>0x20</size>
         <input_file_ref idref="fl-22"/>
      </object_component>
      <object_component id="oc-1e4">
         <name>.debug_aranges</name>
         <load_address>0x4a0</load_address>
         <run_address>0x4a0</run_address>
         <size>0x20</size>
         <input_file_ref idref="fl-2f"/>
      </object_component>
      <object_component id="oc-1e8">
         <name>.debug_aranges</name>
         <load_address>0x4c0</load_address>
         <run_address>0x4c0</run_address>
         <size>0x20</size>
         <input_file_ref idref="fl-33"/>
      </object_component>
      <object_component id="oc-1ed">
         <name>.debug_aranges</name>
         <load_address>0x4e0</load_address>
         <run_address>0x4e0</run_address>
         <size>0x20</size>
         <input_file_ref idref="fl-24"/>
      </object_component>
      <object_component id="oc-1fd">
         <name>.debug_aranges</name>
         <load_address>0x500</load_address>
         <run_address>0x500</run_address>
         <size>0x20</size>
         <input_file_ref idref="fl-30"/>
      </object_component>
      <object_component id="oc-20d">
         <name>.debug_aranges</name>
         <load_address>0x520</load_address>
         <run_address>0x520</run_address>
         <size>0x20</size>
         <input_file_ref idref="fl-2"/>
      </object_component>
      <object_component id="oc-224">
         <name>.debug_aranges</name>
         <load_address>0x540</load_address>
         <run_address>0x540</run_address>
         <size>0x20</size>
         <input_file_ref idref="fl-23"/>
      </object_component>
      <object_component id="oc-22a">
         <name>.debug_aranges</name>
         <load_address>0x560</load_address>
         <run_address>0x560</run_address>
         <size>0x20</size>
         <input_file_ref idref="fl-25"/>
      </object_component>
      <object_component id="oc-3e">
         <name>.debug_info</name>
         <load_address>0x0</load_address>
         <run_address>0x0</run_address>
         <size>0x125</size>
         <input_file_ref idref="fl-1e"/>
      </object_component>
      <object_component id="oc-41">
         <name>.debug_info</name>
         <load_address>0x125</load_address>
         <run_address>0x125</run_address>
         <size>0x194</size>
         <input_file_ref idref="fl-1f"/>
      </object_component>
      <object_component id="oc-46">
         <name>.debug_info</name>
         <load_address>0x2b9</load_address>
         <run_address>0x2b9</run_address>
         <size>0x16a</size>
         <input_file_ref idref="fl-21"/>
      </object_component>
      <object_component id="oc-4a">
         <name>.debug_info</name>
         <load_address>0x423</load_address>
         <run_address>0x423</run_address>
         <size>0x18e</size>
         <input_file_ref idref="fl-20"/>
      </object_component>
      <object_component id="oc-4f">
         <name>.debug_info</name>
         <load_address>0x5b1</load_address>
         <run_address>0x5b1</run_address>
         <size>0xaa</size>
         <input_file_ref idref="fl-1e"/>
      </object_component>
      <object_component id="oc-52">
         <name>.debug_info</name>
         <load_address>0x65b</load_address>
         <run_address>0x65b</run_address>
         <size>0x12d</size>
         <input_file_ref idref="fl-2"/>
      </object_component>
      <object_component id="oc-57">
         <name>.debug_info</name>
         <load_address>0x788</load_address>
         <run_address>0x788</run_address>
         <size>0x127</size>
         <input_file_ref idref="fl-2"/>
      </object_component>
      <object_component id="oc-5d">
         <name>.debug_info</name>
         <load_address>0x8af</load_address>
         <run_address>0x8af</run_address>
         <size>0xc2</size>
         <input_file_ref idref="fl-2e"/>
      </object_component>
      <object_component id="oc-60">
         <name>.debug_info</name>
         <load_address>0x971</load_address>
         <run_address>0x971</run_address>
         <size>0x135</size>
         <input_file_ref idref="fl-2"/>
      </object_component>
      <object_component id="oc-65">
         <name>.debug_info</name>
         <load_address>0xaa6</load_address>
         <run_address>0xaa6</run_address>
         <size>0x135</size>
         <input_file_ref idref="fl-2"/>
      </object_component>
      <object_component id="oc-6a">
         <name>.debug_info</name>
         <load_address>0xbdb</load_address>
         <run_address>0xbdb</run_address>
         <size>0x12d</size>
         <input_file_ref idref="fl-2"/>
      </object_component>
      <object_component id="oc-6f">
         <name>.debug_info</name>
         <load_address>0xd08</load_address>
         <run_address>0xd08</run_address>
         <size>0x153</size>
         <input_file_ref idref="fl-2"/>
      </object_component>
      <object_component id="oc-74">
         <name>.debug_info</name>
         <load_address>0xe5b</load_address>
         <run_address>0xe5b</run_address>
         <size>0xfd</size>
         <input_file_ref idref="fl-34"/>
      </object_component>
      <object_component id="oc-7b">
         <name>.debug_info</name>
         <load_address>0xf58</load_address>
         <run_address>0xf58</run_address>
         <size>0x14d</size>
         <input_file_ref idref="fl-37"/>
      </object_component>
      <object_component id="oc-7e">
         <name>.debug_info</name>
         <load_address>0x10a5</load_address>
         <run_address>0x10a5</run_address>
         <size>0x2d5</size>
         <input_file_ref idref="fl-2"/>
      </object_component>
      <object_component id="oc-83">
         <name>.debug_info</name>
         <load_address>0x137a</load_address>
         <run_address>0x137a</run_address>
         <size>0xcc</size>
         <input_file_ref idref="fl-27"/>
      </object_component>
      <object_component id="oc-8b">
         <name>.debug_info</name>
         <load_address>0x1446</load_address>
         <run_address>0x1446</run_address>
         <size>0x157</size>
         <input_file_ref idref="fl-31"/>
      </object_component>
      <object_component id="oc-8e">
         <name>.debug_info</name>
         <load_address>0x159d</load_address>
         <run_address>0x159d</run_address>
         <size>0x46</size>
         <input_file_ref idref="fl-1f"/>
      </object_component>
      <object_component id="oc-93">
         <name>.debug_info</name>
         <load_address>0x15e3</load_address>
         <run_address>0x15e3</run_address>
         <size>0x164</size>
         <input_file_ref idref="fl-1f"/>
      </object_component>
      <object_component id="oc-95">
         <name>.debug_info</name>
         <load_address>0x1747</load_address>
         <run_address>0x1747</run_address>
         <size>0x46</size>
         <input_file_ref idref="fl-21"/>
      </object_component>
      <object_component id="oc-9a">
         <name>.debug_info</name>
         <load_address>0x178d</load_address>
         <run_address>0x178d</run_address>
         <size>0x11f</size>
         <input_file_ref idref="fl-21"/>
      </object_component>
      <object_component id="oc-9c">
         <name>.debug_info</name>
         <load_address>0x18ac</load_address>
         <run_address>0x18ac</run_address>
         <size>0x1e9</size>
         <input_file_ref idref="fl-20"/>
      </object_component>
      <object_component id="oc-a1">
         <name>.debug_info</name>
         <load_address>0x1a95</load_address>
         <run_address>0x1a95</run_address>
         <size>0x129</size>
         <input_file_ref idref="fl-20"/>
      </object_component>
      <object_component id="oc-a2">
         <name>.debug_info</name>
         <load_address>0x1bbe</load_address>
         <run_address>0x1bbe</run_address>
         <size>0x39</size>
         <input_file_ref idref="fl-20"/>
      </object_component>
      <object_component id="oc-a9">
         <name>.debug_info</name>
         <load_address>0x1bf7</load_address>
         <run_address>0x1bf7</run_address>
         <size>0x84</size>
         <input_file_ref idref="fl-2"/>
      </object_component>
      <object_component id="oc-af">
         <name>.debug_info</name>
         <load_address>0x1c7b</load_address>
         <run_address>0x1c7b</run_address>
         <size>0xa70</size>
         <input_file_ref idref="fl-2"/>
      </object_component>
      <object_component id="oc-c5">
         <name>.debug_info</name>
         <load_address>0x26eb</load_address>
         <run_address>0x26eb</run_address>
         <size>0xfc</size>
         <input_file_ref idref="fl-2"/>
      </object_component>
      <object_component id="oc-d5">
         <name>.debug_info</name>
         <load_address>0x27e7</load_address>
         <run_address>0x27e7</run_address>
         <size>0x1ac</size>
         <input_file_ref idref="fl-2"/>
      </object_component>
      <object_component id="oc-10c">
         <name>.debug_info</name>
         <load_address>0x2993</load_address>
         <run_address>0x2993</run_address>
         <size>0xd4</size>
         <input_file_ref idref="fl-32"/>
      </object_component>
      <object_component id="oc-10e">
         <name>.debug_info</name>
         <load_address>0x2a67</load_address>
         <run_address>0x2a67</run_address>
         <size>0x12d</size>
         <input_file_ref idref="fl-2"/>
      </object_component>
      <object_component id="oc-117">
         <name>.debug_info</name>
         <load_address>0x2b94</load_address>
         <run_address>0x2b94</run_address>
         <size>0xe1</size>
         <input_file_ref idref="fl-26"/>
      </object_component>
      <object_component id="oc-119">
         <name>.debug_info</name>
         <load_address>0x2c75</load_address>
         <run_address>0x2c75</run_address>
         <size>0x2ba</size>
         <input_file_ref idref="fl-37"/>
      </object_component>
      <object_component id="oc-11b">
         <name>.debug_info</name>
         <load_address>0x2f2f</load_address>
         <run_address>0x2f2f</run_address>
         <size>0x15f</size>
         <input_file_ref idref="fl-2"/>
      </object_component>
      <object_component id="oc-120">
         <name>.debug_info</name>
         <load_address>0x308e</load_address>
         <run_address>0x308e</run_address>
         <size>0x149</size>
         <input_file_ref idref="fl-2"/>
      </object_component>
      <object_component id="oc-125">
         <name>.debug_info</name>
         <load_address>0x31d7</load_address>
         <run_address>0x31d7</run_address>
         <size>0x15c</size>
         <input_file_ref idref="fl-2"/>
      </object_component>
      <object_component id="oc-131">
         <name>.debug_info</name>
         <load_address>0x3333</load_address>
         <run_address>0x3333</run_address>
         <size>0x133</size>
         <input_file_ref idref="fl-2"/>
      </object_component>
      <object_component id="oc-139">
         <name>.debug_info</name>
         <load_address>0x3466</load_address>
         <run_address>0x3466</run_address>
         <size>0xd3</size>
         <input_file_ref idref="fl-1c"/>
      </object_component>
      <object_component id="oc-140">
         <name>.debug_info</name>
         <load_address>0x3539</load_address>
         <run_address>0x3539</run_address>
         <size>0xd9</size>
         <input_file_ref idref="fl-1d"/>
      </object_component>
      <object_component id="oc-146">
         <name>.debug_info</name>
         <load_address>0x3612</load_address>
         <run_address>0x3612</run_address>
         <size>0x1e7</size>
         <input_file_ref idref="fl-2"/>
      </object_component>
      <object_component id="oc-14d">
         <name>.debug_info</name>
         <load_address>0x37f9</load_address>
         <run_address>0x37f9</run_address>
         <size>0x178</size>
         <input_file_ref idref="fl-2"/>
      </object_component>
      <object_component id="oc-153">
         <name>.debug_info</name>
         <load_address>0x3971</load_address>
         <run_address>0x3971</run_address>
         <size>0x165</size>
         <input_file_ref idref="fl-2"/>
      </object_component>
      <object_component id="oc-159">
         <name>.debug_info</name>
         <load_address>0x3ad6</load_address>
         <run_address>0x3ad6</run_address>
         <size>0x1c0</size>
         <input_file_ref idref="fl-2"/>
      </object_component>
      <object_component id="oc-15f">
         <name>.debug_info</name>
         <load_address>0x3c96</load_address>
         <run_address>0x3c96</run_address>
         <size>0x182</size>
         <input_file_ref idref="fl-2"/>
      </object_component>
      <object_component id="oc-165">
         <name>.debug_info</name>
         <load_address>0x3e18</load_address>
         <run_address>0x3e18</run_address>
         <size>0x1c8</size>
         <input_file_ref idref="fl-2"/>
      </object_component>
      <object_component id="oc-16b">
         <name>.debug_info</name>
         <load_address>0x3fe0</load_address>
         <run_address>0x3fe0</run_address>
         <size>0x174</size>
         <input_file_ref idref="fl-2"/>
      </object_component>
      <object_component id="oc-174">
         <name>.debug_info</name>
         <load_address>0x4154</load_address>
         <run_address>0x4154</run_address>
         <size>0x1b8</size>
         <input_file_ref idref="fl-2"/>
      </object_component>
      <object_component id="oc-183">
         <name>.debug_info</name>
         <load_address>0x430c</load_address>
         <run_address>0x430c</run_address>
         <size>0x127</size>
         <input_file_ref idref="fl-31"/>
      </object_component>
      <object_component id="oc-184">
         <name>.debug_info</name>
         <load_address>0x4433</load_address>
         <run_address>0x4433</run_address>
         <size>0x2c</size>
         <input_file_ref idref="fl-21"/>
      </object_component>
      <object_component id="oc-189">
         <name>.debug_info</name>
         <load_address>0x445f</load_address>
         <run_address>0x445f</run_address>
         <size>0x2c</size>
         <input_file_ref idref="fl-1f"/>
      </object_component>
      <object_component id="oc-197">
         <name>.debug_info</name>
         <load_address>0x448b</load_address>
         <run_address>0x448b</run_address>
         <size>0x2c</size>
         <input_file_ref idref="fl-2"/>
      </object_component>
      <object_component id="oc-1a6">
         <name>.debug_info</name>
         <load_address>0x44b7</load_address>
         <run_address>0x44b7</run_address>
         <size>0x39</size>
         <input_file_ref idref="fl-37"/>
      </object_component>
      <object_component id="oc-1b4">
         <name>.debug_info</name>
         <load_address>0x44f0</load_address>
         <run_address>0x44f0</run_address>
         <size>0x184</size>
         <input_file_ref idref="fl-2"/>
      </object_component>
      <object_component id="oc-1d7">
         <name>.debug_info</name>
         <load_address>0x4674</load_address>
         <run_address>0x4674</run_address>
         <size>0x1f2</size>
         <input_file_ref idref="fl-2"/>
      </object_component>
      <object_component id="oc-1dd">
         <name>.debug_info</name>
         <load_address>0x4866</load_address>
         <run_address>0x4866</run_address>
         <size>0xe8</size>
         <input_file_ref idref="fl-22"/>
      </object_component>
      <object_component id="oc-1e2">
         <name>.debug_info</name>
         <load_address>0x494e</load_address>
         <run_address>0x494e</run_address>
         <size>0xd3</size>
         <input_file_ref idref="fl-2f"/>
      </object_component>
      <object_component id="oc-1e9">
         <name>.debug_info</name>
         <load_address>0x4a21</load_address>
         <run_address>0x4a21</run_address>
         <size>0xd4</size>
         <input_file_ref idref="fl-33"/>
      </object_component>
      <object_component id="oc-1eb">
         <name>.debug_info</name>
         <load_address>0x4af5</load_address>
         <run_address>0x4af5</run_address>
         <size>0xeb</size>
         <input_file_ref idref="fl-24"/>
      </object_component>
      <object_component id="oc-1fe">
         <name>.debug_info</name>
         <load_address>0x4be0</load_address>
         <run_address>0x4be0</run_address>
         <size>0xd3</size>
         <input_file_ref idref="fl-30"/>
      </object_component>
      <object_component id="oc-20a">
         <name>.debug_info</name>
         <load_address>0x4cb3</load_address>
         <run_address>0x4cb3</run_address>
         <size>0x18a</size>
         <input_file_ref idref="fl-2"/>
      </object_component>
      <object_component id="oc-225">
[...]
         <value>0xfffa</value>
         <object_component_ref idref="oc-38"/>
      </symbol>
      <symbol id="sm-197">
         <name>setMotorLimits</name>
         <value>0xc38c</value>
         <object_component_ref idref="oc-1d6"/>
      </symbol>
      <symbol id="sm-198">
         <name>transmitSoftUART</name>
         <value>0xc948</value>
         <object_component_ref idref="oc-1b3"/>
      </symbol>
      <symbol id="sm-199">
         <name>Timer0_A0</name>
         <value>0xc148</value>
         <object_component_ref idref="oc-69"/>
      </symbol>
      <symbol id="sm-19a">
         <name>Port_2</name>
         <value>0xc7ba</value>
         <object_component_ref idref="oc-56"/>
      </symbol>
      <symbol id="sm-19b">
         <name>setAccel</name>
         <value>0xca88</value>
         <object_component_ref idref="oc-152"/>
      </symbol>
      <symbol id="sm-19c">
         <name>readVoltage</name>
         <value>0xc868</value>
         <object_component_ref idref="oc-14c"/>
      </symbol>
      <symbol id="sm-19d">
         <name>PORT1_ISR</name>
         <value>0xc486</value>
         <object_component_ref idref="oc-51"/>
      </symbol>
      <symbol id="sm-19e">
         <name>disengageBrake</name>
         <value>0xcaa2</value>
         <object_component_ref idref="oc-130"/>
      </symbol>
      <symbol id="sm-19f">
         <name>RSTDELAY</name>
         <value>0xcac0</value>
         <object_component_ref idref="oc-d4"/>
      </symbol>
      <symbol id="sm-1a0">
         <name>main</name>
         <value>0xc000</value>
         <object_component_ref idref="oc-7d"/>
      </symbol>
      <symbol id="sm-1a1">
         <name>MAXACCELINIT</name>
         <value>0xcaba</value>
         <object_component_ref idref="oc-d4"/>
      </symbol>
      <symbol id="sm-1a2">
         <name>PTXData</name>
         <value>0x25a</value>
         <object_component_ref idref="oc-c4"/>
      </symbol>
      <symbol id="sm-1a3">
         <name>initializeMotor</name>
         <value>0xc2d8</value>
         <object_component_ref idref="oc-11f"/>
      </symbol>
      <symbol id="sm-1a4">
         <name>enableMotor</name>
         <value>0xc998</value>
         <object_component_ref idref="oc-124"/>
      </symbol>
      <symbol id="sm-1a5">
         <name>USCIAB0RX_ISR</name>
         <value>0xc40a</value>
         <object_component_ref idref="oc-64"/>
      </symbol>
      <symbol id="sm-1a6">
         <name>USCIAB0TX_ISR</name>
         <value>0xc91e</value>
         <object_component_ref idref="oc-5f"/>
      </symbol>
      <symbol id="sm-1a7">
         <name>voltage</name>
         <value>0x258</value>
         <object_component_ref idref="oc-c4"/>
      </symbol>
      <symbol id="sm-1a8">
         <name>HARDMAXACCEL</name>
         <value>0xcab8</value>
         <object_component_ref idref="oc-d4"/>
      </symbol>
      <symbol id="sm-1a9">
         <name>mapToDriverSpeed</name>
         <value>0xc9b6</value>
         <object_component_ref idref="oc-15e"/>
      </symbol>
      <symbol id="sm-1aa">
         <name>transmitSoftByte</name>
         <value>0xc658</value>
         <object_component_ref idref="oc-209"/>
      </symbol>
      <symbol id="sm-1ab">
         <name>CENTRAL_ADDRESS</name>
         <value>0xcabe</value>
         <object_component_ref idref="oc-d4"/>
      </symbol>
      <symbol id="sm-1ac">
         <name>scaleSpeedByVoltage</name>
         <value>0xca40</value>
         <object_component_ref idref="oc-158"/>
      </symbol>
      <symbol id="sm-1ad">
         <name>SLAVEADDRESS</name>
         <value>0xcabc</value>
         <object_component_ref idref="oc-d4"/>
      </symbol>
      <symbol id="sm-1b4">
         <name>__mspabi_srai</name>
         <value>0xc89a</value>
         <object_component_ref idref="oc-136"/>
      </symbol>
      <symbol id="sm-1b5">
         <name>__mspabi_srai_8</name>
         <value>0xc8b4</value>
         <object_component_ref idref="oc-136"/>
      </symbol>
      <symbol id="sm-1b6">
         <name>__mspabi_srai_9</name>
         <value>0xc8b2</value>
         <object_component_ref idref="oc-136"/>
      </symbol>
      <symbol id="sm-1b7">
         <name>__mspabi_srai_6</name>
         <value>0xc8b8</value>
         <object_component_ref idref="oc-136"/>
      </symbol>
      <symbol id="sm-1b8">
         <name>__mspabi_srai_7</name>
         <value>0xc8b6</value>
         <object_component_ref idref="oc-136"/>
      </symbol>
      <symbol id="sm-1b9">
         <name>__mspabi_srai_4</name>
         <value>0xc8bc</value>
         <object_component_ref idref="oc-136"/>
      </symbol>
      <symbol id="sm-1ba">
         <name>__mspabi_srai_5</name>
         <value>0xc8ba</value>
         <object_component_ref idref="oc-136"/>
      </symbol>
      <symbol id="sm-1bb">
         <name>__mspabi_srai_2</name>
         <value>0xc8c0</value>
         <object_component_ref idref="oc-136"/>
      </symbol>
      <symbol id="sm-1bc">
         <name>__mspabi_srai_3</name>
         <value>0xc8be</value>
         <object_component_ref idref="oc-136"/>
      </symbol>
      <symbol id="sm-1bd">
         <name>__mspabi_srai_1</name>
         <value>0xc8c2</value>
         <object_component_ref idref="oc-136"/>
      </symbol>
      <symbol id="sm-1be">
         <name>__mspabi_srai_15</name>
         <value>0xc8a6</value>
         <object_component_ref idref="oc-136"/>
      </symbol>
      <symbol id="sm-1bf">
         <name>__mspabi_srai_14</name>
         <value>0xc8a8</value>
         <object_component_ref idref="oc-136"/>
      </symbol>
      <symbol id="sm-1c0">
         <name>__mspabi_srai_13</name>
         <value>0xc8aa</value>
         <object_component_ref idref="oc-136"/>
      </symbol>
      <symbol id="sm-1c1">
         <name>__mspabi_srai_12</name>
         <value>0xc8ac</value>
         <object_component_ref idref="oc-136"/>
      </symbol>
      <symbol id="sm-1c2">
         <name>__mspabi_srai_11</name>
         <value>0xc8ae</value>
         <object_component_ref idref="oc-136"/>
      </symbol>
      <symbol id="sm-1c3">
         <name>__mspabi_srai_10</name>
         <value>0xc8b0</value>
         <object_component_ref idref="oc-136"/>
      </symbol>
      <symbol id="sm-1ca">
         <name>__mspabi_sral_15</name>
         <value>0xc77c</value>
         <object_component_ref idref="oc-13f"/>
      </symbol>
      <symbol id="sm-1cb">
         <name>__mspabi_sral_14</name>
         <value>0xc780</value>
         <object_component_ref idref="oc-13f"/>
      </symbol>
      <symbol id="sm-1cc">
         <name>__mspabi_sral_13</name>
         <value>0xc784</value>
         <object_component_ref idref="oc-13f"/>
      </symbol>
      <symbol id="sm-1cd">
         <name>__mspabi_sral_12</name>
         <value>0xc788</value>
         <object_component_ref idref="oc-13f"/>
      </symbol>
      <symbol id="sm-1ce">
         <name>__mspabi_sral_11</name>
         <value>0xc78c</value>
         <object_component_ref idref="oc-13f"/>
      </symbol>
      <symbol id="sm-1cf">
         <name>__mspabi_sral_10</name>
         <value>0xc790</value>
         <object_component_ref idref="oc-13f"/>
      </symbol>
      <symbol id="sm-1d0">
         <name>__mspabi_sral_8</name>
         <value>0xc798</value>
         <object_component_ref idref="oc-13f"/>
      </symbol>
      <symbol id="sm-1d1">
         <name>__mspabi_sral_9</name>
         <value>0xc794</value>
         <object_component_ref idref="oc-13f"/>
      </symbol>
      <symbol id="sm-1d2">
         <name>__mspabi_sral_6</name>
         <value>0xc7a0</value>
         <object_component_ref idref="oc-13f"/>
      </symbol>
      <symbol id="sm-1d3">
         <name>__mspabi_sral_7</name>
         <value>0xc79c</value>
         <object_component_ref idref="oc-13f"/>
      </symbol>
      <symbol id="sm-1d4">
         <name>__mspabi_sral_4</name>
         <value>0xc7a8</value>
         <object_component_ref idref="oc-13f"/>
      </symbol>
      <symbol id="sm-1d5">
         <name>__mspabi_sral_5</name>
         <value>0xc7a4</value>
         <object_component_ref idref="oc-13f"/>
      </symbol>
      <symbol id="sm-1d6">
         <name>__mspabi_sral_2</name>
         <value>0xc7b0</value>
         <object_component_ref idref="oc-13f"/>
      </symbol>
      <symbol id="sm-1d7">
         <name>__mspabi_sral_3</name>
         <value>0xc7ac</value>
         <object_component_ref idref="oc-13f"/>
      </symbol>
      <symbol id="sm-1d8">
         <name>__mspabi_sral_1</name>
         <value>0xc7b4</value>
         <object_component_ref idref="oc-13f"/>
      </symbol>
      <symbol id="sm-1e6">
         <name>_c_int00_noexit</name>
         <value>0xc9d2</value>
         <object_component_ref idref="oc-3a"/>
      </symbol>
      <symbol id="sm-1e7">
         <name>_c_int00</name>
         <value>0xc9d2</value>
         <object_component_ref idref="oc-3a"/>
      </symbol>
      <symbol id="sm-1e8">
         <name>_stack</name>
         <value>0x3b0</value>
         <object_component_ref idref="oc-4e"/>
      </symbol>
      <symbol id="sm-1e9">
         <name>_reset_vector</name>
         <value>0xfffe</value>
         <object_component_ref idref="oc-50"/>
      </symbol>
      <symbol id="sm-1fe">
         <name>__TI_decompress_none</name>
         <value>0xca54</value>
         <object_component_ref idref="oc-3f"/>
      </symbol>
      <symbol id="sm-21e">
         <name>__TI_decompress_rle24</name>
         <value>0xca9c</value>
         <object_component_ref idref="oc-49"/>
      </symbol>
      <symbol id="sm-235">
         <name>__TI_zero_init</name>
         <value>0xca18</value>
         <object_component_ref idref="oc-44"/>
      </symbol>
      <symbol id="sm-240">
         <name>__mspabi_remi</name>
         <value>0xc8c6</value>
         <object_component_ref idref="oc-1dc"/>
      </symbol>
      <symbol id="sm-241">
         <name>__mspabi_divi</name>
         <value>0xc8c6</value>
         <object_component_ref idref="oc-1dc"/>
      </symbol>
      <symbol id="sm-24a">
         <name>__mspabi_remu</name>
         <value>0xca02</value>
         <object_component_ref idref="oc-222"/>
      </symbol>
      <symbol id="sm-24b">
         <name>__mspabi_divu</name>
         <value>0xca02</value>
         <object_component_ref idref="oc-222"/>
      </symbol>
      <symbol id="sm-256">
         <name>__mspabi_remli</name>
         <value>0xc73c</value>
         <object_component_ref idref="oc-1ea"/>
      </symbol>
      <symbol id="sm-257">
         <name>__mspabi_divli</name>
         <value>0xc73c</value>
         <object_component_ref idref="oc-1ea"/>
      </symbol>
      <symbol id="sm-264">
         <name>__mspabi_remul</name>
         <value>0xc600</value>
         <object_component_ref idref="oc-229"/>
      </symbol>
      <symbol id="sm-265">
         <name>__mspabi_divul</name>
         <value>0xc600</value>
         <object_component_ref idref="oc-229"/>
      </symbol>
      <symbol id="sm-26d">
         <name>__mspabi_func_epilog_2</name>
         <value>0xca82</value>
         <object_component_ref idref="oc-114"/>
      </symbol>
      <symbol id="sm-26e">
         <name>__mspabi_func_epilog_3</name>
         <value>0xca80</value>
         <object_component_ref idref="oc-114"/>
      </symbol>
      <symbol id="sm-26f">
         <name>__mspabi_func_epilog_1</name>
         <value>0xca84</value>
         <object_component_ref idref="oc-114"/>
      </symbol>
      <symbol id="sm-270">
         <name>__mspabi_func_epilog_6</name>
         <value>0xca7a</value>
         <object_component_ref idref="oc-114"/>
      </symbol>
      <symbol id="sm-271">
         <name>__mspabi_func_epilog_7</name>
         <value>0xca78</value>
         <object_component_ref idref="oc-114"/>
      </symbol>
      <symbol id="sm-272">
         <name>__mspabi_func_epilog_4</name>
         <value>0xca7e</value>
         <object_component_ref idref="oc-114"/>
      </symbol>
      <symbol id="sm-273">
         <name>__mspabi_func_epilog_5</name>
         <value>0xca7c</value>
         <object_component_ref idref="oc-114"/>
      </symbol>
      <symbol id="sm-27c">
         <name>C$$EXIT</name>
         <value>0xcab2</value>
         <object_component_ref idref="oc-82"/>
      </symbol>
      <symbol id="sm-27d">
         <name>abort</name>
         <value>0xcab2</value>
         <object_component_ref idref="oc-82"/>
      </symbol>
      <symbol id="sm-280">
         <name>__TI_int05</name>
         <value>0xffea</value>
         <object_component_ref idref="oc-30"/>
      </symbol>
      <symbol id="sm-283">
         <name>__TI_int08</name>
         <value>0xfff0</value>
         <object_component_ref idref="oc-33"/>
      </symbol>
      <symbol id="sm-286">
         <name>__TI_int10</name>
         <value>0xfff4</value>
         <object_component_ref idref="oc-35"/>
      </symbol>
      <symbol id="sm-289">
         <name>__TI_int11</name>
         <value>0xfff6</value>
         <object_component_ref idref="oc-36"/>
      </symbol>
      <symbol id="sm-28c">
         <name>__TI_int12</name>
         <value>0xfff8</value>
         <object_component_ref idref="oc-37"/>
      </symbol>
      <symbol id="sm-28f">
         <name>__TI_int14</name>
         <value>0xfffc</value>
         <object_component_ref idref="oc-39"/>
      </symbol>
      <symbol id="sm-296">
         <name>__TI_ISR_TRAP</name>
         <value>0xca96</value>
         <object_component_ref idref="oc-5b"/>
      </symbol>
      <symbol id="sm-29d">
         <name>__mspabi_slli</name>
         <value>0xc8f2</value>
         <object_component_ref idref="oc-1e1"/>
      </symbol>
      <symbol id="sm-29e">
         <name>__mspabi_slli_9</name>
         <value>0xc90a</value>
         <object_component_ref idref="oc-1e1"/>
      </symbol>
      <symbol id="sm-29f">
         <name>__mspabi_slli_8</name>
         <value>0xc90c</value>
         <object_component_ref idref="oc-1e1"/>
      </symbol>
      <symbol id="sm-2a0">
         <name>__mspabi_slli_7</name>
         <value>0xc90e</value>
         <object_component_ref idref="oc-1e1"/>
      </symbol>
      <symbol id="sm-2a1">
         <name>__mspabi_slli_6</name>
         <value>0xc910</value>
         <object_component_ref idref="oc-1e1"/>
      </symbol>
      <symbol id="sm-2a2">
         <name>__mspabi_slli_5</name>
         <value>0xc912</value>
         <object_component_ref idref="oc-1e1"/>
      </symbol>
      <symbol id="sm-2a3">
         <name>__mspabi_slli_4</name>
         <value>0xc914</value>
         <object_component_ref idref="oc-1e1"/>
      </symbol>
      <symbol id="sm-2a4">
         <name>__mspabi_slli_3</name>
         <value>0xc916</value>
         <object_component_ref idref="oc-1e1"/>
      </symbol>
      <symbol id="sm-2a5">
         <name>__mspabi_slli_2</name>
         <value>0xc918</value>
         <object_component_ref idref="oc-1e1"/>
      </symbol>
      <symbol id="sm-2a6">
         <name>__mspabi_slli_1</name>
         <value>0xc91a</value>
         <object_component_ref idref="oc-1e1"/>
      </symbol>
      <symbol id="sm-2a7">
         <name>__mspabi_slli_15</name>
         <value>0xc8fe</value>
         <object_component_ref idref="oc-1e1"/>
      </symbol>
      <symbol id="sm-2a8">
         <name>__mspabi_slli_14</name>
         <value>0xc900</value>
         <object_component_ref idref="oc-1e1"/>
      </symbol>
      <symbol id="sm-2a9">
         <name>__mspabi_slli_13</name>
         <value>0xc902</value>
         <object_component_ref idref="oc-1e1"/>
      </symbol>
      <symbol id="sm-2aa">
         <name>__mspabi_slli_12</name>
         <value>0xc904</value>
         <object_component_ref idref="oc-1e1"/>
      </symbol>
      <symbol id="sm-2ab">
         <name>__mspabi_slli_11</name>
         <value>0xc906</value>
         <object_component_ref idref="oc-1e1"/>
      </symbol>
      <symbol id="sm-2ac">
         <name>__mspabi_slli_10</name>
         <value>0xc908</value>
         <object_component_ref idref="oc-1e1"/>
      </symbol>
      <symbol id="sm-2b3">
         <name>__mspabi_srli_8</name>
         <value>0xc6d6</value>
         <object_component_ref idref="oc-1fb"/>
      </symbol>
      <symbol id="sm-2b4">
         <name>__mspabi_srli_9</name>
         <value>0xc6d2</value>
         <object_component_ref idref="oc-1fb"/>
      </symbol>
      <symbol id="sm-2b5">
         <name>__mspabi_srli_6</name>
         <value>0xc6de</value>
         <object_component_ref idref="oc-1fb"/>
      </symbol>
      <symbol id="sm-2b6">
         <name>__mspabi_srli_7</name>
         <value>0xc6da</value>
         <object_component_ref idref="oc-1fb"/>
      </symbol>
      <symbol id="sm-2b7">
         <name>__mspabi_srli_4</name>
         <value>0xc6e6</value>
         <object_component_ref idref="oc-1fb"/>
      </symbol>
      <symbol id="sm-2b8">
         <name>__mspabi_srli_5</name>
         <value>0xc6e2</value>
         <object_component_ref idref="oc-1fb"/>
      </symbol>
      <symbol id="sm-2b9">
         <name>__mspabi_srli_2</name>
         <value>0xc6ee</value>
         <object_component_ref idref="oc-1fb"/>
      </symbol>
      <symbol id="sm-2ba">
         <name>__mspabi_srli_3</name>
         <value>0xc6ea</value>
         <object_component_ref idref="oc-1fb"/>
      </symbol>
      <symbol id="sm-2bb">
         <name>__mspabi_srli_1</name>
         <value>0xc6f2</value>
         <object_component_ref idref="oc-1fb"/>
      </symbol>
      <symbol id="sm-2bc">
         <name>__mspabi_srli</name>
         <value>0xc6ac</value>
         <object_component_ref idref="oc-1fb"/>
      </symbol>
      <symbol id="sm-2bd">
         <name>__mspabi_srli_15</name>
         <value>0xc6ba</value>
         <object_component_ref idref="oc-1fb"/>
      </symbol>
      <symbol id="sm-2be">
         <name>__mspabi_srli_14</name>
         <value>0xc6be</value>
         <object_component_ref idref="oc-1fb"/>
      </symbol>
      <symbol id="sm-2bf">
         <name>__mspabi_srli_13</name>
         <value>0xc6c2</value>
         <object_component_ref idref="oc-1fb"/>
      </symbol>
      <symbol id="sm-2c0">
         <name>__mspabi_srli_12</name>
         <value>0xc6c6</value>
         <object_component_ref idref="oc-1fb"/>
      </symbol>
      <symbol id="sm-2c1">
         <name>__mspabi_srli_11</name>
         <value>0xc6ca</value>
         <object_component_ref idref="oc-1fb"/>
      </symbol>
      <symbol id="sm-2c2">
         <name>__mspabi_srli_10</name>
         <value>0xc6ce</value>
         <object_component_ref idref="oc-1fb"/>
      </symbol>
      <symbol id="sm-2cf">
         <name>memcpy</name>
         <value>0xca66</value>
         <object_component_ref idref="oc-88"/>
      </symbol>
      <symbol id="sm-2d8">
         <name>__mspabi_mpyi</name>
         <value>0xca2c</value>
         <object_component_ref idref="oc-109"/>
      </symbol>
      <symbol id="sm-2e1">
         <name>__mspabi_mpyl</name>
         <value>0xc972</value>
         <object_component_ref idref="oc-1e6"/>
      </symbol>
      <symbol id="sm-2e9">
         <name>_system_pre_init</name>
         <value>0xcaae</value>
         <object_component_ref idref="oc-73"/>
      </symbol>
      <symbol id="sm-300">
         <name>_auto_init</name>
         <value>0xc544</value>
         <object_component_ref idref="oc-78"/>
      </symbol>
      <symbol id="sm-301">
         <name>__TI_exit</name>
         <value>0x1</value>
      </symbol>
      <symbol id="sm-302">
         <name>__TI_args_main</name>
         <value>0x1</value>
      </symbol>
      <symbol id="sm-303">
         <name>__TI_INITARRAY_Base</name>
         <value>0x0</value>
      </symbol>
      <symbol id="sm-304">
         <name>__TI_INITARRAY_Limit</name>
         <value>0x0</value>
      </symbol>
   </symbol_table>
   <title>Link successful</title>
</link_info>
