******************************************************************************
                  MSP430 Linker PC v4.2.1                      
******************************************************************************
>> Linked Mon Dec 14 10:04:04 2015

OUTPUT FILE NAME:   <MotoCraneController.out>
ENTRY POINT SYMBOL: "_c_int00"  address: 0000c87e


MEMORY CONFIGURATION

         name            origin    length      used     unused   attr    fill
----------------------  --------  ---------  --------  --------  ----  --------
  SFR                   00000000   00000010  00000000  00000010  RWIX
  PERIPHERALS_8BIT      00000010   000000f0  00000000  000000f0  RWIX
  PERIPHERALS_16BIT     00000100   00000100  00000000  00000100  RWIX
  RAM                   00000200   00000200  000000a9  00000157  RWIX
  INFOD                 00001000   00000040  00000000  00000040  RWIX
  INFOC                 00001040   00000040  00000000  00000040  RWIX
  INFOB                 00001080   00000040  00000000  00000040  RWIX
  INFOA                 000010c0   00000040  00000000  00000040  RWIX
  FLASH                 0000c000   00003fe0  0000097c  00003664  RWIX
  INT00                 0000ffe0   00000002  00000000  00000002  RWIX
  INT01                 0000ffe2   00000002  00000000  00000002  RWIX
  INT02                 0000ffe4   00000002  00000002  00000000  RWIX
  INT03                 0000ffe6   00000002  00000002  00000000  RWIX
  INT04                 0000ffe8   00000002  00000000  00000002  RWIX
  INT05                 0000ffea   00000002  00000002  00000000  RWIX
  INT06                 0000ffec   00000002  00000002  00000000  RWIX
  INT07                 0000ffee   00000002  00000002  00000000  RWIX
  INT08                 0000fff0   00000002  00000002  00000000  RWIX
  INT09                 0000fff2   00000002  00000002  00000000  RWIX
  INT10                 0000fff4   00000002  00000002  00000000  RWIX
  INT11                 0000fff6   00000002  00000002  00000000  RWIX
  INT12                 0000fff8   00000002  00000002  00000000  RWIX
  INT13                 0000fffa   00000002  00000002  00000000  RWIX
  INT14                 0000fffc   00000002  00000002  00000000  RWIX
  RESET                 0000fffe   00000002  00000002  00000000  RWIX


SECTION ALLOCATION MAP

 output                                  attributes/
section   page    origin      length       input sections
--------  ----  ----------  ----------   ----------------
.init_array 
*          0    0000c000    00000000     UNINITIALIZED

.bss       0    00000200    00000055     UNINITIALIZED
                  00000200    0000000c     (.common:TXSData)
                  0000020c    00000008     (.common:RXSData)
                  00000214    00000008     (.common:TXData)
                  0000021c    00000004     (.common:TXValue)
                  00000220    00000004     (.common:rotNumber)
                  00000224    00000002     (.common:RXAccel)
                  00000226    00000002     (.common:RXAddress)
                  00000228    00000002     (.common:RXAddressCheck)
                  0000022a    00000002     (.common:RXSByte)
                  0000022c    00000002     (.common:RXSCounter)
                  0000022e    00000002     (.common:RXSNum)
                  00000230    00000002     (.common:RXSpeed)
                  00000232    00000002     (.common:RXValue)
                  00000234    00000002     (.common:TXSByte)
                  00000236    00000002     (.common:TXSCounter)
                  00000238    00000002     (.common:adjustedSpeedVal)
                  0000023a    00000002     (.common:hasReceived)
                  0000023c    00000002     (.common:i)
                  0000023e    00000002     (.common:isReceiving)
                  00000240    00000002     (.common:isTransmitting)
                  00000242    00000002     (.common:j)
                  00000244    00000002     (.common:maxAccel)
                  00000246    00000002     (.common:motorCmdReady)
                  00000248    00000002     (.common:outgoSpeedVal)
                  0000024a    00000002     (.common:realSpeedVal)
                  0000024c    00000001     (.common:RBitCnt)
                  0000024d    00000001     (.common:RXNum)
                  0000024e    00000001     (.common:RXbyteCtr)
                  0000024f    00000001     (.common:TBitCnt)
                  00000250    00000001     (.common:TXbyteCtr)
                  00000251    00000001     (.common:oldState)
                  00000252    00000001     (.common:readState)
                  00000253    00000001     (.common:startReceiving)
                  00000254    00000001     (.common:transmitUARTflag)

.TI.noinit 
*          0    00000200    00000000     UNINITIALIZED

.data      0    00000256    00000004     UNINITIALIZED
                  00000256    00000004     MotoCraneController.obj (.data)

.TI.persistent 
*          0    00000256    00000000     UNINITIALIZED

.stack     0    000003b0    00000050     UNINITIALIZED
                  000003b0    00000002     rts430_eabi.lib : boot.obj (.stack)
                  000003b2    0000004e     --HOLE--

.text      0    0000c000    00000956     
                  0000c000    00000106     MotoCraneController.obj (.text:main)
                  0000c106    000000ca     MotoCraneController.obj (.text:Timer0_A0)
                  0000c1d0    000000ba     MotoCraneController.obj (.text:Timer1_A0)
                  0000c28a    000000b6     MotoCraneController.obj (.text:initializeMotor)
                  0000c340    0000007e     MotoCraneController.obj (.text:setMotorLimits)
                  0000c3be    0000007c     MotoCraneController.obj (.text:USCIAB0RX_ISR)
                  0000c43a    00000060     MotoCraneController.obj (.text:PORT1_ISR)
                  0000c49a    0000005e     rts430_eabi.lib : copy_decompress_rle.obj (.text:__TI_decompress_rle_core)
                  0000c4f8    0000005e                     : autoinit.obj (.text:_auto_init)
                  0000c556    0000005e     MotoCraneController.obj (.text:transmitCommUART)
                  0000c5b4    00000054     MotoCraneController.obj (.text:transmitSoftByte)
                  0000c608    0000004c     rts430_eabi.lib : lsr16.obj (.text)
                  0000c654    00000044     MotoCraneController.obj (.text:setMotorSpeed)
                  0000c698    0000003e     rts430_eabi.lib : asr32.obj (.text:l_asr_const)
                  0000c6d6    0000003a     MotoCraneController.obj (.text:Port_2)
                  0000c710    00000032     MotoCraneController.obj (.text:readVoltage)
                  0000c742    0000002c     rts430_eabi.lib : asr16.obj (.text)
                  0000c76e    0000002c                     : div16s.obj (.text)
                  0000c79a    0000002c                     : lsl16.obj (.text)
                  0000c7c6    0000002a     MotoCraneController.obj (.text:USCIA0TX_ISR)
                  0000c7f0    0000002a     MotoCraneController.obj (.text:calculateRealSpeed)
                  0000c81a    0000002a     MotoCraneController.obj (.text:transmitSoftUART)
                  0000c844    0000001e     MotoCraneController.obj (.text:enableMotor)
                  0000c862    0000001c     MotoCraneController.obj (.text:mapToDriverSpeed)
                  0000c87e    0000001a     rts430_eabi.lib : boot.obj (.text:_c_int00_noexit)
                  0000c898    00000016     MotoCraneController.obj (.text:delayMilliseconds)
                  0000c8ae    00000016     rts430_eabi.lib : div16u.obj (.text)
                  0000c8c4    00000014                     : copy_zero_init.obj (.text:decompress:ZI:__TI_zero_init)
                  0000c8d8    00000014                     : mult16.obj (.text)
                  0000c8ec    00000014     MotoCraneController.obj (.text:scaleSpeedByVoltage)
                  0000c900    00000012     rts430_eabi.lib : copy_decompress_none.obj (.text:decompress:none:__TI_decompress_none)
                  0000c912    00000012                     : memcpy.obj (.text:memcpy)
                  0000c924    00000010                     : epilog.obj (.text)
                  0000c934    0000000e     MotoCraneController.obj (.text:setAccel)
                  0000c942    00000006     rts430_eabi.lib : isr_trap.obj (.text:__TI_ISR_TRAP)
                  0000c948    00000006                     : copy_decompress_rle.obj (.text:decompress:rle24:__TI_decompress_rle24)
                  0000c94e    00000004                     : pre_init.obj (.text:_system_pre_init)
                  0000c952    00000004                     : exit.obj (.text:abort)

.const     0    0000c956    0000000c     
                  0000c956    0000000c     MotoCraneController.obj (.const)

.cinit     0    0000c962    0000001a     
                  0000c962    00000008     (.cinit..data.load) [load image]
                  0000c96a    00000006     (__TI_handler_table)
                  0000c970    00000004     (.cinit..bss.load) [load image, compression = zero_init]
                  0000c974    00000008     (__TI_cinit_table)

PORT1      0    0000ffe4    00000002     
                  0000ffe4    00000002     MotoCraneController.obj (.int02)

PORT2      0    0000ffe6    00000002     
                  0000ffe6    00000002     MotoCraneController.obj (.int03)

ADC10      0    0000ffea    00000002     
                  0000ffea    00000002     rts430_eabi.lib : int05.obj (.int05)

USCIAB0TX 
*          0    0000ffec    00000002     
                  0000ffec    00000002     MotoCraneController.obj (.int06)

USCIAB0RX 
*          0    0000ffee    00000002     
                  0000ffee    00000002     MotoCraneController.obj (.int07)

TIMER0_A1 
*          0    0000fff0    00000002     
                  0000fff0    00000002     rts430_eabi.lib : int08.obj (.int08)

TIMER0_A0 
*          0    0000fff2    00000002     
                  0000fff2    00000002     MotoCraneController.obj (.int09)

WDT        0    0000fff4    00000002     
                  0000fff4    00000002     rts430_eabi.lib : int10.obj (.int10)

COMPARATORA 
*          0    0000fff6    00000002     
                  0000fff6    00000002     rts430_eabi.lib : int11.obj (.int11)

TIMER1_A1 
*          0    0000fff8    00000002     
                  0000fff8    00000002     rts430_eabi.lib : int12.obj (.int12)

TIMER1_A0 
*          0    0000fffa    00000002     
                  0000fffa    00000002     MotoCraneController.obj (.int13)

NMI        0    0000fffc    00000002     
                  0000fffc    00000002     rts430_eabi.lib : int14.obj (.int14)

.reset     0    0000fffe    00000002     
                  0000fffe    00000002     rts430_eabi.lib : boot.obj (.reset)


LINKER GENERATED COPY TABLES

__TI_cinit_table @ 0000c974 records: 2, size/record: 4, table size: 8
	.data: load addr=0000c962, load size=00000008 bytes, run addr=00000256, run size=00000004 bytes, compression=copy
	.bss: load addr=0000c970, load size=00000004 bytes, run addr=00000200, run size=00000055 bytes, compression=zero_init


LINKER GENERATED HANDLER TABLE

__TI_handler_table @ 0000c96a records: 3, size/record: 2, table size: 6
	index: 0, handler: __TI_zero_init
	index: 1, handler: __TI_decompress_rle24
	index: 2, handler: __TI_decompress_none


GLOBAL SYMBOLS: SORTED ALPHABETICALLY BY Name 

address    name
--------   ----
0000004a   ADC10AE0
000001b0   ADC10CTL0
000001b2   ADC10CTL1
00000048   ADC10DTC0
00000049   ADC10DTC1
000001b4   ADC10MEM
000001bc   ADC10SA
00000057   BCSCTL1
00000058   BCSCTL2
00000053   BCSCTL3
0000c952   C$$EXIT
00000059   CACTL1
0000005a   CACTL2
000010fb   CALBC1_12MHZ
000010f9   CALBC1_16MHZ
000010ff   CALBC1_1MHZ
000010fd   CALBC1_8MHZ
000010fa   CALDCO_12MHZ
000010f8   CALDCO_16MHZ
000010fe   CALDCO_1MHZ
000010fc   CALDCO_8MHZ
0000005b   CAPD
0000c95e   CENTRAL_ADDRESS
00000056   DCOCTL
00000128   FCTL1
0000012a   FCTL2
0000012c   FCTL3
0000c958   HARDMAXACCEL
00000000   IE1
00000001   IE2
00000002   IFG1
00000003   IFG2
0000c95a   MAXACCELINIT
0000c956   MOTORVOLT
00000022   P1DIR
00000025   P1IE
00000024   P1IES
00000023   P1IFG
00000020   P1IN
00000021   P1OUT
00000027   P1REN
00000026   P1SEL
00000041   P1SEL2
0000002a   P2DIR
0000002d   P2IE
0000002c   P2IES
0000002b   P2IFG
00000028   P2IN
00000029   P2OUT
0000002f   P2REN
0000002e   P2SEL
00000042   P2SEL2
0000001a   P3DIR
00000018   P3IN
00000019   P3OUT
00000010   P3REN
0000001b   P3SEL
00000043   P3SEL2
0000c43a   PORT1_ISR
00000258   PTXData
0000c6d6   Port_2
0000024c   RBitCnt
0000c960   RSTDELAY
00000224   RXAccel
00000226   RXAddress
00000228   RXAddressCheck
0000024d   RXNum
0000022a   RXSByte
0000022c   RXSCounter
0000020c   RXSData
0000022e   RXSNum
00000230   RXSpeed
00000232   RXValue
0000024e   RXbyteCtr
0000c95c   SLAVEADDRESS
00000172   TA0CCR0
00000174   TA0CCR1
00000176   TA0CCR2
00000162   TA0CCTL0
00000164   TA0CCTL1
00000166   TA0CCTL2
00000160   TA0CTL
0000012e   TA0IV
00000170   TA0R
00000192   TA1CCR0
00000194   TA1CCR1
00000196   TA1CCR2
00000182   TA1CCTL0
00000184   TA1CCTL1
00000186   TA1CCTL2
00000180   TA1CTL
0000011e   TA1IV
00000190   TA1R
0000024f   TBitCnt
00000214   TXData
00000234   TXSByte
00000236   TXSCounter
00000200   TXSData
0000021c   TXValue
00000250   TXbyteCtr
0000c106   Timer0_A0
0000c1d0   Timer1_A0
0000005d   UCA0ABCTL
00000062   UCA0BR0
00000063   UCA0BR1
00000060   UCA0CTL0
00000061   UCA0CTL1
0000005f   UCA0IRRCTL
0000005e   UCA0IRTCTL
00000064   UCA0MCTL
00000066   UCA0RXBUF
00000065   UCA0STAT
00000067   UCA0TXBUF
0000006a   UCB0BR0
0000006b   UCB0BR1
00000068   UCB0CTL0
00000069   UCB0CTL1
0000006c   UCB0I2CIE
00000118   UCB0I2COA
0000011a   UCB0I2CSA
0000006e   UCB0RXBUF
0000006d   UCB0STAT
0000006f   UCB0TXBUF
0000c7c6   USCIA0TX_ISR
0000c3be   USCIAB0RX_ISR
00000120   WDTCTL
00000400   __STACK_END
00000050   __STACK_SIZE
0000c974   __TI_CINIT_Base
0000c97c   __TI_CINIT_Limit
0000c96a   __TI_Handler_Table_Base
0000c970   __TI_Handler_Table_Limit
UNDEFED    __TI_INITARRAY_Base
UNDEFED    __TI_INITARRAY_Limit
0000c942   __TI_ISR_TRAP
00000001   __TI_args_main
0000c900   __TI_decompress_none
0000c948   __TI_decompress_rle24
00000001   __TI_exit
0000ffe4   __TI_int02
0000ffe6   __TI_int03
0000ffea   __TI_int05
0000ffec   __TI_int06
0000ffee   __TI_int07
0000fff0   __TI_int08
0000fff2   __TI_int09
0000fff4   __TI_int10
0000fff6   __TI_int11
0000fff8   __TI_int12
0000fffa   __TI_int13
0000fffc   __TI_int14
0000c8c4   __TI_zero_init
ffffffff   __binit__
ffffffff   __c_args__
0000c76e   __mspabi_divi
0000c8ae   __mspabi_divu
0000c930   __mspabi_func_epilog_1
0000c92e   __mspabi_func_epilog_2
0000c92c   __mspabi_func_epilog_3
0000c92a   __mspabi_func_epilog_4
0000c928   __mspabi_func_epilog_5
0000c926   __mspabi_func_epilog_6
0000c924   __mspabi_func_epilog_7
0000c8d8   __mspabi_mpyi
0000c76e   __mspabi_remi
0000c8ae   __mspabi_remu
0000c79a   __mspabi_slli
0000c7c2   __mspabi_slli_1
0000c7b0   __mspabi_slli_10
0000c7ae   __mspabi_slli_11
0000c7ac   __mspabi_slli_12
0000c7aa   __mspabi_slli_13
0000c7a8   __mspabi_slli_14
0000c7a6   __mspabi_slli_15
0000c7c0   __mspabi_slli_2
0000c7be   __mspabi_slli_3
0000c7bc   __mspabi_slli_4
0000c7ba   __mspabi_slli_5
0000c7b8   __mspabi_slli_6
0000c7b6   __mspabi_slli_7
0000c7b4   __mspabi_slli_8
0000c7b2   __mspabi_slli_9
0000c742   __mspabi_srai
0000c76a   __mspabi_srai_1
0000c758   __mspabi_srai_10
0000c756   __mspabi_srai_11
0000c754   __mspabi_srai_12
0000c752   __mspabi_srai_13
0000c750   __mspabi_srai_14
0000c74e   __mspabi_srai_15
0000c768   __mspabi_srai_2
0000c766   __mspabi_srai_3
0000c764   __mspabi_srai_4
0000c762   __mspabi_srai_5
0000c760   __mspabi_srai_6
0000c75e   __mspabi_srai_7
0000c75c   __mspabi_srai_8
0000c75a   __mspabi_srai_9
0000c6d0   __mspabi_sral_1
0000c6ac   __mspabi_sral_10
0000c6a8   __mspabi_sral_11
0000c6a4   __mspabi_sral_12
0000c6a0   __mspabi_sral_13
0000c69c   __mspabi_sral_14
0000c698   __mspabi_sral_15
0000c6cc   __mspabi_sral_2
0000c6c8   __mspabi_sral_3
0000c6c4   __mspabi_sral_4
0000c6c0   __mspabi_sral_5
0000c6bc   __mspabi_sral_6
0000c6b8   __mspabi_sral_7
0000c6b4   __mspabi_sral_8
0000c6b0   __mspabi_sral_9
0000c608   __mspabi_srli
0000c64e   __mspabi_srli_1
0000c62a   __mspabi_srli_10
0000c626   __mspabi_srli_11
0000c622   __mspabi_srli_12
0000c61e   __mspabi_srli_13
0000c61a   __mspabi_srli_14
0000c616   __mspabi_srli_15
0000c64a   __mspabi_srli_2
0000c646   __mspabi_srli_3
0000c642   __mspabi_srli_4
0000c63e   __mspabi_srli_5
0000c63a   __mspabi_srli_6
0000c636   __mspabi_srli_7
0000c632   __mspabi_srli_8
0000c62e   __mspabi_srli_9
0000c4f8   _auto_init
0000c87e   _c_int00
0000c87e   _c_int00_noexit
0000fffe   _reset_vector
000003b0   _stack
0000c94e   _system_pre_init
0000c952   abort
00000238   adjustedSpeedVal
ffffffff   binit
0000c7f0   calculateRealSpeed
0000c898   delayMilliseconds
0000c844   enableMotor
0000023a   hasReceived
0000023c   i
0000c28a   initializeMotor
0000023e   isReceiving
00000240   isTransmitting
00000242   j
0000c000   main
0000c862   mapToDriverSpeed
00000244   maxAccel
0000c912   memcpy
00000246   motorCmdReady
00000251   oldState
00000248   outgoSpeedVal
00000252   readState
0000c710   readVoltage
0000024a   realSpeedVal
00000220   rotNumber
0000c8ec   scaleSpeedByVoltage
0000c934   setAccel
0000c340   setMotorLimits
0000c654   setMotorSpeed
00000253   startReceiving
0000c5b4   transmitSoftByte
0000c81a   transmitSoftUART
00000254   transmitUARTflag
00000256   voltage


GLOBAL SYMBOLS: SORTED BY Symbol Address 

address    name
--------   ----
00000000   IE1
00000001   IE2
00000001   __TI_args_main
00000001   __TI_exit
00000002   IFG1
00000003   IFG2
00000010   P3REN
00000018   P3IN
00000019   P3OUT
0000001a   P3DIR
0000001b   P3SEL
00000020   P1IN
00000021   P1OUT
00000022   P1DIR
00000023   P1IFG
00000024   P1IES
00000025   P1IE
00000026   P1SEL
00000027   P1REN
00000028   P2IN
00000029   P2OUT
0000002a   P2DIR
0000002b   P2IFG
0000002c   P2IES
0000002d   P2IE
0000002e   P2SEL
0000002f   P2REN
00000041   P1SEL2
00000042   P2SEL2
00000043   P3SEL2
00000048   ADC10DTC0
00000049   ADC10DTC1
0000004a   ADC10AE0
00000050   __STACK_SIZE
00000053   BCSCTL3
00000056   DCOCTL
00000057   BCSCTL1
00000058   BCSCTL2
00000059   CACTL1
0000005a   CACTL2
0000005b   CAPD
0000005d   UCA0ABCTL
0000005e   UCA0IRTCTL
0000005f   UCA0IRRCTL
00000060   UCA0CTL0
00000061   UCA0CTL1
00000062   UCA0BR0
00000063   UCA0BR1
00000064   UCA0MCTL
00000065   UCA0STAT
00000066   UCA0RXBUF
00000067   UCA0TXBUF
00000068   UCB0CTL0
00000069   UCB0CTL1
0000006a   UCB0BR0
0000006b   UCB0BR1
0000006c   UCB0I2CIE
0000006d   UCB0STAT
0000006e   UCB0RXBUF
0000006f   UCB0TXBUF
00000118   UCB0I2COA
0000011a   UCB0I2CSA
0000011e   TA1IV
00000120   WDTCTL
00000128   FCTL1
0000012a   FCTL2
0000012c   FCTL3
0000012e   TA0IV
00000160   TA0CTL
00000162   TA0CCTL0
00000164   TA0CCTL1
00000166   TA0CCTL2
00000170   TA0R
00000172   TA0CCR0
00000174   TA0CCR1
00000176   TA0CCR2
00000180   TA1CTL
00000182   TA1CCTL0
00000184   TA1CCTL1
00000186   TA1CCTL2
00000190   TA1R
00000192   TA1CCR0
00000194   TA1CCR1
00000196   TA1CCR2
000001b0   ADC10CTL0
000001b2   ADC10CTL1
000001b4   ADC10MEM
000001bc   ADC10SA
00000200   TXSData
0000020c   RXSData
00000214   TXData
0000021c   TXValue
00000220   rotNumber
00000224   RXAccel
00000226   RXAddress
00000228   RXAddressCheck
0000022a   RXSByte
0000022c   RXSCounter
0000022e   RXSNum
00000230   RXSpeed
00000232   RXValue
00000234   TXSByte
00000236   TXSCounter
00000238   adjustedSpeedVal
0000023a   hasReceived
0000023c   i
0000023e   isReceiving
00000240   isTransmitting
00000242   j
00000244   maxAccel
00000246   motorCmdReady
00000248   outgoSpeedVal
0000024a   realSpeedVal
0000024c   RBitCnt
0000024d   RXNum
0000024e   RXbyteCtr
0000024f   TBitCnt
00000250   TXbyteCtr
00000251   oldState
00000252   readState
00000253   startReceiving
00000254   transmitUARTflag
00000256   voltage
00000258   PTXData
000003b0   _stack
00000400   __STACK_END
000010f8   CALDCO_16MHZ
000010f9   CALBC1_16MHZ
000010fa   CALDCO_12MHZ
000010fb   CALBC1_12MHZ
000010fc   CALDCO_8MHZ
000010fd   CALBC1_8MHZ
000010fe   CALDCO_1MHZ
000010ff   CALBC1_1MHZ
0000c000   main
0000c106   Timer0_A0
0000c1d0   Timer1_A0
0000c28a   initializeMotor
0000c340   setMotorLimits
0000c3be   USCIAB0RX_ISR
0000c43a   PORT1_ISR
0000c4f8   _auto_init
0000c5b4   transmitSoftByte
0000c608   __mspabi_srli
0000c616   __mspabi_srli_15
0000c61a   __mspabi_srli_14
0000c61e   __mspabi_srli_13
0000c622   __mspabi_srli_12
0000c626   __mspabi_srli_11
0000c62a   __mspabi_srli_10
0000c62e   __mspabi_srli_9
0000c632   __mspabi_srli_8
0000c636   __mspabi_srli_7
0000c63a   __mspabi_srli_6
0000c63e   __mspabi_srli_5
0000c642   __mspabi_srli_4
0000c646   __mspabi_srli_3
0000c64a   __mspabi_srli_2
0000c64e   __mspabi_srli_1
0000c654   setMotorSpeed
0000c698   __mspabi_sral_15
0000c69c   __mspabi_sral_14
0000c6a0   __mspabi_sral_13
0000c6a4   __mspabi_sral_12
0000c6a8   __mspabi_sral_11
0000c6ac   __mspabi_sral_10
0000c6b0   __mspabi_sral_9
0000c6b4   __mspabi_sral_8
0000c6b8   __mspabi_sral_7
0000c6bc   __mspabi_sral_6
0000c6c0   __mspabi_sral_5
0000c6c4   __mspabi_sral_4
0000c6c8   __mspabi_sral_3
0000c6cc   __mspabi_sral_2
0000c6d0   __mspabi_sral_1
0000c6d6   Port_2
0000c710   readVoltage
0000c742   __mspabi_srai
0000c74e   __mspabi_srai_15
0000c750   __mspabi_srai_14
0000c752   __mspabi_srai_13
0000c754   __mspabi_srai_12
0000c756   __mspabi_srai_11
0000c758   __mspabi_srai_10
0000c75a   __mspabi_srai_9
0000c75c   __mspabi_srai_8
0000c75e   __mspabi_srai_7
0000c760   __mspabi_srai_6
0000c762   __mspabi_srai_5
0000c764   __mspabi_srai_4
0000c766   __mspabi_srai_3
0000c768   __mspabi_srai_2
0000c76a   __mspabi_srai_1
0000c76e   __mspabi_divi
0000c76e   __mspabi_remi
0000c79a   __mspabi_slli
0000c7a6   __mspabi_slli_15
0000c7a8   __mspabi_slli_14
0000c7aa   __mspabi_slli_13
0000c7ac   __mspabi_slli_12
0000c7ae   __mspabi_slli_11
0000c7b0   __mspabi_slli_10
0000c7b2   __mspabi_slli_9
0000c7b4   __mspabi_slli_8
0000c7b6   __mspabi_slli_7
0000c7b8   __mspabi_slli_6
0000c7ba   __mspabi_slli_5
0000c7bc   __mspabi_slli_4
0000c7be   __mspabi_slli_3
0000c7c0   __mspabi_slli_2
0000c7c2   __mspabi_slli_1
0000c7c6   USCIA0TX_ISR
0000c7f0   calculateRealSpeed
0000c81a   transmitSoftUART
0000c844   enableMotor
0000c862   mapToDriverSpeed
0000c87e   _c_int00
0000c87e   _c_int00_noexit
0000c898   delayMilliseconds
0000c8ae   __mspabi_divu
0000c8ae   __mspabi_remu
0000c8c4   __TI_zero_init
0000c8d8   __mspabi_mpyi
0000c8ec   scaleSpeedByVoltage
0000c900   __TI_decompress_none
0000c912   memcpy
0000c924   __mspabi_func_epilog_7
0000c926   __mspabi_func_epilog_6
0000c928   __mspabi_func_epilog_5
0000c92a   __mspabi_func_epilog_4
0000c92c   __mspabi_func_epilog_3
0000c92e   __mspabi_func_epilog_2
0000c930   __mspabi_func_epilog_1
0000c934   setAccel
0000c942   __TI_ISR_TRAP
0000c948   __TI_decompress_rle24
0000c94e   _system_pre_init
0000c952   C$$EXIT
0000c952   abort
0000c956   MOTORVOLT
0000c958   HARDMAXACCEL
0000c95a   MAXACCELINIT
0000c95c   SLAVEADDRESS
0000c95e   CENTRAL_ADDRESS
0000c960   RSTDELAY
0000c96a   __TI_Handler_Table_Base
0000c970   __TI_Handler_Table_Limit
0000c974   __TI_CINIT_Base
0000c97c   __TI_CINIT_Limit
0000ffe4   __TI_int02
0000ffe6   __TI_int03
0000ffea   __TI_int05
0000ffec   __TI_int06
0000ffee   __TI_int07
0000fff0   __TI_int08
0000fff2   __TI_int09
0000fff4   __TI_int10
0000fff6   __TI_int11
0000fff8   __TI_int12
0000fffa   __TI_int13
0000fffc   __TI_int14
0000fffe   _reset_vector
ffffffff   __binit__
ffffffff   __c_args__
ffffffff   binit
UNDEFED    __TI_INITARRAY_Base
UNDEFED    __TI_INITARRAY_Limit

[267 symbols]
