******************************************************************************
                  MSP430 Linker PC v4.2.1                      
******************************************************************************
>> Linked Tue Nov 29 12:19:11 2016

OUTPUT FILE NAME:   <MotoCraneLensControl.out>
ENTRY POINT SYMBOL: "_c_int00"  address: 0000c9d2


MEMORY CONFIGURATION

         name            origin    length      used     unused   attr    fill
----------------------  --------  ---------  --------  --------  ----  --------
  SFR                   00000000   00000010  00000000  00000010  RWIX
  PERIPHERALS_8BIT      00000010   000000f0  00000000  000000f0  RWIX
  PERIPHERALS_16BIT     00000100   00000100  00000000  00000100  RWIX
  RAM                   00000200   00000200  000000ab  00000155  RWIX
  INFOD                 00001000   00000040  00000000  00000040  RWIX
  INFOC                 00001040   00000040  00000000  00000040  RWIX
  INFOB                 00001080   00000040  00000000  00000040  RWIX
  INFOA                 000010c0   00000040  00000000  00000040  RWIX
  FLASH                 0000c000   00003fe0  00000adc  00003504  RWIX
  INT00                 0000ffe0   00000002  00000000  00000002  RWIX
  INT01                 0000ffe2   00000002  00000000  00000002  RWIX
  INT02                 0000ffe4   00000002  00000002  00000000  RWIX
  INT03                 0000ffe6   00000002  00000002  00000000  RWIX
  INT04                 0000ffe8   00000002  00000000  00000002  RWIX
  INT05                 0000ffea   00000002  00000002  00000000  RWIX
  INT06                 0000ffec   00000002  00000002  00000000  RWIX
  INT07                 0000ffee   00000002  00000002  00000000  RWIX
  INT08                 0000fff0   00000002  00000002  00000000  RWIX
  INT09                 0000fff2   00000002  00000002  00000000  RWIX
  INT10                 0000fff4   00000002  00000002  00000000  RWIX
  INT11                 0000fff6   00000002  00000002  00000000  RWIX
  INT12                 0000fff8   00000002  00000002  00000000  RWIX
  INT13                 0000fffa   00000002  00000002  00000000  RWIX
  INT14                 0000fffc   00000002  00000002  00000000  RWIX
  RESET                 0000fffe   00000002  00000002  00000000  RWIX


SECTION ALLOCATION MAP

 output                                  attributes/
section   page    origin      length       input sections
--------  ----  ----------  ----------   ----------------
.init_array 
*          0    0000c000    00000000     UNINITIALIZED

.bss       0    00000200    00000057     UNINITIALIZED
                  00000200    0000000c     (.common:TXSData)
                  0000020c    00000008     (.common:RXSData)
                  00000214    00000008     (.common:TXData)
                  0000021c    00000004     (.common:TXValue)
                  00000220    00000004     (.common:rotNumber)
                  00000224    00000002     (.common:RXAccel)
                  00000226    00000002     (.common:RXAddress)
                  00000228    00000002     (.common:RXAddressCheck)
                  0000022a    00000002     (.common:RXSByte)
                  0000022c    00000002     (.common:RXSCounter)
                  0000022e    00000002     (.common:RXSNum)
                  00000230    00000002     (.common:RXSpeed)
                  00000232    00000002     (.common:RXValue)
                  00000234    00000002     (.common:TXSByte)
                  00000236    00000002     (.common:TXSCounter)
                  00000238    00000002     (.common:adjustedSpeedVal)
                  0000023a    00000002     (.common:currentOutgoSpeed)
                  0000023c    00000002     (.common:hasReceived)
                  0000023e    00000002     (.common:i)
                  00000240    00000002     (.common:isReceiving)
                  00000242    00000002     (.common:isTransmitting)
                  00000244    00000002     (.common:j)
                  00000246    00000002     (.common:maxAccel)
                  00000248    00000002     (.common:motorCmdReady)
                  0000024a    00000002     (.common:outgoSpeedVal)
                  0000024c    00000002     (.common:trueOutgoSpeed)
                  0000024e    00000001     (.common:RBitCnt)
                  0000024f    00000001     (.common:RXNum)
                  00000250    00000001     (.common:RXbyteCtr)
                  00000251    00000001     (.common:TBitCnt)
                  00000252    00000001     (.common:TXbyteCtr)
                  00000253    00000001     (.common:oldState)
                  00000254    00000001     (.common:readState)
                  00000255    00000001     (.common:startReceiving)
                  00000256    00000001     (.common:transmitUARTflag)

.TI.noinit 
*          0    00000200    00000000     UNINITIALIZED

.data      0    00000258    00000004     UNINITIALIZED
                  00000258    00000004     MotoCraneController.obj (.data)

.TI.persistent 
*          0    00000258    00000000     UNINITIALIZED

.stack     0    000003b0    00000050     UNINITIALIZED
                  000003b0    00000002     rts430_eabi.lib : boot.obj (.stack)
                  000003b2    0000004e     --HOLE--

.text      0    0000c000    00000ab6     
                  0000c000    00000148     MotoCraneController.obj (.text:main)
                  0000c148    000000ca     MotoCraneController.obj (.text:Timer0_A0)
                  0000c212    000000c6     MotoCraneController.obj (.text:Timer1_A0)
                  0000c2d8    000000b4     MotoCraneController.obj (.text:initializeMotor)
                  0000c38c    0000007e     MotoCraneController.obj (.text:setMotorLimits)
                  0000c40a    0000007c     MotoCraneController.obj (.text:USCIAB0RX_ISR)
                  0000c486    00000060     MotoCraneController.obj (.text:PORT1_ISR)
                  0000c4e6    0000005e     rts430_eabi.lib : copy_decompress_rle.obj (.text:__TI_decompress_rle_core)
                  0000c544    0000005e                     : autoinit.obj (.text:_auto_init)
                  0000c5a2    0000005e     MotoCraneController.obj (.text:transmitCommUART)
                  0000c600    00000058     rts430_eabi.lib : div32u.obj (.text)
                  0000c658    00000054     MotoCraneController.obj (.text:transmitSoftByte)
                  0000c6ac    0000004c     rts430_eabi.lib : lsr16.obj (.text)
                  0000c6f8    00000044     MotoCraneController.obj (.text:setMotorSpeed)
                  0000c73c    00000040     rts430_eabi.lib : div32s.obj (.text)
                  0000c77c    0000003e                     : asr32.obj (.text:l_asr_const)
                  0000c7ba    0000003a     MotoCraneController.obj (.text:Port_2)
                  0000c7f4    0000003a     MotoCraneController.obj (.text:correctForDeadzone)
                  0000c82e    0000003a     MotoCraneController.obj (.text:readSpeed)
                  0000c868    00000032     MotoCraneController.obj (.text:readVoltage)
                  0000c89a    0000002c     rts430_eabi.lib : asr16.obj (.text)
                  0000c8c6    0000002c                     : div16s.obj (.text)
                  0000c8f2    0000002c                     : lsl16.obj (.text)
                  0000c91e    0000002a     MotoCraneController.obj (.text:USCIAB0TX_ISR)
                  0000c948    0000002a     MotoCraneController.obj (.text:transmitSoftUART)
                  0000c972    00000026     rts430_eabi.lib : mult32.obj (.text)
                  0000c998    0000001e     MotoCraneController.obj (.text:enableMotor)
                  0000c9b6    0000001c     MotoCraneController.obj (.text:mapToDriverSpeed)
                  0000c9d2    0000001a     rts430_eabi.lib : boot.obj (.text:_c_int00_noexit)
                  0000c9ec    00000016     MotoCraneController.obj (.text:delayMilliseconds)
                  0000ca02    00000016     rts430_eabi.lib : div16u.obj (.text)
                  0000ca18    00000014                     : copy_zero_init.obj (.text:decompress:ZI:__TI_zero_init)
                  0000ca2c    00000014                     : mult16.obj (.text)
                  0000ca40    00000014     MotoCraneController.obj (.text:scaleSpeedByVoltage)
                  0000ca54    00000012     rts430_eabi.lib : copy_decompress_none.obj (.text:decompress:none:__TI_decompress_none)
                  0000ca66    00000012                     : memcpy.obj (.text:memcpy)
                  0000ca78    00000010                     : epilog.obj (.text)
                  0000ca88    0000000e     MotoCraneController.obj (.text:setAccel)
                  0000ca96    00000006     rts430_eabi.lib : isr_trap.obj (.text:__TI_ISR_TRAP)
                  0000ca9c    00000006                     : copy_decompress_rle.obj (.text:decompress:rle24:__TI_decompress_rle24)
                  0000caa2    00000006     MotoCraneController.obj (.text:disengageBrake)
                  0000caa8    00000006     MotoCraneController.obj (.text:engageBrake)
                  0000caae    00000004     rts430_eabi.lib : pre_init.obj (.text:_system_pre_init)
                  0000cab2    00000004                     : exit.obj (.text:abort)

.const     0    0000cab6    0000000c     
                  0000cab6    0000000c     MotoCraneController.obj (.const)

.cinit     0    0000cac2    0000001a     
                  0000cac2    00000008     (.cinit..data.load) [load image]
                  0000caca    00000006     (__TI_handler_table)
                  0000cad0    00000004     (.cinit..bss.load) [load image, compression = zero_init]
                  0000cad4    00000008     (__TI_cinit_table)

PORT1      0    0000ffe4    00000002     
                  0000ffe4    00000002     MotoCraneController.obj (.int02)

PORT2      0    0000ffe6    00000002     
                  0000ffe6    00000002     MotoCraneController.obj (.int03)

ADC10      0    0000ffea    00000002     
                  0000ffea    00000002     rts430_eabi.lib : int05.obj (.int05)

USCIAB0TX 
*          0    0000ffec    00000002     
                  0000ffec    00000002     MotoCraneController.obj (.int06)

USCIAB0RX 
*          0    0000ffee    00000002     
                  0000ffee    00000002     MotoCraneController.obj (.int07)

TIMER0_A1 
*          0    0000fff0    00000002     
                  0000fff0    00000002     rts430_eabi.lib : int08.obj (.int08)

TIMER0_A0 
*          0    0000fff2    00000002     
                  0000fff2    00000002     MotoCraneController.obj (.int09)

WDT        0    0000fff4    00000002     
                  0000fff4    00000002     rts430_eabi.lib : int10.obj (.int10)

COMPARATORA 
*          0    0000fff6    00000002     
                  0000fff6    00000002     rts430_eabi.lib : int11.obj (.int11)

TIMER1_A1 
*          0    0000fff8    00000002     
                  0000fff8    00000002     rts430_eabi.lib : int12.obj (.int12)

TIMER1_A0 
*          0    0000fffa    00000002     
                  0000fffa    00000002     MotoCraneController.obj (.int13)

NMI        0    0000fffc    00000002     
                  0000fffc    00000002     rts430_eabi.lib : int14.obj (.int14)

.reset     0    0000fffe    00000002     
                  0000fffe    00000002     rts430_eabi.lib : boot.obj (.reset)


LINKER GENERATED COPY TABLES

__TI_cinit_table @ 0000cad4 records: 2, size/record: 4, table size: 8
	.data: load addr=0000cac2, load size=00000008 bytes, run addr=00000258, run size=00000004 bytes, compression=copy
	.bss: load addr=0000cad0, load size=00000004 bytes, run addr=00000200, run size=00000057 bytes, compression=zero_init


LINKER GENERATED HANDLER TABLE

__TI_handler_table @ 0000caca records: 3, size/record: 2, table size: 6
	index: 0, handler: __TI_zero_init
	index: 1, handler: __TI_decompress_rle24
	index: 2, handler: __TI_decompress_none


GLOBAL SYMBOLS: SORTED ALPHABETICALLY BY Name 

address    name
--------   ----
0000004a   ADC10AE0
000001b0   ADC10CTL0
000001b2   ADC10CTL1
00000048   ADC10DTC0
00000049   ADC10DTC1
000001b4   ADC10MEM
000001bc   ADC10SA
00000057   BCSCTL1
00000058   BCSCTL2
00000053   BCSCTL3
0000cab2   C$$EXIT
00000059   CACTL1
0000005a   CACTL2
000010fb   CALBC1_12MHZ
000010f9   CALBC1_16MHZ
000010ff   CALBC1_1MHZ
000010fd   CALBC1_8MHZ
000010fa   CALDCO_12MHZ
000010f8   CALDCO_16MHZ
000010fe   CALDCO_1MHZ
000010fc   CALDCO_8MHZ
0000005b   CAPD
0000cabe   CENTRAL_ADDRESS
00000056   DCOCTL
00000128   FCTL1
0000012a   FCTL2
0000012c   FCTL3
0000cab8   HARDMAXACCEL
00000000   IE1
00000001   IE2
00000002   IFG1
00000003   IFG2
0000caba   MAXACCELINIT
0000cab6   MOTORVOLT
00000022   P1DIR
00000025   P1IE
00000024   P1IES
00000023   P1IFG
00000020   P1IN
00000021   P1OUT
00000027   P1REN
00000026   P1SEL
00000041   P1SEL2
0000002a   P2DIR
0000002d   P2IE
0000002c   P2IES
0000002b   P2IFG
00000028   P2IN
00000029   P2OUT
0000002f   P2REN
0000002e   P2SEL
00000042   P2SEL2
0000001a   P3DIR
00000018   P3IN
00000019   P3OUT
00000010   P3REN
0000001b   P3SEL
00000043   P3SEL2
0000c486   PORT1_ISR
0000025a   PTXData
0000c7ba   Port_2
0000024e   RBitCnt
0000cac0   RSTDELAY
00000224   RXAccel
00000226   RXAddress
00000228   RXAddressCheck
0000024f   RXNum
0000022a   RXSByte
0000022c   RXSCounter
0000020c   RXSData
0000022e   RXSNum
00000230   RXSpeed
00000232   RXValue
00000250   RXbyteCtr
0000cabc   SLAVEADDRESS
00000172   TA0CCR0
00000174   TA0CCR1
00000176   TA0CCR2
00000162   TA0CCTL0
00000164   TA0CCTL1
00000166   TA0CCTL2
00000160   TA0CTL
0000012e   TA0IV
00000170   TA0R
00000192   TA1CCR0
00000194   TA1CCR1
00000196   TA1CCR2
00000182   TA1CCTL0
00000184   TA1CCTL1
00000186   TA1CCTL2
00000180   TA1CTL
0000011e   TA1IV
00000190   TA1R
00000251   TBitCnt
00000214   TXData
00000234   TXSByte
00000236   TXSCounter
00000200   TXSData
0000021c   TXValue
00000252   TXbyteCtr
0000c148   Timer0_A0
0000c212   Timer1_A0
0000005d   UCA0ABCTL
00000062   UCA0BR0
00000063   UCA0BR1
00000060   UCA0CTL0
00000061   UCA0CTL1
0000005f   UCA0IRRCTL
0000005e   UCA0IRTCTL
00000064   UCA0MCTL
00000066   UCA0RXBUF
00000065   UCA0STAT
00000067   UCA0TXBUF
0000006a   UCB0BR0
0000006b   UCB0BR1
00000068   UCB0CTL0
00000069   UCB0CTL1
0000006c   UCB0I2CIE
00000118   UCB0I2COA
0000011a   UCB0I2CSA
0000006e   UCB0RXBUF
0000006d   UCB0STAT
0000006f   UCB0TXBUF
0000c40a   USCIAB0RX_ISR
0000c91e   USCIAB0TX_ISR
00000120   WDTCTL
00000400   __STACK_END
00000050   __STACK_SIZE
0000cad4   __TI_CINIT_Base
0000cadc   __TI_CINIT_Limit
0000caca   __TI_Handler_Table_Base
0000cad0   __TI_Handler_Table_Limit
UNDEFED    __TI_INITARRAY_Base
UNDEFED    __TI_INITARRAY_Limit
0000ca96   __TI_ISR_TRAP
00000001   __TI_args_main
0000ca54   __TI_decompress_none
0000ca9c   __TI_decompress_rle24
00000001   __TI_exit
0000ffe4   __TI_int02
0000ffe6   __TI_int03
0000ffea   __TI_int05
0000ffec   __TI_int06
0000ffee   __TI_int07
0000fff0   __TI_int08
0000fff2   __TI_int09
0000fff4   __TI_int10
0000fff6   __TI_int11
0000fff8   __TI_int12
0000fffa   __TI_int13
0000fffc   __TI_int14
0000ca18   __TI_zero_init
ffffffff   __binit__
ffffffff   __c_args__
0000c8c6   __mspabi_divi
0000c73c   __mspabi_divli
0000ca02   __mspabi_divu
0000c600   __mspabi_divul
0000ca84   __mspabi_func_epilog_1
0000ca82   __mspabi_func_epilog_2
0000ca80   __mspabi_func_epilog_3
0000ca7e   __mspabi_func_epilog_4
0000ca7c   __mspabi_func_epilog_5
0000ca7a   __mspabi_func_epilog_6
0000ca78   __mspabi_func_epilog_7
0000ca2c   __mspabi_mpyi
0000c972   __mspabi_mpyl
0000c8c6   __mspabi_remi
0000c73c   __mspabi_remli
0000ca02   __mspabi_remu
0000c600   __mspabi_remul
0000c8f2   __mspabi_slli
0000c91a   __mspabi_slli_1
0000c908   __mspabi_slli_10
0000c906   __mspabi_slli_11
0000c904   __mspabi_slli_12
0000c902   __mspabi_slli_13
0000c900   __mspabi_slli_14
0000c8fe   __mspabi_slli_15
0000c918   __mspabi_slli_2
0000c916   __mspabi_slli_3
0000c914   __mspabi_slli_4
0000c912   __mspabi_slli_5
0000c910   __mspabi_slli_6
0000c90e   __mspabi_slli_7
0000c90c   __mspabi_slli_8
0000c90a   __mspabi_slli_9
0000c89a   __mspabi_srai
0000c8c2   __mspabi_srai_1
0000c8b0   __mspabi_srai_10
0000c8ae   __mspabi_srai_11
0000c8ac   __mspabi_srai_12
0000c8aa   __mspabi_srai_13
0000c8a8   __mspabi_srai_14
0000c8a6   __mspabi_srai_15
0000c8c0   __mspabi_srai_2
0000c8be   __mspabi_srai_3
0000c8bc   __mspabi_srai_4
0000c8ba   __mspabi_srai_5
0000c8b8   __mspabi_srai_6
0000c8b6   __mspabi_srai_7
0000c8b4   __mspabi_srai_8
0000c8b2   __mspabi_srai_9
0000c7b4   __mspabi_sral_1
0000c790   __mspabi_sral_10
0000c78c   __mspabi_sral_11
0000c788   __mspabi_sral_12
0000c784   __mspabi_sral_13
0000c780   __mspabi_sral_14
0000c77c   __mspabi_sral_15
0000c7b0   __mspabi_sral_2
0000c7ac   __mspabi_sral_3
0000c7a8   __mspabi_sral_4
0000c7a4   __mspabi_sral_5
0000c7a0   __mspabi_sral_6
0000c79c   __mspabi_sral_7
0000c798   __mspabi_sral_8
0000c794   __mspabi_sral_9
0000c6ac   __mspabi_srli
0000c6f2   __mspabi_srli_1
0000c6ce   __mspabi_srli_10
0000c6ca   __mspabi_srli_11
0000c6c6   __mspabi_srli_12
0000c6c2   __mspabi_srli_13
0000c6be   __mspabi_srli_14
0000c6ba   __mspabi_srli_15
0000c6ee   __mspabi_srli_2
0000c6ea   __mspabi_srli_3
0000c6e6   __mspabi_srli_4
0000c6e2   __mspabi_srli_5
0000c6de   __mspabi_srli_6
0000c6da   __mspabi_srli_7
0000c6d6   __mspabi_srli_8
0000c6d2   __mspabi_srli_9
0000c544   _auto_init
0000c9d2   _c_int00
0000c9d2   _c_int00_noexit
0000fffe   _reset_vector
000003b0   _stack
0000caae   _system_pre_init
0000cab2   abort
00000238   adjustedSpeedVal
ffffffff   binit
0000c7f4   correctForDeadzone
0000023a   currentOutgoSpeed
0000c9ec   delayMilliseconds
0000caa2   disengageBrake
0000c998   enableMotor
0000caa8   engageBrake
0000023c   hasReceived
0000023e   i
0000c2d8   initializeMotor
00000240   isReceiving
00000242   isTransmitting
00000244   j
0000c000   main
0000c9b6   mapToDriverSpeed
00000246   maxAccel
0000ca66   memcpy
00000248   motorCmdReady
00000253   oldState
0000024a   outgoSpeedVal
0000c82e   readSpeed
00000254   readState
0000c868   readVoltage
00000220   rotNumber
0000ca40   scaleSpeedByVoltage
0000ca88   setAccel
0000c38c   setMotorLimits
0000c6f8   setMotorSpeed
00000255   startReceiving
0000c658   transmitSoftByte
0000c948   transmitSoftUART
00000256   transmitUARTflag
0000024c   trueOutgoSpeed
00000258   voltage


GLOBAL SYMBOLS: SORTED BY Symbol Address 

address    name
--------   ----
00000000   IE1
00000001   IE2
00000001   __TI_args_main
00000001   __TI_exit
00000002   IFG1
00000003   IFG2
00000010   P3REN
00000018   P3IN
00000019   P3OUT
0000001a   P3DIR
0000001b   P3SEL
00000020   P1IN
00000021   P1OUT
00000022   P1DIR
00000023   P1IFG
00000024   P1IES
00000025   P1IE
00000026   P1SEL
00000027   P1REN
00000028   P2IN
00000029   P2OUT
0000002a   P2DIR
0000002b   P2IFG
0000002c   P2IES
0000002d   P2IE
0000002e   P2SEL
0000002f   P2REN
00000041   P1SEL2
00000042   P2SEL2
00000043   P3SEL2
00000048   ADC10DTC0
00000049   ADC10DTC1
0000004a   ADC10AE0
00000050   __STACK_SIZE
00000053   BCSCTL3
00000056   DCOCTL
00000057   BCSCTL1
00000058   BCSCTL2
00000059   CACTL1
0000005a   CACTL2
0000005b   CAPD
0000005d   UCA0ABCTL
0000005e   UCA0IRTCTL
0000005f   UCA0IRRCTL
00000060   UCA0CTL0
00000061   UCA0CTL1
00000062   UCA0BR0
00000063   UCA0BR1
00000064   UCA0MCTL
00000065   UCA0STAT
00000066   UCA0RXBUF
00000067   UCA0TXBUF
00000068   UCB0CTL0
00000069   UCB0CTL1
0000006a   UCB0BR0
0000006b   UCB0BR1
0000006c   UCB0I2CIE
0000006d   UCB0STAT
0000006e   UCB0RXBUF
0000006f   UCB0TXBUF
00000118   UCB0I2COA
0000011a   UCB0I2CSA
0000011e   TA1IV
00000120   WDTCTL
00000128   FCTL1
0000012a   FCTL2
0000012c   FCTL3
0000012e   TA0IV
00000160   TA0CTL
00000162   TA0CCTL0
00000164   TA0CCTL1
00000166   TA0CCTL2
00000170   TA0R
00000172   TA0CCR0
00000174   TA0CCR1
00000176   TA0CCR2
00000180   TA1CTL
00000182   TA1CCTL0
00000184   TA1CCTL1
00000186   TA1CCTL2
00000190   TA1R
00000192   TA1CCR0
00000194   TA1CCR1
00000196   TA1CCR2
000001b0   ADC10CTL0
000001b2   ADC10CTL1
000001b4   ADC10MEM
000001bc   ADC10SA
00000200   TXSData
0000020c   RXSData
00000214   TXData
0000021c   TXValue
00000220   rotNumber
00000224   RXAccel
00000226   RXAddress
00000228   RXAddressCheck
0000022a   RXSByte
0000022c   RXSCounter
0000022e   RXSNum
00000230   RXSpeed
00000232   RXValue
00000234   TXSByte
00000236   TXSCounter
00000238   adjustedSpeedVal
0000023a   currentOutgoSpeed
0000023c   hasReceived
0000023e   i
00000240   isReceiving
00000242   isTransmitting
00000244   j
00000246   maxAccel
00000248   motorCmdReady
0000024a   outgoSpeedVal
0000024c   trueOutgoSpeed
0000024e   RBitCnt
0000024f   RXNum
00000250   RXbyteCtr
00000251   TBitCnt
00000252   TXbyteCtr
00000253   oldState
00000254   readState
00000255   startReceiving
00000256   transmitUARTflag
00000258   voltage
0000025a   PTXData
000003b0   _stack
00000400   __STACK_END
000010f8   CALDCO_16MHZ
000010f9   CALBC1_16MHZ
000010fa   CALDCO_12MHZ
000010fb   CALBC1_12MHZ
000010fc   CALDCO_8MHZ
000010fd   CALBC1_8MHZ
000010fe   CALDCO_1MHZ
000010ff   CALBC1_1MHZ
0000c000   main
0000c148   Timer0_A0
0000c212   Timer1_A0
0000c2d8   initializeMotor
0000c38c   setMotorLimits
0000c40a   USCIAB0RX_ISR
0000c486   PORT1_ISR
0000c544   _auto_init
0000c600   __mspabi_divul
0000c600   __mspabi_remul
0000c658   transmitSoftByte
0000c6ac   __mspabi_srli
0000c6ba   __mspabi_srli_15
0000c6be   __mspabi_srli_14
0000c6c2   __mspabi_srli_13
0000c6c6   __mspabi_srli_12
0000c6ca   __mspabi_srli_11
0000c6ce   __mspabi_srli_10
0000c6d2   __mspabi_srli_9
0000c6d6   __mspabi_srli_8
0000c6da   __mspabi_srli_7
0000c6de   __mspabi_srli_6
0000c6e2   __mspabi_srli_5
0000c6e6   __mspabi_srli_4
0000c6ea   __mspabi_srli_3
0000c6ee   __mspabi_srli_2
0000c6f2   __mspabi_srli_1
0000c6f8   setMotorSpeed
0000c73c   __mspabi_divli
0000c73c   __mspabi_remli
0000c77c   __mspabi_sral_15
0000c780   __mspabi_sral_14
0000c784   __mspabi_sral_13
0000c788   __mspabi_sral_12
0000c78c   __mspabi_sral_11
0000c790   __mspabi_sral_10
0000c794   __mspabi_sral_9
0000c798   __mspabi_sral_8
0000c79c   __mspabi_sral_7
0000c7a0   __mspabi_sral_6
0000c7a4   __mspabi_sral_5
0000c7a8   __mspabi_sral_4
0000c7ac   __mspabi_sral_3
0000c7b0   __mspabi_sral_2
0000c7b4   __mspabi_sral_1
0000c7ba   Port_2
0000c7f4   correctForDeadzone
0000c82e   readSpeed
0000c868   readVoltage
0000c89a   __mspabi_srai
0000c8a6   __mspabi_srai_15
0000c8a8   __mspabi_srai_14
0000c8aa   __mspabi_srai_13
0000c8ac   __mspabi_srai_12
0000c8ae   __mspabi_srai_11
0000c8b0   __mspabi_srai_10
0000c8b2   __mspabi_srai_9
0000c8b4   __mspabi_srai_8
0000c8b6   __mspabi_srai_7
0000c8b8   __mspabi_srai_6
0000c8ba   __mspabi_srai_5
0000c8bc   __mspabi_srai_4
0000c8be   __mspabi_srai_3
0000c8c0   __mspabi_srai_2
0000c8c2   __mspabi_srai_1
0000c8c6   __mspabi_divi
0000c8c6   __mspabi_remi
0000c8f2   __mspabi_slli
0000c8fe   __mspabi_slli_15
0000c900   __mspabi_slli_14
0000c902   __mspabi_slli_13
0000c904   __mspabi_slli_12
0000c906   __mspabi_slli_11
0000c908   __mspabi_slli_10
0000c90a   __mspabi_slli_9
0000c90c   __mspabi_slli_8
0000c90e   __mspabi_slli_7
0000c910   __mspabi_slli_6
0000c912   __mspabi_slli_5
0000c914   __mspabi_slli_4
0000c916   __mspabi_slli_3
0000c918   __mspabi_slli_2
0000c91a   __mspabi_slli_1
0000c91e   USCIAB0TX_ISR
0000c948   transmitSoftUART
0000c972   __mspabi_mpyl
0000c998   enableMotor
0000c9b6   mapToDriverSpeed
0000c9d2   _c_int00
0000c9d2   _c_int00_noexit
0000c9ec   delayMilliseconds
0000ca02   __mspabi_divu
0000ca02   __mspabi_remu
0000ca18   __TI_zero_init
0000ca2c   __mspabi_mpyi
0000ca40   scaleSpeedByVoltage
0000ca54   __TI_decompress_none
0000ca66   memcpy
0000ca78   __mspabi_func_epilog_7
0000ca7a   __mspabi_func_epilog_6
0000ca7c   __mspabi_func_epilog_5
0000ca7e   __mspabi_func_epilog_4
0000ca80   __mspabi_func_epilog_3
0000ca82   __mspabi_func_epilog_2
0000ca84   __mspabi_func_epilog_1
0000ca88   setAccel
0000ca96   __TI_ISR_TRAP
0000ca9c   __TI_decompress_rle24
0000caa2   disengageBrake
0000caa8   engageBrake
0000caae   _system_pre_init
0000cab2   C$$EXIT
0000cab2   abort
0000cab6   MOTORVOLT
0000cab8   HARDMAXACCEL
0000caba   MAXACCELINIT
0000cabc   SLAVEADDRESS
0000cabe   CENTRAL_ADDRESS
0000cac0   RSTDELAY
0000caca   __TI_Handler_Table_Base
0000cad0   __TI_Handler_Table_Limit
0000cad4   __TI_CINIT_Base
0000cadc   __TI_CINIT_Limit
0000ffe4   __TI_int02
0000ffe6   __TI_int03
0000ffea   __TI_int05
0000ffec   __TI_int06
0000ffee   __TI_int07
0000fff0   __TI_int08
0000fff2   __TI_int09
0000fff4   __TI_int10
0000fff6   __TI_int11
0000fff8   __TI_int12
0000fffa   __TI_int13
0000fffc   __TI_int14
0000fffe   _reset_vector
ffffffff   __binit__
ffffffff   __c_args__
ffffffff   binit
UNDEFED    __TI_INITARRAY_Base
UNDEFED    __TI_INITARRAY_Limit

[276 symbols]
